[2026-10-02T08:58:25.093+0000][0.004s][2796] CardTable entry size: 512
[2026-10-02T08:58:25.093+0000][0.004s][2796] Using Parallel
[2026-10-02T08:58:25.174+0000][0.085s][2796] Version: 25.0.4.1+1-LTS (release)
[2026-10-02T08:58:25.174+0000][0.085s][2796] CPUs: 4 total, 4 available
[2026-10-02T08:58:25.174+0000][0.085s][2796] Memory: 15989M
[2026-10-02T08:58:25.174+0000][0.085s][2796] Large Page Support: Disabled
[2026-10-02T08:58:25.174+0000][0.085s][2796] NUMA Support: Disabled
[2026-10-02T08:58:25.174+0000][0.085s][2796] Compressed Oops: Enabled (Zero based)
[2026-10-02T08:58:25.174+0000][0.085s][2796] Alignments: Space 512K, Generation 512K, Heap 2M
[2026-10-02T08:58:25.174+0000][0.085s][2796] Heap Min Capacity: 8M
[2026-10-02T08:58:25.174+0000][0.085s][2796] Heap Initial Capacity: 250M
[2026-10-02T08:58:25.174+0000][0.085s][2796] Heap Max Capacity: 5G
[2026-10-02T08:58:25.174+0000][0.085s][2796] Pre-touch: Disabled
[2026-10-02T08:58:25.174+0000][0.085s][2796] Parallel Workers: 4
[2026-10-02T08:58:27.062+0000][1.973s][2796] GC(0) Pause Full (Diagnostic Command) 36M->7M(240M) 31.090ms
[2026-10-02T08:58:29.025+0000][3.936s][2796] GC(1) Pause Full (Metadata GC Threshold) 63M->12M(240M) 30.536ms
[2026-10-02T08:58:30.318+0000][5.229s][2796] GC(2) Pause Full (Metadata GC Threshold) 73M->22M(240M) 54.086ms
[2026-10-02T08:58:31.154+0000][6.065s][2796] GC(3) Pause Young (Allocation Failure) 85M->32M(240M) 15.914ms
[2026-10-02T08:58:32.121+0000][7.032s][2796] GC(4) Pause Young (Allocation Failure) 95M->44M(240M) 47.213ms
[2026-10-02T08:58:33.209+0000][8.120s][2796] GC(5) Pause Full (Diagnostic Command) 104M->54M(240M) 166.718ms
[2026-10-02T08:58:34.506+0000][9.417s][2796] GC(6) Pause Young (Allocation Failure) 117M->67M(240M) 21.614ms
[2026-10-02T08:58:36.160+0000][11.071s][2796] GC(7) Pause Young (Allocation Failure) 130M->78M(303M) 24.818ms
[2026-10-02T08:58:37.166+0000][12.077s][2796] GC(8) Pause Young (Allocation Failure) 204M->107M(303M) 30.555ms
[2026-10-02T08:58:38.665+0000][13.576s][2796] GC(9) Pause Young (Allocation Failure) 233M->122M(458M) 24.464ms
[2026-10-02T08:58:39.636+0000][14.547s][2796] GC(10) Pause Full (Diagnostic Command) 202M->27M(458M) 77.571ms
[2026-10-02T08:58:40.673+0000][15.584s][2796] GC(11) Pause Young (Allocation Failure) 279M->99M(458M) 44.129ms
[2026-10-02T08:58:42.656+0000][17.567s][2796] GC(12) Pause Young (Allocation Failure) 351M->134M(717M) 73.581ms
[2026-10-02T08:58:46.340+0000][21.251s][2796] GC(13) Pause Full (Diagnostic Command) 515M->84M(717M) 298.069ms
[2026-10-02T08:58:48.190+0000][23.101s][2796] GC(14) Pause Young (Allocation Failure) 572M->134M(733M) 130.755ms
[2026-10-02T08:58:51.241+0000][26.152s][2796] GC(15) Pause Young (Allocation Failure) 622M->219M(995M) 103.781ms
[2026-10-02T08:58:52.994+0000][27.905s][2796] GC(16) Pause Full (Diagnostic Command) 648M->242M(995M) 523.238ms
[2026-10-02T08:58:55.312+0000][30.223s][2796] GC(17) Pause Young (Allocation Failure) 990M->330M(1079M) 133.910ms
[2026-10-02T08:58:59.673+0000][34.584s][2796] GC(18) Pause Full (Diagnostic Command) 928M->328M(1079M) 430.574ms
[2026-10-02T08:59:04.436+0000][39.347s][2796] GC(19) Pause Young (Allocation Failure) 965M->416M(1571M) 158.881ms
[2026-10-02T08:59:05.975+0000][40.886s][2796] GC(20) Pause Full (Diagnostic Command) 533M->426M(1571M) 505.657ms
[2026-10-02T08:59:12.960+0000][47.871s][2796] GC(21) Pause Full (Diagnostic Command) 1227M->394M(1571M) 922.856ms
[2026-10-02T08:59:19.044+0000][53.955s][2796] GC(22) Pause Full (Diagnostic Command) 1029M->536M(1571M) 643.670ms
[2026-10-02T08:59:24.589+0000][59.500s][2796] GC(23) Pause Young (Allocation Failure) 1421M->483M(1638M) 455.692ms
[2026-10-02T08:59:25.404+0000][60.315s][2796] GC(24) Pause Full (Diagnostic Command) 497M->103M(1638M) 395.820ms
[2026-10-02T08:59:31.699+0000][66.610s][2796] GC(25) Pause Full (Diagnostic Command) 492M->116M(1638M) 400.544ms
[2026-10-02T08:59:39.077+0000][73.988s][2796] GC(26) Pause Full (Diagnostic Command) 1006M->211M(1638M) 730.585ms
[2026-10-02T08:59:45.421+0000][80.332s][2796] GC(27) Pause Full (Diagnostic Command) 1115M->166M(1638M) 500.153ms
[2026-10-02T08:59:52.003+0000][86.914s][2796] GC(28) Pause Full (Diagnostic Command) 788M->126M(1638M) 486.415ms
[2026-10-02T08:59:58.574+0000][93.485s][2796] GC(29) Pause Full (Diagnostic Command) 366M->49M(1638M) 458.075ms
[2026-10-02T09:00:05.560+0000][100.471s][2796] GC(30) Pause Full (Diagnostic Command) 629M->161M(1638M) 601.036ms
[2026-10-02T09:00:12.306+0000][107.217s][2796] GC(31) Pause Full (Diagnostic Command) 438M->37M(1638M) 613.975ms
[2026-10-02T09:00:18.850+0000][113.761s][2796] GC(32) Pause Full (Diagnostic Command) 46M->37M(1638M) 512.030ms
[2026-10-02T09:00:25.523+0000][120.434s][2796] GC(33) Pause Full (Diagnostic Command) 37M->37M(1638M) 548.726ms
[2026-10-02T09:00:32.293+0000][127.204s][2796] GC(34) Pause Full (Diagnostic Command) 117M->56M(1638M) 516.650ms
[2026-10-02T09:00:38.770+0000][133.681s][2796] GC(35) Pause Full (Diagnostic Command) 651M->184M(1638M) 580.392ms
[2026-10-02T09:00:45.706+0000][140.617s][2796] GC(36) Pause Full (Diagnostic Command) 649M->133M(1638M) 889.866ms
[2026-10-02T09:00:52.231+0000][147.142s][2796] GC(37) Pause Full (Diagnostic Command) 474M->153M(1638M) 710.622ms
[2026-10-02T09:00:59.058+0000][153.969s][2796] GC(38) Pause Full (Diagnostic Command) 615M->92M(1638M) 662.418ms
[2026-10-02T09:01:05.290+0000][160.201s][2796] GC(39) Pause Full (Diagnostic Command) 441M->130M(1638M) 533.361ms
[2026-10-02T09:01:11.935+0000][166.846s][2796] GC(40) Pause Full (Diagnostic Command) 409M->144M(1638M) 567.876ms
[2026-10-02T09:01:18.581+0000][173.492s][2796] GC(41) Pause Full (Diagnostic Command) 860M->48M(1638M) 689.630ms
[2026-10-02T09:01:24.953+0000][179.864s][2796] GC(42) Pause Full (Diagnostic Command) 52M->48M(1638M) 360.432ms
[2026-10-02T09:01:32.047+0000][186.958s][2796] GC(43) Pause Full (Diagnostic Command) 59M->48M(1638M) 831.102ms
[2026-10-02T09:01:38.321+0000][193.232s][2796] GC(44) Pause Full (Diagnostic Command) 48M->48M(1638M) 544.713ms
[2026-10-02T09:01:44.799+0000][199.710s][2796] GC(45) Pause Full (Diagnostic Command) 48M->48M(1638M) 533.128ms
[2026-10-02T09:01:51.103+0000][206.014s][2796] GC(46) Pause Full (Diagnostic Command) 64M->48M(1638M) 372.997ms
[2026-10-02T09:01:57.473+0000][212.384s][2796] GC(47) Pause Full (Diagnostic Command) 48M->48M(1638M) 418.157ms
[2026-10-02T09:02:04.090+0000][219.001s][2796] GC(48) Pause Full (Diagnostic Command) 48M->48M(1638M) 367.972ms
[2026-10-02T09:02:10.457+0000][225.368s][2796] GC(49) Pause Full (Diagnostic Command) 57M->48M(1638M) 277.828ms
[2026-10-02T09:02:16.866+0000][231.777s][2796] GC(50) Pause Full (Diagnostic Command) 50M->47M(1638M) 304.284ms
[2026-10-02T09:02:23.462+0000][238.373s][2796] GC(51) Pause Full (Diagnostic Command) 47M->47M(1638M) 517.925ms
[2026-10-02T09:02:29.873+0000][244.784s][2796] GC(52) Pause Full (Diagnostic Command) 68M->47M(1638M) 368.180ms
[2026-10-02T09:02:36.258+0000][251.169s][2796] GC(53) Pause Full (Diagnostic Command) 47M->47M(1638M) 360.844ms
[2026-10-02T09:02:42.624+0000][257.535s][2796] GC(54) Pause Full (Diagnostic Command) 47M->47M(1638M) 424.692ms
[2026-10-02T09:02:48.922+0000][263.833s][2796] GC(55) Pause Full (Diagnostic Command) 47M->47M(1638M) 315.151ms
[2026-10-02T09:02:55.286+0000][270.197s][2796] GC(56) Pause Full (Diagnostic Command) 47M->47M(1638M) 418.196ms
[2026-10-02T09:03:01.546+0000][276.457s][2796] GC(57) Pause Full (Diagnostic Command) 47M->47M(1638M) 342.131ms
[2026-10-02T09:03:07.893+0000][282.804s][2796] GC(58) Pause Full (Diagnostic Command) 47M->47M(1638M) 266.388ms
[2026-10-02T09:03:14.262+0000][289.173s][2796] GC(59) Pause Full (Diagnostic Command) 47M->47M(1638M) 372.101ms
[2026-10-02T09:03:20.874+0000][295.785s][2796] GC(60) Pause Full (Diagnostic Command) 47M->47M(1638M) 332.606ms
[2026-10-02T09:03:26.790+0000][301.701s][2796] GC(61) Pause Full (Diagnostic Command) 56M->46M(1638M) 256.473ms
