[2026-10-02T08:59:45.904+0000][0.008s][4278] CardTable entry size: 512
[2026-10-02T08:59:45.904+0000][0.008s][4278] Using Parallel
[2026-10-02T08:59:45.907+0000][0.011s][4278] Version: 25.0.4.1+1-LTS (release)
[2026-10-02T08:59:45.907+0000][0.011s][4278] CPUs: 4 total, 4 available
[2026-10-02T08:59:45.907+0000][0.011s][4278] Memory: 15989M
[2026-10-02T08:59:45.907+0000][0.011s][4278] Large Page Support: Disabled
[2026-10-02T08:59:45.907+0000][0.011s][4278] NUMA Support: Disabled
[2026-10-02T08:59:45.907+0000][0.011s][4278] Compressed Oops: Enabled (Zero based)
[2026-10-02T08:59:45.907+0000][0.011s][4278] Alignments: Space 512K, Generation 512K, Heap 2M
[2026-10-02T08:59:45.907+0000][0.011s][4278] Heap Min Capacity: 8M
[2026-10-02T08:59:45.907+0000][0.011s][4278] Heap Initial Capacity: 250M
[2026-10-02T08:59:45.907+0000][0.011s][4278] Heap Max Capacity: 5G
[2026-10-02T08:59:45.907+0000][0.011s][4278] Pre-touch: Disabled
[2026-10-02T08:59:45.908+0000][0.011s][4278] Parallel Workers: 4
[2026-10-02T08:59:48.238+0000][2.342s][4278] GC(0) Pause Young (Allocation Failure) 64M->10M(240M) 18.646ms
[2026-10-02T08:59:49.092+0000][3.196s][4278] GC(1) Pause Full (Metadata GC Threshold) 33M->12M(240M) 62.168ms
[2026-10-02T08:59:50.572+0000][4.676s][4278] GC(2) Pause Young (Allocation Failure) 75M->17M(240M) 15.207ms
[2026-10-02T08:59:50.741+0000][4.845s][4278] GC(3) Pause Full (Metadata GC Threshold) 23M->17M(240M) 54.496ms
[2026-10-02T08:59:51.654+0000][5.758s][4278] GC(4) Pause Full (Diagnostic Command) 35M->18M(240M) 40.221ms
[2026-10-02T08:59:53.214+0000][7.318s][4278] GC(5) Pause Young (Allocation Failure) 81M->31M(240M) 35.444ms
[2026-10-02T08:59:53.883+0000][7.987s][4278] GC(6) Pause Young (Allocation Failure) 94M->50M(240M) 54.245ms
[2026-10-02T08:59:54.763+0000][8.867s][4278] GC(7) Pause Young (Allocation Failure) 113M->67M(240M) 48.954ms
[2026-10-02T08:59:56.353+0000][10.457s][4278] GC(8) Pause Young (Allocation Failure) 130M->79M(327M) 54.869ms
[2026-10-02T08:59:58.550+0000][12.654s][4278] GC(9) Pause Full (Diagnostic Command) 168M->98M(327M) 239.441ms
[2026-10-02T09:00:01.340+0000][15.444s][4278] GC(10) Pause Young (Allocation Failure) 223M->122M(328M) 54.192ms
[2026-10-02T09:00:03.325+0000][17.429s][4278] GC(11) Pause Young (Allocation Failure) 248M->145M(443M) 77.344ms
[2026-10-02T09:00:05.282+0000][19.386s][4278] GC(12) Pause Full (Diagnostic Command) 227M->160M(443M) 311.878ms
[2026-10-02T09:00:11.612+0000][25.716s][4278] GC(13) Pause Young (Allocation Failure) 400M->194M(454M) 75.539ms
[2026-10-02T09:00:12.123+0000][26.227s][4278] GC(14) Pause Full (Diagnostic Command) 199M->187M(454M) 503.243ms
[2026-10-02T09:00:16.569+0000][30.673s][4278] GC(15) Pause Young (Allocation Failure) 427M->207M(596M) 120.357ms
[2026-10-02T09:00:18.737+0000][32.841s][4278] GC(16) Pause Full (Diagnostic Command) 272M->19M(596M) 346.017ms
[2026-10-02T09:00:21.717+0000][35.820s][4278] GC(17) Pause Young (Allocation Failure) 399M->99M(600M) 92.412ms
[2026-10-02T09:00:25.389+0000][39.493s][4278] GC(18) Pause Full (Diagnostic Command) 373M->46M(600M) 368.816ms
[2026-10-02T09:00:26.813+0000][40.917s][4278] GC(19) Pause Young (Allocation Failure) 426M->142M(826M) 111.914ms
[2026-10-02T09:00:30.448+0000][44.552s][4278] GC(20) Pause Young (Allocation Failure) 721M->257M(846M) 148.935ms
[2026-10-02T09:00:32.380+0000][46.484s][4278] GC(21) Pause Full (Diagnostic Command) 570M->277M(846M) 592.627ms
[2026-10-02T09:00:34.137+0000][48.241s][4278] GC(22) Pause Young (Allocation Failure) 755M->335M(1242M) 310.436ms
[2026-10-02T09:00:36.494+0000][50.597s][4278] GC(23) Pause Young (Allocation Failure) 1242M->444M(1417M) 374.052ms
[2026-10-02T09:00:39.046+0000][53.150s][4278] GC(24) Pause Full (Diagnostic Command) 1314M->544M(1417M) 861.867ms
[2026-10-02T09:00:40.713+0000][54.817s][4278] GC(25) Pause Young (Allocation Failure) 1242M->626M(1830M) 499.111ms
[2026-10-02T09:00:43.352+0000][57.456s][4278] GC(26) Pause Young (Allocation Failure) 1830M->779M(1983M) 614.717ms
[2026-10-02T09:00:46.666+0000][60.770s][4278] GC(27) Pause Full (Diagnostic Command) 1631M->881M(1983M) 1695.337ms
[2026-10-02T09:00:53.730+0000][67.834s][4278] GC(28) Pause Full (Diagnostic Command) 1764M->1009M(1983M) 2269.239ms
[2026-10-02T09:01:00.387+0000][74.491s][4278] GC(29) Pause Full (Diagnostic Command) 1581M->1026M(1983M) 2005.295ms
[2026-10-02T09:01:05.169+0000][79.273s][4278] GC(30) Pause Young (Allocation Failure) 1831M->1099M(2044M) 1168.069ms
[2026-10-02T09:01:07.285+0000][81.389s][4278] GC(31) Pause Full (Diagnostic Command) 1119M->1097M(2044M) 2090.206ms
[2026-10-02T09:01:10.057+0000][84.161s][4278] GC(32) Pause Young (Allocation Failure) 2042M->1137M(2082M) 499.036ms
[2026-10-02T09:01:13.358+0000][87.462s][4278] GC(33) Pause Full (Diagnostic Command) 1595M->1170M(2082M) 1927.420ms
[2026-10-02T09:01:16.340+0000][90.444s][4278] GC(34) Pause Young (Allocation Failure) 1798M->1309M(2019M) 541.890ms
[2026-10-02T09:01:19.631+0000][93.735s][4278] GC(35) Pause Full (Diagnostic Command) 1829M->1206M(2019M) 1666.090ms
[2026-10-02T09:01:21.243+0000][95.347s][4278] GC(36) Pause Young (Allocation Failure) 1915M->1289M(1999M) 423.091ms
[2026-10-02T09:01:23.422+0000][97.526s][4278] GC(37) Pause Young (Allocation Failure) 1998M->1380M(2467M) 657.612ms
[2026-10-02T09:01:26.183+0000][100.287s][4278] GC(38) Pause Full (Diagnostic Command) 1960M->1454M(2467M) 1599.087ms
[2026-10-02T09:01:27.306+0000][101.410s][4278] GC(39) Pause Young (Allocation Failure) 1922M->1539M(2175M) 293.652ms
[2026-10-02T09:01:28.610+0000][102.714s][4278] GC(40) Pause Young (Allocation Failure) 2174M->1658M(2710M) 255.763ms
[2026-10-02T09:01:33.946+0000][108.049s][4278] GC(41) Pause Full (Diagnostic Command) 2309M->1733M(2710M) 2478.400ms
[2026-10-02T09:01:35.841+0000][109.945s][4278] GC(42) Pause Young (Allocation Failure) 2193M->1766M(2696M) 465.765ms
[2026-10-02T09:01:40.623+0000][114.727s][4278] GC(43) Pause Full (Diagnostic Command) 2330M->1787M(2696M) 2867.297ms
[2026-10-02T09:01:42.624+0000][116.728s][4278] GC(44) Pause Young (Allocation Failure) 2199M->1831M(2718M) 442.712ms
[2026-10-02T09:01:46.651+0000][120.755s][4278] GC(45) Pause Full (Diagnostic Command) 2073M->1759M(2718M) 2327.904ms
[2026-10-02T09:01:50.083+0000][124.187s][4278] GC(46) Pause Young (Allocation Failure) 2239M->1863M(2724M) 360.821ms
[2026-10-02T09:01:52.500+0000][126.604s][4278] GC(47) Pause Full (Diagnostic Command) 1936M->1859M(2724M) 1696.911ms
[2026-10-02T09:01:55.333+0000][129.437s][4278] GC(48) Pause Young (Allocation Failure) 2548M->1935M(2701M) 413.213ms
[2026-10-02T09:01:58.847+0000][132.951s][4278] GC(49) Pause Full (Diagnostic Command) 2171M->1920M(2701M) 1815.814ms
[2026-10-02T09:02:02.969+0000][137.073s][4278] GC(50) Pause Young (Allocation Failure) 2568M->2025M(2674M) 609.382ms
[2026-10-02T09:02:06.639+0000][140.743s][4278] GC(51) Pause Full (Diagnostic Command) 2094M->2035M(2674M) 2943.872ms
[2026-10-02T09:02:09.991+0000][144.095s][4278] GC(52) Pause Young (Allocation Failure) 2218M->2053M(2724M) 902.557ms
[2026-10-02T09:02:13.173+0000][147.277s][4278] GC(53) Pause Full (Diagnostic Command) 2065M->2050M(2724M) 3084.049ms
[2026-10-02T09:02:16.747+0000][150.851s][4278] GC(54) Pause Young (Allocation Failure) 2619M->2091M(2724M) 1041.262ms
[2026-10-02T09:02:19.658+0000][153.762s][4278] GC(55) Pause Full (Diagnostic Command) 2106M->2088M(2724M) 2879.625ms
[2026-10-02T09:02:22.718+0000][156.822s][4278] GC(56) Pause Young (Allocation Failure) 2658M->2107M(2726M) 659.450ms
[2026-10-02T09:02:25.730+0000][159.834s][4278] GC(57) Pause Full (Diagnostic Command) 2123M->2103M(2726M) 2674.067ms
[2026-10-02T09:02:28.489+0000][162.593s][4278] GC(58) Pause Young (Allocation Failure) 2673M->2138M(2727M) 677.278ms
[2026-10-02T09:02:32.008+0000][166.111s][4278] GC(59) Pause Full (Diagnostic Command) 2217M->2138M(2727M) 2477.518ms
[2026-10-02T09:02:33.012+0000][167.116s][4278] GC(60) Pause Young (Allocation Failure) 2158M->2139M(2728M) 645.974ms
[2026-10-02T09:02:37.899+0000][172.003s][4278] GC(61) Pause Full (Diagnostic Command) 2550M->2166M(2728M) 2086.502ms
[2026-10-02T09:02:38.359+0000][172.463s][4278] GC(62) Pause Young (Allocation Failure) 2166M->2168M(2738M) 457.886ms
[2026-10-02T09:02:41.102+0000][175.206s][4278] GC(63) Pause Young (Allocation Failure) 2737M->2220M(3289M) 526.968ms
[2026-10-02T09:02:44.320+0000][178.424s][4278] GC(64) Pause Full (Diagnostic Command) 2305M->2195M(3289M) 2045.608ms
[2026-10-02T09:02:47.209+0000][181.313s][4278] GC(65) Pause Young (Allocation Failure) 2764M->2244M(3289M) 344.016ms
[2026-10-02T09:02:50.844+0000][184.948s][4278] GC(66) Pause Full (Diagnostic Command) 2698M->2273M(3289M) 2229.720ms
[2026-10-02T09:02:54.324+0000][188.428s][4278] GC(67) Pause Young (Allocation Failure) 2720M->2352M(3290M) 426.149ms
[2026-10-02T09:02:57.329+0000][191.433s][4278] GC(68) Pause Full (Diagnostic Command) 2421M->2354M(3290M) 2328.460ms
[2026-10-02T09:02:59.136+0000][193.240s][4278] GC(69) Pause Young (Allocation Failure) 2721M->2480M(3290M) 513.059ms
[2026-10-02T09:03:00.798+0000][194.902s][4278] GC(70) Pause Young (Allocation Failure) 3050M->2681M(3620M) 445.851ms
[2026-10-02T09:03:03.717+0000][197.821s][4278] GC(71) Pause Full (Diagnostic Command) 2772M->2713M(3620M) 2488.713ms
[2026-10-02T09:03:05.076+0000][199.180s][4278] GC(72) Pause Young (Allocation Failure) 3051M->2845M(3620M) 565.848ms
[2026-10-02T09:03:06.626+0000][200.730s][4278] GC(73) Pause Young (Allocation Failure) 3415M->3064M(3985M) 391.808ms
[2026-10-02T09:03:09.580+0000][203.684s][4278] GC(74) Pause Full (Diagnostic Command) 3377M->1815M(3985M) 1963.114ms
[2026-10-02T09:03:11.154+0000][205.258s][4278] GC(75) Pause Young (Allocation Failure) 2385M->1846M(3985M) 22.729ms
[2026-10-02T09:03:12.009+0000][206.113s][4278] GC(76) Pause Young (Allocation Failure) 2416M->1848M(3985M) 26.025ms
[2026-10-02T09:03:13.107+0000][207.211s][4278] GC(77) Pause Young (Allocation Failure) 2418M->1887M(3985M) 47.487ms
[2026-10-02T09:03:15.388+0000][209.492s][4278] GC(78) Pause Full (Diagnostic Command) 2112M->1154M(3985M) 1413.625ms
[2026-10-02T09:03:16.647+0000][210.751s][4278] GC(79) Pause Young (Allocation Failure) 1724M->1311M(3985M) 97.631ms
[2026-10-02T09:03:17.427+0000][211.530s][4278] GC(80) Pause Young (Allocation Failure) 1881M->1417M(3985M) 129.695ms
[2026-10-02T09:03:17.982+0000][212.086s][4278] GC(81) Pause Young (Allocation Failure) 1987M->1450M(3985M) 40.765ms
[2026-10-02T09:03:20.568+0000][214.672s][4278] GC(82) Pause Full (Diagnostic Command) 1758M->21M(3985M) 266.637ms
