[2026-10-02T09:07:15.782+0000][0.008s][3762] CardTable entry size: 512
[2026-10-02T09:07:15.782+0000][0.009s][3762] Using Parallel
[2026-10-02T09:07:15.786+0000][0.012s][3762] Version: 25.0.4.1+1-LTS (release)
[2026-10-02T09:07:15.786+0000][0.012s][3762] CPUs: 4 total, 4 available
[2026-10-02T09:07:15.786+0000][0.012s][3762] Memory: 15988M
[2026-10-02T09:07:15.786+0000][0.012s][3762] Large Page Support: Disabled
[2026-10-02T09:07:15.786+0000][0.012s][3762] NUMA Support: Disabled
[2026-10-02T09:07:15.786+0000][0.012s][3762] Compressed Oops: Enabled (Zero based)
[2026-10-02T09:07:15.786+0000][0.012s][3762] Alignments: Space 512K, Generation 512K, Heap 2M
[2026-10-02T09:07:15.786+0000][0.012s][3762] Heap Min Capacity: 8M
[2026-10-02T09:07:15.786+0000][0.012s][3762] Heap Initial Capacity: 250M
[2026-10-02T09:07:15.786+0000][0.012s][3762] Heap Max Capacity: 5G
[2026-10-02T09:07:15.786+0000][0.012s][3762] Pre-touch: Disabled
[2026-10-02T09:07:15.786+0000][0.012s][3762] Parallel Workers: 4
[2026-10-02T09:07:17.576+0000][1.802s][3762] GC(0) Pause Full (Diagnostic Command) 34M->7M(240M) 31.321ms
[2026-10-02T09:07:20.277+0000][4.503s][3762] GC(1) Pause Full (Metadata GC Threshold) 59M->11M(240M) 67.284ms
[2026-10-02T09:07:22.667+0000][6.893s][3762] GC(2) Pause Full (Metadata GC Threshold) 69M->15M(240M) 52.177ms
[2026-10-02T09:07:23.911+0000][8.137s][3762] GC(3) Pause Full (Diagnostic Command) 33M->16M(240M) 102.619ms
[2026-10-02T09:07:25.998+0000][10.224s][3762] GC(4) Pause Young (Allocation Failure) 79M->30M(240M) 32.216ms
[2026-10-02T09:07:26.757+0000][10.983s][3762] GC(5) Pause Young (Allocation Failure) 93M->48M(240M) 41.493ms
[2026-10-02T09:07:29.345+0000][13.571s][3762] GC(6) Pause Young (Allocation Failure) 111M->60M(240M) 49.553ms
[2026-10-02T09:07:30.314+0000][14.540s][3762] GC(7) Pause Full (Diagnostic Command) 74M->60M(240M) 183.006ms
[2026-10-02T09:07:31.971+0000][16.197s][3762] GC(8) Pause Young (Allocation Failure) 123M->73M(303M) 28.841ms
[2026-10-02T09:07:35.063+0000][19.289s][3762] GC(9) Pause Young (Allocation Failure) 199M->89M(303M) 52.881ms
[2026-10-02T09:07:36.755+0000][20.981s][3762] GC(10) Pause Full (Diagnostic Command) 155M->93M(303M) 208.022ms
[2026-10-02T09:07:42.708+0000][26.934s][3762] GC(11) Pause Young (Allocation Failure) 219M->105M(452M) 47.652ms
[2026-10-02T09:07:43.366+0000][27.592s][3762] GC(12) Pause Full (Diagnostic Command) 115M->100M(452M) 401.594ms
[2026-10-02T09:07:49.433+0000][33.659s][3762] GC(13) Pause Full (Diagnostic Command) 293M->21M(452M) 196.311ms
[2026-10-02T09:07:53.898+0000][38.124s][3762] GC(14) Pause Young (Allocation Failure) 273M->79M(452M) 60.195ms
[2026-10-02T09:07:56.182+0000][40.408s][3762] GC(15) Pause Full (Diagnostic Command) 321M->132M(452M) 492.792ms
[2026-10-02T09:07:57.857+0000][42.083s][3762] GC(16) Pause Young (Allocation Failure) 384M->178M(715M) 47.909ms
[2026-10-02T09:08:01.721+0000][45.947s][3762] GC(17) Pause Young (Allocation Failure) 676M->252M(750M) 185.201ms
[2026-10-02T09:08:02.532+0000][46.758s][3762] GC(18) Pause Full (Diagnostic Command) 299M->155M(750M) 495.819ms
[2026-10-02T09:08:05.307+0000][49.534s][3762] GC(19) Pause Young (Allocation Failure) 653M->258M(1064M) 101.634ms
[2026-10-02T09:08:09.175+0000][53.401s][3762] GC(20) Pause Full (Diagnostic Command) 1036M->219M(1064M) 613.882ms
[2026-10-02T09:08:11.207+0000][55.433s][3762] GC(21) Pause Young (Allocation Failure) 997M->316M(1095M) 228.314ms
[2026-10-02T09:08:12.676+0000][56.902s][3762] GC(22) Pause Young (Allocation Failure) 1094M->413M(1685M) 296.883ms
[2026-10-02T09:08:14.686+0000][58.913s][3762] GC(23) Pause Young (Allocation Failure) 1649M->558M(1794M) 504.110ms
[2026-10-02T09:08:15.690+0000][59.916s][3762] GC(24) Pause Full (Diagnostic Command) 659M->558M(1794M) 808.518ms
[2026-10-02T09:08:17.502+0000][61.728s][3762] GC(25) Pause Young (Allocation Failure) 1653M->688M(1874M) 536.212ms
[2026-10-02T09:08:19.421+0000][63.647s][3762] GC(26) Pause Young (Allocation Failure) 1873M->842M(2028M) 587.992ms
[2026-10-02T09:08:23.568+0000][67.794s][3762] GC(27) Pause Full (Diagnostic Command) 1780M->961M(2028M) 2255.075ms
[2026-10-02T09:08:28.079+0000][72.305s][3762] GC(28) Pause Young (Allocation Failure) 1873M->1034M(2060M) 700.608ms
[2026-10-02T09:08:29.736+0000][73.962s][3762] GC(29) Pause Full (Diagnostic Command) 1052M->1029M(2060M) 1640.181ms
[2026-10-02T09:08:32.837+0000][77.063s][3762] GC(30) Pause Young (Allocation Failure) 2055M->1109M(2135M) 399.027ms
[2026-10-02T09:08:36.536+0000][80.763s][3762] GC(31) Pause Full (Diagnostic Command) 2039M->1150M(2135M) 1922.103ms
[2026-10-02T09:08:39.292+0000][83.519s][3762] GC(32) Pause Young (Allocation Failure) 1805M->1292M(1987M) 686.999ms
[2026-10-02T09:08:42.088+0000][86.314s][3762] GC(33) Pause Full (Diagnostic Command) 1806M->1177M(1987M) 1635.718ms
[2026-10-02T09:08:42.912+0000][87.138s][3762] GC(34) Pause Young (Allocation Failure) 1636M->1235M(1930M) 375.667ms
[2026-10-02T09:08:44.182+0000][88.408s][3762] GC(35) Pause Young (Allocation Failure) 1929M->1319M(2442M) 425.247ms
[2026-10-02T09:08:45.351+0000][89.577s][3762] GC(36) Pause Young (Allocation Failure) 2011M->1426M(2119M) 165.439ms
[2026-10-02T09:08:46.051+0000][90.277s][3762] GC(37) Pause Young (Allocation Failure) 2118M->1533M(2619M) 185.836ms
[2026-10-02T09:08:46.977+0000][91.203s][3762] GC(38) Pause Young (Allocation Failure) 2244M->1653M(2707M) 286.668ms
[2026-10-02T09:08:48.534+0000][92.760s][3762] GC(39) Pause Full (Diagnostic Command) 1673M->1640M(2707M) 1536.247ms
[2026-10-02T09:08:50.131+0000][94.357s][3762] GC(40) Pause Young (Allocation Failure) 2351M->1738M(2754M) 312.882ms
[2026-10-02T09:08:51.433+0000][95.659s][3762] GC(41) Pause Young (Allocation Failure) 2514M->1786M(2941M) 249.633ms
[2026-10-02T09:08:54.798+0000][99.024s][3762] GC(42) Pause Full (Diagnostic Command) 2553M->1754M(2941M) 1724.922ms
[2026-10-02T09:08:58.386+0000][102.612s][3762] GC(43) Pause Young (Allocation Failure) 2513M->1883M(2986M) 410.911ms
[2026-10-02T09:09:02.348+0000][106.574s][3762] GC(44) Pause Full (Diagnostic Command) 2197M->1889M(2986M) 2791.291ms
[2026-10-02T09:09:08.425+0000][112.652s][3762] GC(45) Pause Full (Diagnostic Command) 2418M->1919M(2986M) 2746.095ms
[2026-10-02T09:09:14.839+0000][119.065s][3762] GC(46) Pause Full (Diagnostic Command) 2568M->2014M(2986M) 2791.948ms
[2026-10-02T09:09:20.794+0000][125.020s][3762] GC(47) Pause Full (Diagnostic Command) 2491M->2067M(2986M) 2528.783ms
[2026-10-02T09:09:22.011+0000][126.237s][3762] GC(48) Pause Young (Allocation Failure) 2595M->2087M(2999M) 577.180ms
[2026-10-02T09:09:26.671+0000][130.897s][3762] GC(49) Pause Full (Diagnostic Command) 2714M->2126M(2999M) 2104.500ms
[2026-10-02T09:09:28.413+0000][132.639s][3762] GC(50) Pause Young (Allocation Failure) 2601M->2141M(2929M) 394.389ms
[2026-10-02T09:09:32.933+0000][137.159s][3762] GC(51) Pause Full (Diagnostic Command) 2732M->2171M(2929M) 2213.372ms
[2026-10-02T09:09:34.582+0000][138.808s][3762] GC(52) Pause Young (Allocation Failure) 2486M->2211M(2935M) 441.432ms
[2026-10-02T09:09:39.276+0000][143.502s][3762] GC(53) Pause Full (Diagnostic Command) 2880M->2228M(2935M) 2298.497ms
[2026-10-02T09:09:40.583+0000][144.809s][3762] GC(54) Pause Young (Allocation Failure) 2488M->2238M(2871M) 421.695ms
[2026-10-02T09:09:43.357+0000][147.583s][3762] GC(55) Pause Young (Allocation Failure) 2807M->2309M(3362M) 684.633ms
[2026-10-02T09:09:45.670+0000][149.896s][3762] GC(56) Pause Full (Diagnostic Command) 2318M->2294M(3362M) 2305.975ms
[2026-10-02T09:09:48.248+0000][152.474s][3762] GC(57) Pause Young (Allocation Failure) 2863M->2497M(3363M) 417.694ms
[2026-10-02T09:09:49.732+0000][153.959s][3762] GC(58) Pause Young (Allocation Failure) 3066M->2712M(3282M) 512.124ms
[2026-10-02T09:09:52.511+0000][156.737s][3762] GC(59) Pause Full (Diagnostic Command) 2729M->2706M(3282M) 2760.045ms
[2026-10-02T09:09:53.963+0000][158.189s][3762] GC(60) Pause Young (Allocation Failure) 3276M->2937M(3603M) 533.196ms
[2026-10-02T09:09:55.132+0000][159.358s][3762] GC(61) Pause Young (Allocation Failure) 3490M->3161M(4061M) 429.431ms
[2026-10-02T09:09:57.303+0000][161.530s][3762] GC(62) Pause Full (Diagnostic Command) 3327M->1138M(4061M) 1527.928ms
[2026-10-02T09:09:58.622+0000][162.848s][3762] GC(63) Pause Young (Allocation Failure) 1691M->1140M(4077M) 7.163ms
[2026-10-02T09:09:59.660+0000][163.887s][3762] GC(64) Pause Young (Allocation Failure) 1709M->1142M(4077M) 18.430ms
[2026-10-02T09:10:00.858+0000][165.084s][3762] GC(65) Pause Young (Allocation Failure) 1711M->1215M(4068M) 75.309ms
[2026-10-02T09:10:03.543+0000][167.769s][3762] GC(66) Pause Full (Diagnostic Command) 1572M->1190M(4068M) 1526.575ms
[2026-10-02T09:10:04.668+0000][168.894s][3762] GC(67) Pause Young (Allocation Failure) 1759M->1373M(3692M) 93.890ms
[2026-10-02T09:10:05.086+0000][169.312s][3762] GC(68) Pause Young (Allocation Failure) 1942M->1420M(4066M) 119.900ms
[2026-10-02T09:10:05.529+0000][169.755s][3762] GC(69) Pause Young (Allocation Failure) 2019M->1486M(4050M) 56.587ms
[2026-10-02T09:10:08.457+0000][172.683s][3762] GC(70) Pause Full (Diagnostic Command) 1513M->21M(4050M) 197.570ms
[2026-10-02T09:10:14.658+0000][178.884s][3762] GC(71) Pause Full (Diagnostic Command) 37M->20M(4050M) 179.666ms
