[2026-10-02T08:43:56.743+0000][0.009s][3938] CardTable entry size: 512
[2026-10-02T08:43:56.743+0000][0.009s][3938] Using Parallel
[2026-10-02T08:43:56.745+0000][0.011s][3938] Version: 25.0.4.1+1-LTS (release)
[2026-10-02T08:43:56.745+0000][0.011s][3938] CPUs: 4 total, 4 available
[2026-10-02T08:43:56.745+0000][0.011s][3938] Memory: 15993M
[2026-10-02T08:43:56.745+0000][0.011s][3938] Large Page Support: Disabled
[2026-10-02T08:43:56.745+0000][0.011s][3938] NUMA Support: Disabled
[2026-10-02T08:43:56.745+0000][0.011s][3938] Compressed Oops: Enabled (Zero based)
[2026-10-02T08:43:56.745+0000][0.011s][3938] Alignments: Space 512K, Generation 512K, Heap 2M
[2026-10-02T08:43:56.745+0000][0.011s][3938] Heap Min Capacity: 8M
[2026-10-02T08:43:56.745+0000][0.011s][3938] Heap Initial Capacity: 250M
[2026-10-02T08:43:56.745+0000][0.011s][3938] Heap Max Capacity: 5G
[2026-10-02T08:43:56.745+0000][0.011s][3938] Pre-touch: Disabled
[2026-10-02T08:43:56.745+0000][0.011s][3938] Parallel Workers: 4
[2026-10-02T08:43:59.186+0000][2.452s][3938] GC(0) Pause Full (Diagnostic Command) 40M->8M(240M) 41.561ms
[2026-10-02T08:44:01.159+0000][4.425s][3938] GC(1) Pause Full (Metadata GC Threshold) 52M->11M(240M) 63.855ms
[2026-10-02T08:44:04.341+0000][7.607s][3938] GC(2) Pause Full (Metadata GC Threshold) 69M->15M(240M) 53.813ms
[2026-10-02T08:44:05.884+0000][9.150s][3938] GC(3) Pause Full (Diagnostic Command) 37M->17M(240M) 149.311ms
[2026-10-02T08:44:08.740+0000][12.006s][3938] GC(4) Pause Young (Allocation Failure) 80M->31M(240M) 42.410ms
[2026-10-02T08:44:10.097+0000][13.363s][3938] GC(5) Pause Young (Allocation Failure) 94M->49M(240M) 87.475ms
[2026-10-02T08:44:12.436+0000][15.703s][3938] GC(6) Pause Full (Diagnostic Command) 90M->55M(240M) 205.025ms
[2026-10-02T08:44:15.136+0000][18.402s][3938] GC(7) Pause Young (Allocation Failure) 118M->70M(240M) 48.126ms
[2026-10-02T08:44:18.155+0000][21.421s][3938] GC(8) Pause Young (Allocation Failure) 133M->82M(303M) 68.462ms
[2026-10-02T08:44:19.337+0000][22.604s][3938] GC(9) Pause Full (Diagnostic Command) 97M->81M(303M) 254.179ms
[2026-10-02T08:44:24.004+0000][27.270s][3938] GC(10) Pause Young (Allocation Failure) 207M->91M(303M) 24.883ms
[2026-10-02T08:44:26.129+0000][29.395s][3938] GC(11) Pause Full (Diagnostic Command) 111M->93M(303M) 256.261ms
[2026-10-02T08:44:32.675+0000][35.942s][3938] GC(12) Pause Full (Diagnostic Command) 214M->100M(303M) 255.721ms
[2026-10-02T08:44:37.236+0000][40.502s][3938] GC(13) Pause Young (Allocation Failure) 226M->106M(449M) 26.765ms
[2026-10-02T08:44:39.607+0000][42.873s][3938] GC(14) Pause Full (Diagnostic Command) 131M->106M(449M) 391.306ms
[2026-10-02T08:44:46.156+0000][49.422s][3938] GC(15) Pause Full (Diagnostic Command) 340M->61M(449M) 292.059ms
[2026-10-02T08:44:49.186+0000][52.452s][3938] GC(16) Pause Young (Allocation Failure) 312M->119M(450M) 64.577ms
[2026-10-02T08:44:52.176+0000][55.442s][3938] GC(17) Pause Young (Allocation Failure) 370M->174M(695M) 165.431ms
[2026-10-02T08:44:52.929+0000][56.195s][3938] GC(18) Pause Full (Diagnostic Command) 194M->170M(695M) 409.590ms
[2026-10-02T08:44:58.242+0000][61.508s][3938] GC(19) Pause Young (Allocation Failure) 647M->235M(720M) 137.462ms
[2026-10-02T08:44:59.820+0000][63.086s][3938] GC(20) Pause Full (Diagnostic Command) 337M->56M(720M) 438.595ms
[2026-10-02T08:45:03.534+0000][66.800s][3938] GC(21) Pause Young (Allocation Failure) 533M->143M(1003M) 95.585ms
[2026-10-02T08:45:06.123+0000][69.389s][3938] GC(22) Pause Full (Diagnostic Command) 756M->186M(1003M) 359.948ms
[2026-10-02T08:45:08.589+0000][71.855s][3938] GC(23) Pause Young (Allocation Failure) 935M->294M(1043M) 246.543ms
[2026-10-02T08:45:10.733+0000][74.000s][3938] GC(24) Pause Young (Allocation Failure) 1043M->392M(1609M) 363.101ms
[2026-10-02T08:45:13.412+0000][76.678s][3938] GC(25) Pause Full (Diagnostic Command) 1314M->488M(1609M) 1132.773ms
[2026-10-02T08:45:15.766+0000][79.032s][3938] GC(26) Pause Young (Allocation Failure) 1482M->607M(1795M) 612.154ms
[2026-10-02T08:45:17.886+0000][81.153s][3938] GC(27) Pause Young (Allocation Failure) 1795M->755M(2068M) 463.774ms
[2026-10-02T08:45:20.453+0000][83.719s][3938] GC(28) Pause Full (Diagnostic Command) 1348M->822M(2068M) 1520.040ms
[2026-10-02T08:45:24.398+0000][87.664s][3938] GC(29) Pause Young (Allocation Failure) 1842M->969M(2204M) 668.481ms
[2026-10-02T08:45:27.148+0000][90.414s][3938] GC(30) Pause Full (Diagnostic Command) 1259M->1009M(2204M) 1584.407ms
[2026-10-02T08:45:32.662+0000][95.928s][3938] GC(31) Pause Young (Allocation Failure) 1967M->1093M(2013M) 1076.331ms
[2026-10-02T08:45:34.004+0000][97.270s][3938] GC(32) Pause Full (Diagnostic Command) 1141M->1059M(2013M) 1298.941ms
[2026-10-02T08:45:35.661+0000][98.927s][3938] GC(33) Pause Young (Allocation Failure) 1979M->1207M(2127M) 368.061ms
[2026-10-02T08:45:37.067+0000][100.334s][3938] GC(34) Pause Young (Allocation Failure) 2127M->1291M(2482M) 479.455ms
[2026-10-02T08:45:37.888+0000][101.154s][3938] GC(35) Pause Young (Allocation Failure) 2129M->1365M(2204M) 170.403ms
[2026-10-02T08:45:40.399+0000][103.665s][3938] GC(36) Pause Full (Diagnostic Command) 1865M->1405M(2204M) 1798.819ms
[2026-10-02T08:45:41.215+0000][104.481s][3938] GC(37) Pause Young (Allocation Failure) 2129M->1478M(2557M) 278.019ms
[2026-10-02T08:45:42.139+0000][105.405s][3938] GC(38) Pause Young (Allocation Failure) 2328M->1585M(2732M) 183.651ms
[2026-10-02T08:45:44.015+0000][107.281s][3938] GC(39) Pause Young (Allocation Failure) 2435M->1723M(2861M) 227.419ms
[2026-10-02T08:45:46.364+0000][109.630s][3938] GC(40) Pause Full (Diagnostic Command) 2014M->1561M(2861M) 1390.570ms
[2026-10-02T08:45:48.145+0000][111.411s][3938] GC(41) Pause Young (Allocation Failure) 2473M->1641M(2855M) 133.247ms
[2026-10-02T08:45:51.498+0000][114.764s][3938] GC(42) Pause Young (Allocation Failure) 2553M->1856M(2960M) 460.720ms
[2026-10-02T08:45:53.459+0000][116.725s][3938] GC(43) Pause Full (Diagnostic Command) 1875M->1766M(2960M) 1931.694ms
[2026-10-02T08:46:00.764+0000][124.030s][3938] GC(44) Pause Full (Diagnostic Command) 2413M->1847M(2960M) 2530.181ms
[2026-10-02T08:46:07.158+0000][130.424s][3938] GC(45) Pause Full (Diagnostic Command) 2510M->1852M(2960M) 2504.451ms
[2026-10-02T08:46:13.445+0000][136.711s][3938] GC(46) Pause Full (Diagnostic Command) 2438M->1887M(2960M) 2351.497ms
[2026-10-02T08:46:19.701+0000][142.967s][3938] GC(47) Pause Full (Diagnostic Command) 2551M->1965M(2960M) 2216.767ms
[2026-10-02T08:46:25.703+0000][148.969s][3938] GC(48) Pause Full (Diagnostic Command) 2552M->2087M(2960M) 1955.268ms
[2026-10-02T08:46:27.918+0000][151.184s][3938] GC(49) Pause Young (Allocation Failure) 2609M->2103M(3072M) 478.094ms
[2026-10-02T08:46:31.983+0000][155.249s][3938] GC(50) Pause Full (Diagnostic Command) 3020M->2110M(3072M) 1900.551ms
[2026-10-02T08:46:36.361+0000][159.627s][3938] GC(51) Pause Young (Allocation Failure) 2713M->2202M(2848M) 613.355ms
[2026-10-02T08:46:38.409+0000][161.676s][3938] GC(52) Pause Full (Diagnostic Command) 2215M->2165M(2848M) 1968.883ms
[2026-10-02T08:46:41.232+0000][164.498s][3938] GC(53) Pause Young (Allocation Failure) 2810M->2225M(2871M) 425.388ms
[2026-10-02T08:46:44.911+0000][168.177s][3938] GC(54) Pause Full (Diagnostic Command) 2394M->2202M(2871M) 2019.335ms
[2026-10-02T08:46:48.548+0000][171.814s][3938] GC(55) Pause Young (Allocation Failure) 2847M->2239M(2964M) 425.258ms
[2026-10-02T08:46:51.409+0000][174.675s][3938] GC(56) Pause Full (Diagnostic Command) 2510M->2271M(2964M) 2164.150ms
[2026-10-02T08:46:52.597+0000][175.863s][3938] GC(57) Pause Young (Allocation Failure) 2395M->2285M(2965M) 447.284ms
[2026-10-02T08:46:57.811+0000][181.077s][3938] GC(58) Pause Full (Diagnostic Command) 2725M->2364M(2965M) 2196.619ms
[2026-10-02T08:46:58.489+0000][181.755s][3938] GC(59) Pause Young (Allocation Failure) 2396M->2376M(2966M) 523.061ms
[2026-10-02T08:47:00.599+0000][183.865s][3938] GC(60) Pause Young (Allocation Failure) 2945M->2578M(3516M) 542.983ms
[2026-10-02T08:47:02.269+0000][185.535s][3938] GC(61) Pause Young (Allocation Failure) 3147M->2797M(3717M) 435.055ms
[2026-10-02T08:47:04.840+0000][188.106s][3938] GC(62) Pause Full (Diagnostic Command) 2806M->2795M(3717M) 2548.491ms
[2026-10-02T08:47:06.579+0000][189.845s][3938] GC(63) Pause Young (Allocation Failure) 3365M->3006M(3717M) 593.232ms
[2026-10-02T08:47:08.786+0000][192.052s][3938] GC(64) Pause Young (Allocation Failure) 3576M->3207M(4147M) 628.029ms
[2026-10-02T08:47:10.677+0000][193.943s][3938] GC(65) Pause Full (Diagnostic Command) 3217M->1847M(4147M) 1864.113ms
[2026-10-02T08:47:12.011+0000][195.277s][3938] GC(66) Pause Young (Allocation Failure) 2417M->1850M(4147M) 7.554ms
[2026-10-02T08:47:12.909+0000][196.176s][3938] GC(67) Pause Young (Allocation Failure) 2419M->1852M(4147M) 20.607ms
[2026-10-02T08:47:14.113+0000][197.379s][3938] GC(68) Pause Young (Allocation Failure) 2421M->1915M(4147M) 53.666ms
[2026-10-02T08:47:16.169+0000][199.435s][3938] GC(69) Pause Full (Diagnostic Command) 2144M->1163M(4147M) 1432.528ms
[2026-10-02T08:47:17.431+0000][200.698s][3938] GC(70) Pause Young (Allocation Failure) 1732M->1330M(4147M) 87.908ms
[2026-10-02T08:47:17.966+0000][201.232s][3938] GC(71) Pause Young (Allocation Failure) 1900M->1408M(4147M) 109.926ms
[2026-10-02T08:47:18.380+0000][201.646s][3938] GC(72) Pause Young (Allocation Failure) 1977M->1408M(4147M) 26.642ms
[2026-10-02T08:47:21.604+0000][204.870s][3938] GC(73) Pause Full (Diagnostic Command) 1618M->21M(4147M) 377.998ms
