[2026-10-02T08:42:54.354+0000][0.009s][2759] CardTable entry size: 512
[2026-10-02T08:42:54.354+0000][0.009s][2759] Using Parallel
[2026-10-02T08:42:54.378+0000][0.033s][2759] Version: 25.0.4.1+1-LTS (release)
[2026-10-02T08:42:54.378+0000][0.033s][2759] CPUs: 4 total, 4 available
[2026-10-02T08:42:54.378+0000][0.033s][2759] Memory: 15993M
[2026-10-02T08:42:54.378+0000][0.033s][2759] Large Page Support: Disabled
[2026-10-02T08:42:54.378+0000][0.033s][2759] NUMA Support: Disabled
[2026-10-02T08:42:54.378+0000][0.033s][2759] Compressed Oops: Enabled (Zero based)
[2026-10-02T08:42:54.378+0000][0.033s][2759] Alignments: Space 512K, Generation 512K, Heap 2M
[2026-10-02T08:42:54.378+0000][0.033s][2759] Heap Min Capacity: 8M
[2026-10-02T08:42:54.378+0000][0.033s][2759] Heap Initial Capacity: 250M
[2026-10-02T08:42:54.378+0000][0.033s][2759] Heap Max Capacity: 5G
[2026-10-02T08:42:54.378+0000][0.033s][2759] Pre-touch: Disabled
[2026-10-02T08:42:54.378+0000][0.033s][2759] Parallel Workers: 4
[2026-10-02T08:42:56.373+0000][2.029s][2759] GC(0) Pause Young (Allocation Failure) 64M->10M(240M) 15.589ms
[2026-10-02T08:42:57.095+0000][2.750s][2759] GC(1) Pause Full (Metadata GC Threshold) 32M->12M(240M) 40.083ms
[2026-10-02T08:42:58.499+0000][4.154s][2759] GC(2) Pause Full (Metadata GC Threshold) 70M->18M(240M) 55.533ms
[2026-10-02T08:42:59.370+0000][5.026s][2759] GC(3) Pause Young (Allocation Failure) 81M->27M(240M) 9.042ms
[2026-10-02T08:43:00.234+0000][5.889s][2759] GC(4) Pause Young (Allocation Failure) 90M->39M(240M) 23.850ms
[2026-10-02T08:43:00.728+0000][6.384s][2759] GC(5) Pause Full (Diagnostic Command) 81M->49M(240M) 99.967ms
[2026-10-02T08:43:01.575+0000][7.230s][2759] GC(6) Pause Young (Allocation Failure) 112M->61M(303M) 24.647ms
[2026-10-02T08:43:04.633+0000][10.289s][2759] GC(7) Pause Young (Allocation Failure) 187M->82M(303M) 64.759ms
[2026-10-02T08:43:06.317+0000][11.972s][2759] GC(8) Pause Young (Allocation Failure) 208M->104M(443M) 24.169ms
[2026-10-02T08:43:07.034+0000][12.690s][2759] GC(9) Pause Full (Diagnostic Command) 160M->87M(443M) 116.600ms
[2026-10-02T08:43:09.236+0000][14.892s][2759] GC(10) Pause Young (Allocation Failure) 333M->107M(449M) 12.165ms
[2026-10-02T08:43:09.994+0000][15.649s][2759] GC(11) Pause Young (Allocation Failure) 353M->172M(665M) 47.245ms
[2026-10-02T08:43:12.769+0000][18.424s][2759] GC(12) Pause Young (Allocation Failure) 636M->232M(696M) 76.260ms
[2026-10-02T08:43:13.604+0000][19.259s][2759] GC(13) Pause Full (Diagnostic Command) 297M->86M(696M) 259.900ms
[2026-10-02T08:43:16.016+0000][21.672s][2759] GC(14) Pause Young (Allocation Failure) 550M->144M(995M) 84.395ms
[2026-10-02T08:43:20.273+0000][25.928s][2759] GC(15) Pause Full (Diagnostic Command) 683M->182M(995M) 433.136ms
[2026-10-02T08:43:22.441+0000][28.096s][2759] GC(16) Pause Young (Allocation Failure) 921M->267M(1007M) 87.683ms
[2026-10-02T08:43:25.742+0000][31.398s][2759] GC(17) Pause Young (Allocation Failure) 1006M->354M(1544M) 243.220ms
[2026-10-02T08:43:26.624+0000][32.279s][2759] GC(18) Pause Full (Diagnostic Command) 548M->342M(1544M) 366.073ms
[2026-10-02T08:43:33.187+0000][38.843s][2759] GC(19) Pause Full (Diagnostic Command) 1242M->421M(1544M) 519.372ms
[2026-10-02T08:43:40.132+0000][45.787s][2759] GC(20) Pause Full (Diagnostic Command) 1207M->396M(1544M) 824.225ms
[2026-10-02T08:43:46.688+0000][52.343s][2759] GC(21) Pause Full (Diagnostic Command) 1147M->584M(1544M) 882.448ms
[2026-10-02T08:43:51.919+0000][57.574s][2759] GC(22) Pause Young (Allocation Failure) 1439M->503M(1675M) 432.082ms
[2026-10-02T08:43:52.543+0000][58.199s][2759] GC(23) Pause Full (Diagnostic Command) 521M->122M(1675M) 351.125ms
[2026-10-02T08:43:59.600+0000][65.255s][2759] GC(24) Pause Full (Diagnostic Command) 408M->111M(1675M) 666.297ms
[2026-10-02T08:44:06.547+0000][72.202s][2759] GC(25) Pause Full (Diagnostic Command) 648M->33M(1675M) 696.824ms
[2026-10-02T08:44:13.107+0000][78.762s][2759] GC(26) Pause Full (Diagnostic Command) 589M->162M(1675M) 648.776ms
[2026-10-02T08:44:19.887+0000][85.543s][2759] GC(27) Pause Full (Diagnostic Command) 564M->200M(1675M) 821.416ms
[2026-10-02T08:44:26.332+0000][91.987s][2759] GC(28) Pause Full (Diagnostic Command) 936M->112M(1675M) 543.260ms
[2026-10-02T08:44:33.005+0000][98.661s][2759] GC(29) Pause Full (Diagnostic Command) 1002M->261M(1675M) 597.569ms
[2026-10-02T08:44:39.915+0000][105.571s][2759] GC(30) Pause Full (Diagnostic Command) 638M->139M(1675M) 722.598ms
[2026-10-02T08:44:46.656+0000][112.312s][2759] GC(31) Pause Full (Diagnostic Command) 543M->39M(1675M) 733.778ms
[2026-10-02T08:44:52.989+0000][118.645s][2759] GC(32) Pause Full (Diagnostic Command) 398M->109M(1675M) 501.809ms
[2026-10-02T08:45:00.101+0000][125.757s][2759] GC(33) Pause Full (Diagnostic Command) 419M->135M(1675M) 680.846ms
[2026-10-02T08:45:06.478+0000][132.134s][2759] GC(34) Pause Full (Diagnostic Command) 790M->214M(1675M) 597.033ms
[2026-10-02T08:45:12.891+0000][138.547s][2759] GC(35) Pause Full (Diagnostic Command) 1032M->48M(1675M) 655.262ms
[2026-10-02T08:45:19.412+0000][145.067s][2759] GC(36) Pause Full (Diagnostic Command) 63M->48M(1675M) 553.820ms
[2026-10-02T08:45:26.134+0000][151.790s][2759] GC(37) Pause Full (Diagnostic Command) 48M->48M(1675M) 481.485ms
[2026-10-02T08:45:32.350+0000][158.005s][2759] GC(38) Pause Full (Diagnostic Command) 56M->48M(1675M) 425.174ms
[2026-10-02T08:45:39.312+0000][164.967s][2759] GC(39) Pause Full (Diagnostic Command) 66M->48M(1675M) 605.158ms
[2026-10-02T08:45:45.423+0000][171.078s][2759] GC(40) Pause Full (Diagnostic Command) 48M->48M(1675M) 406.177ms
[2026-10-02T08:45:51.681+0000][177.337s][2759] GC(41) Pause Full (Diagnostic Command) 49M->48M(1675M) 243.560ms
[2026-10-02T08:45:58.625+0000][184.280s][2759] GC(42) Pause Full (Diagnostic Command) 56M->48M(1675M) 365.988ms
[2026-10-02T08:46:05.004+0000][190.660s][2759] GC(43) Pause Full (Diagnostic Command) 59M->48M(1675M) 420.092ms
[2026-10-02T08:46:11.449+0000][197.104s][2759] GC(44) Pause Full (Diagnostic Command) 48M->48M(1675M) 272.624ms
[2026-10-02T08:46:17.938+0000][203.593s][2759] GC(45) Pause Full (Diagnostic Command) 65M->47M(1675M) 486.583ms
[2026-10-02T08:46:24.187+0000][209.842s][2759] GC(46) Pause Full (Diagnostic Command) 47M->47M(1675M) 401.122ms
[2026-10-02T08:46:30.411+0000][216.066s][2759] GC(47) Pause Full (Diagnostic Command) 47M->47M(1675M) 269.414ms
[2026-10-02T08:46:36.849+0000][222.504s][2759] GC(48) Pause Full (Diagnostic Command) 56M->46M(1675M) 339.982ms
[2026-10-02T08:46:43.226+0000][228.881s][2759] GC(49) Pause Full (Diagnostic Command) 46M->46M(1675M) 326.157ms
[2026-10-02T08:46:49.646+0000][235.301s][2759] GC(50) Pause Full (Diagnostic Command) 47M->46M(1675M) 251.265ms
[2026-10-02T08:46:55.900+0000][241.555s][2759] GC(51) Pause Full (Diagnostic Command) 46M->46M(1675M) 334.295ms
[2026-10-02T08:47:02.215+0000][247.871s][2759] GC(52) Pause Full (Diagnostic Command) 46M->46M(1675M) 251.643ms
[2026-10-02T08:47:08.586+0000][254.241s][2759] GC(53) Pause Full (Diagnostic Command) 46M->46M(1675M) 232.778ms
[2026-10-02T08:47:14.979+0000][260.634s][2759] GC(54) Pause Full (Diagnostic Command) 53M->46M(1675M) 267.542ms
[2026-10-02T08:47:21.506+0000][267.161s][2759] GC(55) Pause Full (Diagnostic Command) 46M->46M(1675M) 377.454ms
