[2026-10-02T08:13:44.925+0000][0.002s][9349] CardTable entry size: 512
[2026-10-02T08:13:44.925+0000][0.003s][9349] Using Parallel
[2026-10-02T08:13:44.925+0000][0.003s][9349] Version: 25.0.4.1+1-LTS (release)
[2026-10-02T08:13:44.925+0000][0.003s][9349] CPUs: 4 total, 4 available
[2026-10-02T08:13:44.925+0000][0.003s][9349] Memory: 15989M
[2026-10-02T08:13:44.925+0000][0.003s][9349] Large Page Support: Disabled
[2026-10-02T08:13:44.925+0000][0.003s][9349] NUMA Support: Disabled
[2026-10-02T08:13:44.925+0000][0.003s][9349] Compressed Oops: Enabled (Zero based)
[2026-10-02T08:13:44.925+0000][0.003s][9349] Alignments: Space 512K, Generation 512K, Heap 2M
[2026-10-02T08:13:44.925+0000][0.003s][9349] Heap Min Capacity: 8M
[2026-10-02T08:13:44.926+0000][0.003s][9349] Heap Initial Capacity: 250M
[2026-10-02T08:13:44.926+0000][0.003s][9349] Heap Max Capacity: 3G
[2026-10-02T08:13:44.926+0000][0.003s][9349] Pre-touch: Disabled
[2026-10-02T08:13:44.926+0000][0.003s][9349] Parallel Workers: 4
[2026-10-02T08:13:45.842+0000][0.920s][9349] GC(0) Pause Young (Allocation Failure) 64M->9M(240M) 5.203ms
[2026-10-02T08:13:46.189+0000][1.266s][9349] GC(1) Pause Full (Metadata GC Threshold) 48M->16M(240M) 15.952ms
[2026-10-02T08:13:46.453+0000][1.531s][9349] GC(2) Pause Young (Allocation Failure) 79M->29M(240M) 4.546ms
[2026-10-02T08:13:46.854+0000][1.932s][9349] GC(3) Pause Young (Allocation Failure) 92M->43M(240M) 16.632ms
[2026-10-02T08:13:47.050+0000][2.128s][9349] GC(4) Pause Young (Allocation Failure) 106M->61M(303M) 16.350ms
[2026-10-02T08:13:47.242+0000][2.320s][9349] GC(5) Pause Full (Diagnostic Command) 121M->71M(303M) 53.265ms
[2026-10-02T08:13:47.952+0000][3.030s][9349] GC(6) Pause Young (Allocation Failure) 197M->94M(303M) 11.962ms
[2026-10-02T08:13:48.409+0000][3.487s][9349] GC(7) Pause Young (Allocation Failure) 220M->111M(451M) 22.011ms
[2026-10-02T08:13:48.904+0000][3.982s][9349] GC(8) Pause Young (Allocation Failure) 361M->147M(453M) 40.187ms
[2026-10-02T08:13:49.281+0000][4.358s][9349] GC(9) Pause Young (Allocation Failure) 397M->177M(708M) 52.153ms
[2026-10-02T08:13:49.942+0000][5.020s][9349] GC(10) Pause Young (Allocation Failure) 663M->235M(722M) 75.413ms
[2026-10-02T08:13:50.532+0000][5.609s][9349] GC(11) Pause Young (Allocation Failure) 721M->295M(1060M) 86.105ms
[2026-10-02T08:13:51.496+0000][6.574s][9349] GC(12) Pause Young (Allocation Failure) 1058M->391M(1171M) 124.963ms
[2026-10-02T08:13:53.728+0000][8.805s][9349] GC(13) Pause Full (Diagnostic Command) 1045M->476M(1171M) 437.045ms
[2026-10-02T08:13:56.350+0000][11.428s][9349] GC(14) Pause Young (Allocation Failure) 1058M->511M(1179M) 175.768ms
[2026-10-02T08:13:58.100+0000][13.177s][9349] GC(15) Pause Young (Allocation Failure) 1179M->581M(1358M) 140.990ms
[2026-10-02T08:13:59.928+0000][15.006s][9349] GC(16) Pause Full (Diagnostic Command) 682M->501M(1358M) 414.485ms
[2026-10-02T08:14:04.290+0000][19.368s][9349] GC(17) Pause Young (Allocation Failure) 1169M->597M(1349M) 90.140ms
[2026-10-02T08:14:06.040+0000][21.117s][9349] GC(18) Pause Full (Diagnostic Command) 661M->593M(1349M) 491.338ms
[2026-10-02T08:14:12.380+0000][27.458s][9349] GC(19) Pause Full (Diagnostic Command) 1129M->663M(1349M) 594.558ms
[2026-10-02T08:14:15.987+0000][31.065s][9349] GC(20) Pause Young (Allocation Failure) 1189M->677M(1356M) 146.239ms
[2026-10-02T08:14:18.503+0000][33.581s][9349] GC(21) Pause Full (Diagnostic Command) 822M->687M(1356M) 589.873ms
[2026-10-02T08:14:24.040+0000][39.118s][9349] GC(22) Pause Young (Allocation Failure) 1193M->726M(1291M) 249.555ms
[2026-10-02T08:14:24.786+0000][39.864s][9349] GC(23) Pause Full (Diagnostic Command) 755M->716M(1291M) 607.502ms
[2026-10-02T08:14:28.968+0000][44.046s][9349] GC(24) Pause Young (Allocation Failure) 1280M->880M(1444M) 293.561ms
[2026-10-02T08:14:30.755+0000][45.833s][9349] GC(25) Pause Full (Diagnostic Command) 1254M->365M(1444M) 407.537ms
[2026-10-02T08:14:32.803+0000][47.881s][9349] GC(26) Pause Young (Allocation Failure) 929M->387M(1296M) 18.422ms
[2026-10-02T08:14:33.909+0000][48.987s][9349] GC(27) Pause Young (Allocation Failure) 803M->471M(1370M) 61.319ms
