[2026-10-02T08:16:06.747+0000][0.003s][10875] CardTable entry size: 512
[2026-10-02T08:16:06.747+0000][0.003s][10875] Using Parallel
[2026-10-02T08:16:06.748+0000][0.004s][10875] Version: 25.0.4.1+1-LTS (release)
[2026-10-02T08:16:06.748+0000][0.004s][10875] CPUs: 4 total, 4 available
[2026-10-02T08:16:06.748+0000][0.004s][10875] Memory: 15989M
[2026-10-02T08:16:06.748+0000][0.004s][10875] Large Page Support: Disabled
[2026-10-02T08:16:06.748+0000][0.004s][10875] NUMA Support: Disabled
[2026-10-02T08:16:06.748+0000][0.004s][10875] Compressed Oops: Enabled (Zero based)
[2026-10-02T08:16:06.748+0000][0.004s][10875] Alignments: Space 512K, Generation 512K, Heap 2M
[2026-10-02T08:16:06.748+0000][0.004s][10875] Heap Min Capacity: 8M
[2026-10-02T08:16:06.748+0000][0.004s][10875] Heap Initial Capacity: 250M
[2026-10-02T08:16:06.748+0000][0.004s][10875] Heap Max Capacity: 3G
[2026-10-02T08:16:06.748+0000][0.004s][10875] Pre-touch: Disabled
[2026-10-02T08:16:06.748+0000][0.004s][10875] Parallel Workers: 4
[2026-10-02T08:16:07.633+0000][0.889s][10875] GC(0) Pause Young (Allocation Failure) 64M->10M(240M) 4.950ms
[2026-10-02T08:16:08.002+0000][1.258s][10875] GC(1) Pause Full (Metadata GC Threshold) 51M->17M(240M) 19.003ms
[2026-10-02T08:16:08.248+0000][1.504s][10875] GC(2) Pause Young (Allocation Failure) 80M->29M(240M) 6.156ms
[2026-10-02T08:16:08.623+0000][1.879s][10875] GC(3) Pause Young (Allocation Failure) 92M->41M(240M) 9.477ms
[2026-10-02T08:16:08.722+0000][1.978s][10875] GC(4) Pause Young (Allocation Failure) 104M->59M(303M) 10.155ms
[2026-10-02T08:16:09.022+0000][2.278s][10875] GC(5) Pause Young (Allocation Failure) 185M->91M(303M) 35.472ms
[2026-10-02T08:16:09.353+0000][2.609s][10875] GC(6) Pause Full (Diagnostic Command) 116M->90M(303M) 47.455ms
[2026-10-02T08:16:10.027+0000][3.283s][10875] GC(7) Pause Young (Allocation Failure) 216M->108M(460M) 14.835ms
[2026-10-02T08:16:10.712+0000][3.968s][10875] GC(8) Pause Young (Allocation Failure) 360M->145M(462M) 28.075ms
[2026-10-02T08:16:11.190+0000][4.446s][10875] GC(9) Pause Young (Allocation Failure) 397M->175M(703M) 54.486ms
[2026-10-02T08:16:11.907+0000][5.163s][10875] GC(10) Pause Young (Allocation Failure) 662M->233M(720M) 69.473ms
[2026-10-02T08:16:12.457+0000][5.713s][10875] GC(11) Pause Young (Allocation Failure) 719M->292M(1058M) 87.127ms
[2026-10-02T08:16:13.286+0000][6.542s][10875] GC(12) Pause Young (Allocation Failure) 1056M->386M(1165M) 123.611ms
[2026-10-02T08:16:14.717+0000][7.973s][10875] GC(13) Pause Young (Allocation Failure) 1150M->490M(1263M) 135.398ms
[2026-10-02T08:16:15.897+0000][9.153s][10875] GC(14) Pause Full (Diagnostic Command) 717M->516M(1263M) 477.548ms
[2026-10-02T08:16:18.528+0000][11.784s][10875] GC(15) Pause Young (Allocation Failure) 1142M->555M(1311M) 139.230ms
[2026-10-02T08:16:19.947+0000][13.203s][10875] GC(16) Pause Young (Allocation Failure) 1311M->621M(1397M) 144.993ms
[2026-10-02T08:16:22.077+0000][15.333s][10875] GC(17) Pause Full (Diagnostic Command) 771M->541M(1397M) 435.645ms
[2026-10-02T08:16:27.484+0000][20.740s][10875] GC(18) Pause Young (Allocation Failure) 1248M->646M(1367M) 92.502ms
[2026-10-02T08:16:28.254+0000][21.510s][10875] GC(19) Pause Full (Diagnostic Command) 687M->640M(1367M) 507.610ms
[2026-10-02T08:16:34.533+0000][27.789s][10875] GC(20) Pause Full (Diagnostic Command) 1172M->690M(1367M) 585.877ms
[2026-10-02T08:16:38.047+0000][31.303s][10875] GC(21) Pause Young (Allocation Failure) 1262M->731M(1369M) 158.509ms
[2026-10-02T08:16:40.804+0000][34.059s][10875] GC(22) Pause Full (Diagnostic Command) 950M->744M(1369M) 632.046ms
[2026-10-02T08:16:45.955+0000][39.211s][10875] GC(23) Pause Young (Allocation Failure) 1206M->784M(1423M) 191.929ms
[2026-10-02T08:16:46.836+0000][40.092s][10875] GC(24) Pause Full (Diagnostic Command) 816M->766M(1423M) 646.775ms
[2026-10-02T08:16:52.459+0000][45.715s][10875] GC(25) Pause Young (Allocation Failure) 1404M->907M(1331M) 392.249ms
[2026-10-02T08:16:53.283+0000][46.539s][10875] GC(26) Pause Full (Diagnostic Command) 915M->902M(1331M) 799.803ms
[2026-10-02T08:16:55.037+0000][48.293s][10875] GC(27) Pause Young (Allocation Failure) 1325M->1072M(1496M) 315.892ms
[2026-10-02T08:16:56.903+0000][50.158s][10875] GC(28) Pause Young (Allocation Failure) 1495M->1111M(1717M) 282.914ms
[2026-10-02T08:16:58.475+0000][51.731s][10875] GC(29) Pause Young (Allocation Failure) 1453M->1144M(1795M) 90.223ms
[2026-10-02T08:16:59.147+0000][52.403s][10875] GC(30) Pause Full (Diagnostic Command) 1186M->421M(1795M) 499.397ms
[2026-10-02T08:16:59.726+0000][52.982s][10875] GC(31) Pause Young (Allocation Failure) 763M->529M(1787M) 35.332ms
