[2026-10-02T08:14:53.582+0000][0.002s][10084] CardTable entry size: 512
[2026-10-02T08:14:53.582+0000][0.002s][10084] Using Parallel
[2026-10-02T08:14:53.583+0000][0.003s][10084] Version: 25.0.4.1+1-LTS (release)
[2026-10-02T08:14:53.583+0000][0.003s][10084] CPUs: 4 total, 4 available
[2026-10-02T08:14:53.583+0000][0.003s][10084] Memory: 15989M
[2026-10-02T08:14:53.583+0000][0.003s][10084] Large Page Support: Disabled
[2026-10-02T08:14:53.583+0000][0.003s][10084] NUMA Support: Disabled
[2026-10-02T08:14:53.583+0000][0.003s][10084] Compressed Oops: Enabled (Zero based)
[2026-10-02T08:14:53.583+0000][0.003s][10084] Alignments: Space 512K, Generation 512K, Heap 2M
[2026-10-02T08:14:53.583+0000][0.003s][10084] Heap Min Capacity: 8M
[2026-10-02T08:14:53.583+0000][0.003s][10084] Heap Initial Capacity: 250M
[2026-10-02T08:14:53.583+0000][0.003s][10084] Heap Max Capacity: 3G
[2026-10-02T08:14:53.583+0000][0.003s][10084] Pre-touch: Disabled
[2026-10-02T08:14:53.583+0000][0.003s][10084] Parallel Workers: 4
[2026-10-02T08:14:54.494+0000][0.914s][10084] GC(0) Pause Young (Allocation Failure) 64M->10M(240M) 4.932ms
[2026-10-02T08:14:54.970+0000][1.390s][10084] GC(1) Pause Full (Metadata GC Threshold) 63M->19M(240M) 34.209ms
[2026-10-02T08:14:55.140+0000][1.559s][10084] GC(2) Pause Full (Diagnostic Command) 64M->26M(240M) 24.303ms
[2026-10-02T08:14:55.540+0000][1.960s][10084] GC(3) Pause Young (Allocation Failure) 89M->38M(240M) 6.619ms
[2026-10-02T08:14:55.707+0000][2.127s][10084] GC(4) Pause Young (Allocation Failure) 101M->56M(240M) 10.697ms
[2026-10-02T08:14:55.864+0000][2.284s][10084] GC(5) Pause Young (Allocation Failure) 119M->74M(303M) 18.577ms
[2026-10-02T08:14:56.504+0000][2.923s][10084] GC(6) Pause Young (Allocation Failure) 200M->100M(303M) 16.562ms
[2026-10-02T08:14:57.066+0000][3.486s][10084] GC(7) Pause Young (Allocation Failure) 226M->117M(462M) 18.685ms
[2026-10-02T08:14:57.654+0000][4.074s][10084] GC(8) Pause Young (Allocation Failure) 369M->153M(462M) 36.308ms
[2026-10-02T08:14:58.017+0000][4.436s][10084] GC(9) Pause Young (Allocation Failure) 404M->189M(713M) 39.910ms
[2026-10-02T08:14:58.672+0000][5.092s][10084] GC(10) Pause Young (Allocation Failure) 674M->241M(731M) 70.820ms
[2026-10-02T08:14:59.392+0000][5.812s][10084] GC(11) Pause Young (Allocation Failure) 726M->304M(1067M) 89.870ms
[2026-10-02T08:15:00.232+0000][6.652s][10084] GC(12) Pause Young (Allocation Failure) 1065M->398M(1184M) 121.558ms
[2026-10-02T08:15:01.660+0000][8.080s][10084] GC(13) Pause Full (Diagnostic Command) 1003M->465M(1184M) 394.435ms
[2026-10-02T08:15:04.380+0000][10.800s][10084] GC(14) Pause Young (Allocation Failure) 1062M->522M(1175M) 171.666ms
[2026-10-02T08:15:05.780+0000][12.200s][10084] GC(15) Pause Young (Allocation Failure) 1175M->568M(1361M) 129.935ms
[2026-10-02T08:15:07.889+0000][14.309s][10084] GC(16) Pause Full (Diagnostic Command) 1100M->538M(1361M) 426.984ms
[2026-10-02T08:15:12.940+0000][19.360s][10084] GC(17) Pause Young (Allocation Failure) 1175M->644M(1351M) 132.048ms
[2026-10-02T08:15:14.172+0000][20.592s][10084] GC(18) Pause Full (Diagnostic Command) 694M->638M(1351M) 519.417ms
[2026-10-02T08:15:20.323+0000][26.743s][10084] GC(19) Pause Full (Diagnostic Command) 1277M->678M(1351M) 566.502ms
[2026-10-02T08:15:24.168+0000][30.588s][10084] GC(20) Pause Young (Allocation Failure) 1173M->727M(1378M) 167.417ms
[2026-10-02T08:15:26.615+0000][33.035s][10084] GC(21) Pause Full (Diagnostic Command) 1004M->739M(1378M) 637.718ms
[2026-10-02T08:15:32.903+0000][39.323s][10084] GC(22) Pause Full (Diagnostic Command) 1191M->761M(1378M) 672.950ms
[2026-10-02T08:15:37.270+0000][43.690s][10084] GC(23) Pause Young (Allocation Failure) 1191M->809M(1279M) 238.338ms
[2026-10-02T08:15:39.124+0000][45.544s][10084] GC(24) Pause Full (Diagnostic Command) 973M->859M(1279M) 756.537ms
[2026-10-02T08:15:40.559+0000][46.978s][10084] GC(25) Pause Young (Allocation Failure) 1091M->950M(1419M) 287.558ms
[2026-10-02T08:15:42.629+0000][49.049s][10084] GC(26) Pause Young (Allocation Failure) 1419M->1106M(1590M) 309.627ms
[2026-10-02T08:15:43.944+0000][50.364s][10084] GC(27) Pause Young (Allocation Failure) 1467M->1108M(1470M) 105.643ms
[2026-10-02T08:15:44.990+0000][51.410s][10084] GC(28) Pause Full (Diagnostic Command) 1214M->398M(1470M) 518.812ms
[2026-10-02T08:15:46.156+0000][52.576s][10084] GC(29) Pause Young (Allocation Failure) 745M->476M(1813M) 57.129ms
[2026-10-02T08:15:46.675+0000][53.095s][10084] GC(30) Pause Young (Allocation Failure) 849M->493M(1513M) 51.778ms
