[2026-10-02T08:06:48.959+0000][0.006s][2834] CardTable entry size: 512
[2026-10-02T08:06:48.959+0000][0.006s][2834] Using Parallel
[2026-10-02T08:06:48.970+0000][0.017s][2834] Version: 25.0.4.1+1-LTS (release)
[2026-10-02T08:06:48.970+0000][0.017s][2834] CPUs: 4 total, 4 available
[2026-10-02T08:06:48.970+0000][0.017s][2834] Memory: 15989M
[2026-10-02T08:06:48.970+0000][0.017s][2834] Large Page Support: Disabled
[2026-10-02T08:06:48.970+0000][0.017s][2834] NUMA Support: Disabled
[2026-10-02T08:06:48.970+0000][0.017s][2834] Compressed Oops: Enabled (Zero based)
[2026-10-02T08:06:48.970+0000][0.017s][2834] Alignments: Space 512K, Generation 512K, Heap 2M
[2026-10-02T08:06:48.970+0000][0.017s][2834] Heap Min Capacity: 8M
[2026-10-02T08:06:48.970+0000][0.017s][2834] Heap Initial Capacity: 250M
[2026-10-02T08:06:48.970+0000][0.017s][2834] Heap Max Capacity: 5G
[2026-10-02T08:06:48.970+0000][0.017s][2834] Pre-touch: Disabled
[2026-10-02T08:06:48.970+0000][0.017s][2834] Parallel Workers: 4
[2026-10-02T08:06:51.090+0000][2.138s][2834] GC(0) Pause Full (Diagnostic Command) 53M->9M(240M) 34.398ms
[2026-10-02T08:06:52.277+0000][3.324s][2834] GC(1) Pause Full (Metadata GC Threshold) 50M->12M(240M) 18.998ms
[2026-10-02T08:06:53.379+0000][4.427s][2834] GC(2) Pause Full (Metadata GC Threshold) 68M->18M(240M) 49.351ms
[2026-10-02T08:06:54.248+0000][5.295s][2834] GC(3) Pause Young (Allocation Failure) 81M->28M(240M) 16.484ms
[2026-10-02T08:06:55.167+0000][6.215s][2834] GC(4) Pause Young (Allocation Failure) 91M->39M(240M) 42.175ms
[2026-10-02T08:06:56.082+0000][7.129s][2834] GC(5) Pause Young (Allocation Failure) 102M->56M(240M) 46.514ms
[2026-10-02T08:06:56.612+0000][7.660s][2834] GC(6) Pause Full (Metadata GC Threshold) 67M->57M(240M) 135.586ms
[2026-10-02T08:06:57.458+0000][8.506s][2834] GC(7) Pause Full (Diagnostic Command) 77M->59M(240M) 207.595ms
[2026-10-02T08:06:58.395+0000][9.443s][2834] GC(8) Pause Young (Allocation Failure) 122M->73M(303M) 18.196ms
[2026-10-02T08:06:59.393+0000][10.440s][2834] GC(9) Pause Young (Allocation Failure) 199M->101M(303M) 30.140ms
[2026-10-02T08:07:00.731+0000][11.779s][2834] GC(10) Pause Young (Allocation Failure) 227M->120M(461M) 24.470ms
[2026-10-02T08:07:03.050+0000][14.098s][2834] GC(11) Pause Young (Allocation Failure) 372M->159M(461M) 50.576ms
[2026-10-02T08:07:03.699+0000][14.746s][2834] GC(12) Pause Full (Diagnostic Command) 291M->102M(461M) 152.172ms
[2026-10-02T08:07:05.242+0000][16.289s][2834] GC(13) Pause Young (Allocation Failure) 354M->146M(730M) 33.619ms
[2026-10-02T08:07:08.813+0000][19.860s][2834] GC(14) Pause Young (Allocation Failure) 647M->204M(733M) 106.365ms
[2026-10-02T08:07:10.545+0000][21.592s][2834] GC(15) Pause Full (Diagnostic Command) 495M->145M(733M) 477.073ms
[2026-10-02T08:07:14.212+0000][25.259s][2834] GC(16) Pause Young (Allocation Failure) 645M->208M(1054M) 65.262ms
[2026-10-02T08:07:16.362+0000][27.410s][2834] GC(17) Pause Young (Allocation Failure) 1005M->297M(1098M) 199.569ms
[2026-10-02T08:07:16.754+0000][27.801s][2834] GC(18) Pause Full (Diagnostic Command) 317M->276M(1098M) 374.670ms
[2026-10-02T08:07:19.816+0000][30.863s][2834] GC(19) Pause Young (Allocation Failure) 1073M->354M(1599M) 217.628ms
[2026-10-02T08:07:23.265+0000][34.312s][2834] GC(20) Pause Full (Diagnostic Command) 768M->364M(1599M) 450.192ms
[2026-10-02T08:07:29.777+0000][40.824s][2834] GC(21) Pause Full (Diagnostic Command) 1269M->383M(1599M) 455.353ms
[2026-10-02T08:07:36.660+0000][47.707s][2834] GC(22) Pause Full (Diagnostic Command) 985M->404M(1599M) 875.489ms
[2026-10-02T08:07:42.454+0000][53.502s][2834] GC(23) Pause Young (Allocation Failure) 1491M->620M(1865M) 344.663ms
[2026-10-02T08:07:42.850+0000][53.897s][2834] GC(24) Pause Full (Diagnostic Command) 641M->264M(1865M) 371.494ms
[2026-10-02T08:07:49.073+0000][60.120s][2834] GC(25) Pause Full (Diagnostic Command) 895M->136M(1865M) 403.424ms
[2026-10-02T08:07:55.892+0000][66.940s][2834] GC(26) Pause Full (Diagnostic Command) 950M->201M(1865M) 560.882ms
[2026-10-02T08:08:02.269+0000][73.316s][2834] GC(27) Pause Full (Diagnostic Command) 854M->73M(1865M) 462.135ms
[2026-10-02T08:08:08.810+0000][79.858s][2834] GC(28) Pause Full (Diagnostic Command) 1083M->275M(1865M) 525.698ms
[2026-10-02T08:08:15.704+0000][86.751s][2834] GC(29) Pause Full (Diagnostic Command) 934M->129M(1865M) 846.739ms
[2026-10-02T08:08:22.305+0000][93.353s][2834] GC(30) Pause Full (Diagnostic Command) 693M->140M(1865M) 595.478ms
[2026-10-02T08:08:28.924+0000][99.971s][2834] GC(31) Pause Full (Diagnostic Command) 578M->116M(1865M) 618.533ms
[2026-10-02T08:08:35.225+0000][106.272s][2834] GC(32) Pause Full (Diagnostic Command) 162M->37M(1865M) 327.065ms
[2026-10-02T08:08:42.149+0000][113.196s][2834] GC(33) Pause Full (Diagnostic Command) 47M->37M(1865M) 528.409ms
[2026-10-02T08:08:48.804+0000][119.851s][2834] GC(34) Pause Full (Diagnostic Command) 113M->60M(1865M) 453.577ms
[2026-10-02T08:08:55.334+0000][126.381s][2834] GC(35) Pause Full (Diagnostic Command) 793M->200M(1865M) 540.528ms
[2026-10-02T08:09:01.968+0000][133.016s][2834] GC(36) Pause Full (Diagnostic Command) 752M->148M(1865M) 716.773ms
[2026-10-02T08:09:08.262+0000][139.309s][2834] GC(37) Pause Full (Diagnostic Command) 611M->62M(1865M) 465.979ms
[2026-10-02T08:09:15.193+0000][146.241s][2834] GC(38) Pause Full (Diagnostic Command) 575M->137M(1865M) 700.451ms
[2026-10-02T08:09:21.703+0000][152.750s][2834] GC(39) Pause Full (Diagnostic Command) 565M->153M(1865M) 640.351ms
[2026-10-02T08:09:28.130+0000][159.177s][2834] GC(40) Pause Full (Diagnostic Command) 619M->49M(1865M) 691.112ms
[2026-10-02T08:09:34.139+0000][165.186s][2834] GC(41) Pause Full (Diagnostic Command) 75M->48M(1865M) 352.519ms
[2026-10-02T08:09:40.870+0000][171.917s][2834] GC(42) Pause Full (Diagnostic Command) 53M->48M(1865M) 414.073ms
[2026-10-02T08:09:47.580+0000][178.628s][2834] GC(43) Pause Full (Diagnostic Command) 48M->48M(1865M) 476.580ms
[2026-10-02T08:09:53.840+0000][184.887s][2834] GC(44) Pause Full (Diagnostic Command) 49M->48M(1865M) 452.481ms
[2026-10-02T08:10:00.102+0000][191.149s][2834] GC(45) Pause Full (Diagnostic Command) 52M->48M(1865M) 302.128ms
[2026-10-02T08:10:06.633+0000][197.680s][2834] GC(46) Pause Full (Diagnostic Command) 48M->48M(1865M) 334.224ms
[2026-10-02T08:10:13.440+0000][204.487s][2834] GC(47) Pause Full (Diagnostic Command) 48M->48M(1865M) 489.853ms
[2026-10-02T08:10:19.792+0000][210.840s][2834] GC(48) Pause Full (Diagnostic Command) 58M->48M(1865M) 456.550ms
[2026-10-02T08:10:26.115+0000][217.162s][2834] GC(49) Pause Full (Diagnostic Command) 55M->48M(1865M) 462.148ms
[2026-10-02T08:10:32.629+0000][223.676s][2834] GC(50) Pause Full (Diagnostic Command) 58M->48M(1865M) 410.174ms
[2026-10-02T08:10:38.890+0000][229.937s][2834] GC(51) Pause Full (Diagnostic Command) 48M->48M(1865M) 392.730ms
[2026-10-02T08:10:45.180+0000][236.227s][2834] GC(52) Pause Full (Diagnostic Command) 48M->48M(1865M) 337.009ms
[2026-10-02T08:10:51.518+0000][242.565s][2834] GC(53) Pause Full (Diagnostic Command) 48M->48M(1865M) 292.785ms
[2026-10-02T08:10:58.102+0000][249.149s][2834] GC(54) Pause Full (Diagnostic Command) 48M->48M(1865M) 456.161ms
[2026-10-02T08:11:04.196+0000][255.243s][2834] GC(55) Pause Full (Diagnostic Command) 48M->48M(1865M) 302.484ms
[2026-10-02T08:11:10.773+0000][261.821s][2834] GC(56) Pause Full (Diagnostic Command) 48M->48M(1865M) 424.698ms
[2026-10-02T08:11:16.991+0000][268.038s][2834] GC(57) Pause Full (Diagnostic Command) 48M->48M(1865M) 327.169ms
[2026-10-02T08:11:24.257+0000][275.304s][2834] GC(58) Pause Full (Diagnostic Command) 48M->48M(1865M) 647.152ms
