[2026-10-02T08:08:10.085+0000][0.015s][4315] CardTable entry size: 512
[2026-10-02T08:08:10.085+0000][0.015s][4315] Using Parallel
[2026-10-02T08:08:10.088+0000][0.018s][4315] Version: 25.0.4.1+1-LTS (release)
[2026-10-02T08:08:10.088+0000][0.018s][4315] CPUs: 4 total, 4 available
[2026-10-02T08:08:10.088+0000][0.018s][4315] Memory: 15989M
[2026-10-02T08:08:10.088+0000][0.018s][4315] Large Page Support: Disabled
[2026-10-02T08:08:10.088+0000][0.018s][4315] NUMA Support: Disabled
[2026-10-02T08:08:10.088+0000][0.018s][4315] Compressed Oops: Enabled (Zero based)
[2026-10-02T08:08:10.088+0000][0.018s][4315] Alignments: Space 512K, Generation 512K, Heap 2M
[2026-10-02T08:08:10.088+0000][0.018s][4315] Heap Min Capacity: 8M
[2026-10-02T08:08:10.088+0000][0.018s][4315] Heap Initial Capacity: 250M
[2026-10-02T08:08:10.088+0000][0.018s][4315] Heap Max Capacity: 5G
[2026-10-02T08:08:10.088+0000][0.018s][4315] Pre-touch: Disabled
[2026-10-02T08:08:10.088+0000][0.018s][4315] Parallel Workers: 4
[2026-10-02T08:08:12.189+0000][2.119s][4315] GC(0) Pause Young (Allocation Failure) 64M->10M(240M) 20.323ms
[2026-10-02T08:08:12.962+0000][2.892s][4315] GC(1) Pause Full (Metadata GC Threshold) 33M->12M(240M) 56.123ms
[2026-10-02T08:08:14.537+0000][4.467s][4315] GC(2) Pause Young (Allocation Failure) 75M->17M(240M) 23.309ms
[2026-10-02T08:08:14.815+0000][4.745s][4315] GC(3) Pause Full (Metadata GC Threshold) 23M->17M(240M) 104.192ms
[2026-10-02T08:08:15.109+0000][5.039s][4315] GC(4) Pause Full (Diagnostic Command) 22M->17M(240M) 90.748ms
[2026-10-02T08:08:16.616+0000][6.546s][4315] GC(5) Pause Young (Allocation Failure) 80M->28M(240M) 40.065ms
[2026-10-02T08:08:17.119+0000][7.049s][4315] GC(6) Pause Young (Allocation Failure) 91M->46M(303M) 47.054ms
[2026-10-02T08:08:19.333+0000][9.264s][4315] GC(7) Pause Young (Allocation Failure) 172M->72M(303M) 70.897ms
[2026-10-02T08:08:21.846+0000][11.776s][4315] GC(8) Pause Full (Diagnostic Command) 165M->87M(303M) 294.763ms
[2026-10-02T08:08:23.013+0000][12.943s][4315] GC(9) Pause Young (Allocation Failure) 213M->114M(457M) 53.162ms
[2026-10-02T08:08:28.588+0000][18.518s][4315] GC(10) Pause Full (Diagnostic Command) 300M->133M(457M) 338.598ms
[2026-10-02T08:08:32.783+0000][22.713s][4315] GC(11) Pause Young (Allocation Failure) 383M->167M(459M) 44.364ms
[2026-10-02T08:08:34.720+0000][24.650s][4315] GC(12) Pause Young (Allocation Failure) 417M->218M(694M) 120.330ms
[2026-10-02T08:08:35.298+0000][25.229s][4315] GC(13) Pause Full (Diagnostic Command) 226M->169M(694M) 539.968ms
[2026-10-02T08:08:39.154+0000][29.084s][4315] GC(14) Pause Young (Allocation Failure) 644M->254M(729M) 105.224ms
[2026-10-02T08:08:42.290+0000][32.220s][4315] GC(15) Pause Full (Diagnostic Command) 697M->214M(729M) 830.839ms
[2026-10-02T08:08:44.535+0000][34.466s][4315] GC(16) Pause Young (Allocation Failure) 689M->276M(1020M) 167.849ms
[2026-10-02T08:08:46.618+0000][36.549s][4315] GC(17) Pause Young (Allocation Failure) 1019M->399M(1143M) 249.909ms
[2026-10-02T08:08:49.249+0000][39.179s][4315] GC(18) Pause Full (Diagnostic Command) 1105M->439M(1143M) 1016.179ms
[2026-10-02T08:08:50.736+0000][40.666s][4315] GC(19) Pause Young (Allocation Failure) 1032M->508M(1650M) 388.947ms
[2026-10-02T08:08:53.244+0000][43.174s][4315] GC(20) Pause Young (Allocation Failure) 1649M->652M(1861M) 589.147ms
[2026-10-02T08:08:55.883+0000][45.813s][4315] GC(21) Pause Full (Diagnostic Command) 1504M->750M(1861M) 1248.291ms
[2026-10-02T08:08:58.854+0000][48.785s][4315] GC(22) Pause Young (Allocation Failure) 1649M->868M(1951M) 804.746ms
[2026-10-02T08:09:03.252+0000][53.183s][4315] GC(23) Pause Full (Diagnostic Command) 1659M->970M(1951M) 2067.689ms
[2026-10-02T08:09:08.149+0000][58.079s][4315] GC(24) Pause Young (Allocation Failure) 1727M->1030M(2112M) 875.300ms
[2026-10-02T08:09:10.211+0000][60.141s][4315] GC(25) Pause Full (Diagnostic Command) 1049M->1027M(2112M) 2035.156ms
[2026-10-02T08:09:16.478+0000][66.409s][4315] GC(26) Pause Full (Diagnostic Command) 1897M->1098M(2112M) 2057.149ms
[2026-10-02T08:09:18.916+0000][68.846s][4315] GC(27) Pause Young (Allocation Failure) 1800M->1134M(1898M) 828.375ms
[2026-10-02T08:09:23.019+0000][72.949s][4315] GC(28) Pause Full (Diagnostic Command) 1655M->1162M(1898M) 2050.587ms
[2026-10-02T08:09:25.017+0000][74.947s][4315] GC(29) Pause Young (Allocation Failure) 1585M->1267M(2031M) 514.544ms
[2026-10-02T08:09:29.124+0000][79.054s][4315] GC(30) Pause Full (Diagnostic Command) 1863M->1164M(2031M) 1612.566ms
[2026-10-02T08:09:30.021+0000][79.952s][4315] GC(31) Pause Young (Allocation Failure) 1586M->1224M(1894M) 339.921ms
[2026-10-02T08:09:31.508+0000][81.438s][4315] GC(32) Pause Young (Allocation Failure) 1794M->1297M(2361M) 400.986ms
[2026-10-02T08:09:32.646+0000][82.576s][4315] GC(33) Pause Young (Allocation Failure) 1866M->1383M(2406M) 197.411ms
[2026-10-02T08:09:33.545+0000][83.475s][4315] GC(34) Pause Young (Allocation Failure) 1953M->1475M(2507M) 205.435ms
[2026-10-02T08:09:35.691+0000][85.621s][4315] GC(35) Pause Full (Diagnostic Command) 1625M->1488M(2507M) 1799.182ms
[2026-10-02T08:09:37.395+0000][87.325s][4315] GC(36) Pause Young (Allocation Failure) 1953M->1563M(2475M) 593.371ms
[2026-10-02T08:09:38.621+0000][88.551s][4315] GC(37) Pause Young (Allocation Failure) 2182M->1671M(2681M) 308.512ms
[2026-10-02T08:09:42.960+0000][92.890s][4315] GC(38) Pause Full (Diagnostic Command) 2126M->1731M(2681M) 2430.400ms
[2026-10-02T08:09:45.601+0000][95.531s][4315] GC(39) Pause Young (Allocation Failure) 2182M->1748M(2712M) 402.862ms
[2026-10-02T08:09:49.380+0000][99.311s][4315] GC(40) Pause Full (Diagnostic Command) 2064M->1766M(2712M) 2404.047ms
[2026-10-02T08:09:51.088+0000][101.018s][4315] GC(41) Pause Young (Allocation Failure) 2296M->1783M(2754M) 555.057ms
[2026-10-02T08:09:54.981+0000][104.911s][4315] GC(42) Pause Full (Diagnostic Command) 2397M->1762M(2754M) 1527.294ms
[2026-10-02T08:09:57.408+0000][107.338s][4315] GC(43) Pause Young (Allocation Failure) 2302M->1859M(2814M) 414.055ms
[2026-10-02T08:10:01.545+0000][111.475s][4315] GC(44) Pause Full (Diagnostic Command) 2513M->1917M(2814M) 1697.025ms
[2026-10-02T08:10:06.445+0000][116.375s][4315] GC(45) Pause Young (Allocation Failure) 2377M->1958M(2762M) 891.080ms
[2026-10-02T08:10:09.247+0000][119.177s][4315] GC(46) Pause Full (Diagnostic Command) 1971M->1955M(2762M) 2771.389ms
[2026-10-02T08:10:15.841+0000][125.771s][4315] GC(47) Pause Full (Diagnostic Command) 2533M->2045M(2762M) 2889.132ms
[2026-10-02T08:10:19.077+0000][129.008s][4315] GC(48) Pause Young (Allocation Failure) 2386M->2061M(2658M) 807.813ms
[2026-10-02T08:10:21.795+0000][131.725s][4315] GC(49) Pause Full (Diagnostic Command) 2076M->2058M(2658M) 2614.466ms
[2026-10-02T08:10:23.955+0000][133.885s][4315] GC(50) Pause Young (Allocation Failure) 2634M->2076M(2653M) 710.701ms
[2026-10-02T08:10:28.189+0000][138.119s][4315] GC(51) Pause Full (Diagnostic Command) 2333M->2101M(2653M) 2312.099ms
[2026-10-02T08:10:29.474+0000][139.404s][4315] GC(52) Pause Young (Allocation Failure) 2179M->2110M(2742M) 648.209ms
[2026-10-02T08:10:34.469+0000][144.399s][4315] GC(53) Pause Full (Diagnostic Command) 2480M->2134M(2742M) 2201.945ms
[2026-10-02T08:10:35.027+0000][144.957s][4315] GC(54) Pause Young (Allocation Failure) 2173M->2136M(2744M) 447.527ms
[2026-10-02T08:10:37.600+0000][147.531s][4315] GC(55) Pause Young (Allocation Failure) 2706M->2181M(3263M) 476.683ms
[2026-10-02T08:10:40.441+0000][150.371s][4315] GC(56) Pause Full (Diagnostic Command) 2427M->2169M(3263M) 2019.312ms
[2026-10-02T08:10:43.846+0000][153.776s][4315] GC(57) Pause Young (Allocation Failure) 2738M->2242M(3263M) 386.570ms
[2026-10-02T08:10:46.856+0000][156.786s][4315] GC(58) Pause Full (Diagnostic Command) 2481M->2212M(3263M) 2059.866ms
[2026-10-02T08:10:49.231+0000][159.161s][4315] GC(59) Pause Young (Allocation Failure) 2782M->2280M(3264M) 367.984ms
[2026-10-02T08:10:53.410+0000][163.340s][4315] GC(60) Pause Full (Diagnostic Command) 2688M->2288M(3264M) 2136.239ms
[2026-10-02T08:10:56.386+0000][166.316s][4315] GC(61) Pause Young (Allocation Failure) 2695M->2413M(3264M) 456.827ms
[2026-10-02T08:11:00.224+0000][170.154s][4315] GC(62) Pause Full (Diagnostic Command) 2910M->2582M(3264M) 2466.423ms
[2026-10-02T08:11:01.025+0000][170.955s][4315] GC(63) Pause Young (Allocation Failure) 2696M->2622M(3265M) 576.647ms
[2026-10-02T08:11:02.503+0000][172.433s][4315] GC(64) Pause Young (Allocation Failure) 3192M->2844M(3762M) 542.873ms
[2026-10-02T08:11:04.056+0000][173.986s][4315] GC(65) Pause Young (Allocation Failure) 3413M->3062M(3983M) 539.499ms
[2026-10-02T08:11:06.787+0000][176.717s][4315] GC(66) Pause Full (Diagnostic Command) 3075M->3060M(3983M) 2705.586ms
[2026-10-02T08:11:09.119+0000][179.049s][4315] GC(67) Pause Young (Allocation Failure) 3630M->3206M(3984M) 655.985ms
[2026-10-02T08:11:11.702+0000][181.632s][4315] GC(68) Pause Full (Diagnostic Command) 3522M->1139M(3984M) 1349.959ms
[2026-10-02T08:11:12.698+0000][182.628s][4315] GC(69) Pause Young (Allocation Failure) 1708M->1141M(3984M) 15.053ms
[2026-10-02T08:11:13.919+0000][183.849s][4315] GC(70) Pause Young (Allocation Failure) 1711M->1216M(3984M) 60.681ms
[2026-10-02T08:11:15.117+0000][185.047s][4315] GC(71) Pause Young (Allocation Failure) 1783M->1307M(3984M) 161.123ms
[2026-10-02T08:11:15.836+0000][185.766s][4315] GC(72) Pause Young (Allocation Failure) 1877M->1466M(3984M) 148.096ms
[2026-10-02T08:11:16.535+0000][186.466s][4315] GC(73) Pause Young (Allocation Failure) 2036M->1469M(3984M) 110.790ms
[2026-10-02T08:11:18.233+0000][188.163s][4315] GC(74) Pause Full (Diagnostic Command) 1611M->1401M(3984M) 1484.028ms
[2026-10-02T08:11:24.092+0000][194.022s][4315] GC(75) Pause Full (Diagnostic Command) 1761M->21M(3984M) 459.501ms
