[2026-10-02T08:57:51.981+0000][0.007s][2750] CardTable entry size: 512
[2026-10-02T08:57:51.981+0000][0.007s][2750] Using Parallel
[2026-10-02T08:57:52.007+0000][0.033s][2750] Version: 25.0.4.1+1-LTS (release)
[2026-10-02T08:57:52.007+0000][0.033s][2750] CPUs: 4 total, 4 available
[2026-10-02T08:57:52.007+0000][0.033s][2750] Memory: 15993M
[2026-10-02T08:57:52.007+0000][0.033s][2750] Large Page Support: Disabled
[2026-10-02T08:57:52.007+0000][0.033s][2750] NUMA Support: Disabled
[2026-10-02T08:57:52.007+0000][0.033s][2750] Compressed Oops: Enabled (Zero based)
[2026-10-02T08:57:52.007+0000][0.033s][2750] Alignments: Space 512K, Generation 512K, Heap 2M
[2026-10-02T08:57:52.007+0000][0.033s][2750] Heap Min Capacity: 8M
[2026-10-02T08:57:52.007+0000][0.033s][2750] Heap Initial Capacity: 250M
[2026-10-02T08:57:52.007+0000][0.033s][2750] Heap Max Capacity: 5G
[2026-10-02T08:57:52.007+0000][0.033s][2750] Pre-touch: Disabled
[2026-10-02T08:57:52.007+0000][0.033s][2750] Parallel Workers: 4
[2026-10-02T08:57:53.881+0000][1.907s][2750] GC(0) Pause Full (Diagnostic Command) 45M->8M(240M) 31.656ms
[2026-10-02T08:57:55.143+0000][3.169s][2750] GC(1) Pause Full (Metadata GC Threshold) 56M->12M(240M) 36.896ms
[2026-10-02T08:57:56.360+0000][4.387s][2750] GC(2) Pause Full (Metadata GC Threshold) 73M->22M(240M) 53.408ms
[2026-10-02T08:57:57.182+0000][5.208s][2750] GC(3) Pause Young (Allocation Failure) 85M->32M(240M) 21.779ms
[2026-10-02T08:57:58.147+0000][6.173s][2750] GC(4) Pause Young (Allocation Failure) 95M->44M(240M) 46.129ms
[2026-10-02T08:57:59.075+0000][7.101s][2750] GC(5) Pause Young (Allocation Failure) 107M->60M(240M) 53.038ms
[2026-10-02T08:57:59.328+0000][7.354s][2750] GC(6) Pause Full (Metadata GC Threshold) 68M->61M(240M) 94.957ms
[2026-10-02T08:58:00.117+0000][8.143s][2750] GC(7) Pause Full (Diagnostic Command) 98M->63M(240M) 167.544ms
[2026-10-02T08:58:01.476+0000][9.502s][2750] GC(8) Pause Young (Allocation Failure) 126M->76M(303M) 22.329ms
[2026-10-02T08:58:02.686+0000][10.712s][2750] GC(9) Pause Young (Allocation Failure) 202M->104M(303M) 25.496ms
[2026-10-02T08:58:04.128+0000][12.154s][2750] GC(10) Pause Young (Allocation Failure) 230M->122M(461M) 24.335ms
[2026-10-02T08:58:06.101+0000][14.127s][2750] GC(11) Pause Young (Allocation Failure) 374M->168M(461M) 73.619ms
[2026-10-02T08:58:06.531+0000][14.558s][2750] GC(12) Pause Full (Diagnostic Command) 265M->99M(461M) 139.811ms
[2026-10-02T08:58:08.252+0000][16.278s][2750] GC(13) Pause Young (Allocation Failure) 351M->144M(734M) 28.284ms
[2026-10-02T08:58:11.931+0000][19.957s][2750] GC(14) Pause Young (Allocation Failure) 646M->203M(736M) 84.702ms
[2026-10-02T08:58:13.370+0000][21.396s][2750] GC(15) Pause Full (Diagnostic Command) 439M->138M(736M) 407.381ms
[2026-10-02T08:58:16.759+0000][24.785s][2750] GC(16) Pause Young (Allocation Failure) 640M->193M(1063M) 129.817ms
[2026-10-02T08:58:19.035+0000][27.061s][2750] GC(17) Pause Young (Allocation Failure) 996M->288M(1092M) 216.815ms
[2026-10-02T08:58:19.629+0000][27.655s][2750] GC(18) Pause Full (Diagnostic Command) 369M->273M(1092M) 385.762ms
[2026-10-02T08:58:22.760+0000][30.786s][2750] GC(19) Pause Young (Allocation Failure) 1076M->356M(1609M) 186.380ms
[2026-10-02T08:58:26.261+0000][34.287s][2750] GC(20) Pause Full (Diagnostic Command) 852M->368M(1609M) 423.954ms
[2026-10-02T08:58:32.804+0000][40.830s][2750] GC(21) Pause Full (Diagnostic Command) 1319M->395M(1609M) 500.891ms
[2026-10-02T08:58:39.351+0000][47.377s][2750] GC(22) Pause Full (Diagnostic Command) 914M->405M(1609M) 599.458ms
[2026-10-02T08:58:45.669+0000][53.695s][2750] GC(23) Pause Full (Diagnostic Command) 1323M->258M(1609M) 486.693ms
[2026-10-02T08:58:52.670+0000][60.696s][2750] GC(24) Pause Full (Diagnostic Command) 1012M->107M(1609M) 666.627ms
[2026-10-02T08:58:59.344+0000][67.370s][2750] GC(25) Pause Full (Diagnostic Command) 484M->125M(1609M) 859.585ms
[2026-10-02T08:59:05.839+0000][73.865s][2750] GC(26) Pause Full (Diagnostic Command) 632M->106M(1609M) 689.764ms
[2026-10-02T08:59:12.643+0000][80.669s][2750] GC(27) Pause Full (Diagnostic Command) 588M->180M(1609M) 612.264ms
[2026-10-02T08:59:18.901+0000][86.927s][2750] GC(28) Pause Full (Diagnostic Command) 821M->170M(1609M) 442.633ms
[2026-10-02T08:59:25.373+0000][93.399s][2750] GC(29) Pause Full (Diagnostic Command) 890M->202M(1609M) 558.153ms
[2026-10-02T08:59:32.237+0000][100.263s][2750] GC(30) Pause Full (Diagnostic Command) 1025M->139M(1609M) 839.396ms
[2026-10-02T08:59:39.154+0000][107.180s][2750] GC(31) Pause Full (Diagnostic Command) 539M->160M(1609M) 846.050ms
[2026-10-02T08:59:45.438+0000][113.464s][2750] GC(32) Pause Full (Diagnostic Command) 329M->42M(1609M) 618.399ms
[2026-10-02T08:59:52.116+0000][120.143s][2750] GC(33) Pause Full (Diagnostic Command) 522M->128M(1609M) 631.682ms
[2026-10-02T08:59:58.628+0000][126.654s][2750] GC(34) Pause Full (Diagnostic Command) 455M->173M(1609M) 487.562ms
[2026-10-02T09:00:05.148+0000][133.174s][2750] GC(35) Pause Full (Diagnostic Command) 1261M->159M(1609M) 610.723ms
[2026-10-02T09:00:11.887+0000][139.913s][2750] GC(36) Pause Full (Diagnostic Command) 332M->49M(1609M) 603.754ms
[2026-10-02T09:00:18.978+0000][147.004s][2750] GC(37) Pause Full (Diagnostic Command) 53M->49M(1609M) 934.187ms
[2026-10-02T09:00:24.917+0000][152.943s][2750] GC(38) Pause Full (Diagnostic Command) 49M->49M(1609M) 439.668ms
[2026-10-02T09:00:31.463+0000][159.489s][2750] GC(39) Pause Full (Diagnostic Command) 68M->49M(1609M) 405.831ms
[2026-10-02T09:00:37.883+0000][165.909s][2750] GC(40) Pause Full (Diagnostic Command) 57M->48M(1609M) 378.740ms
[2026-10-02T09:00:44.338+0000][172.364s][2750] GC(41) Pause Full (Diagnostic Command) 49M->48M(1609M) 324.878ms
[2026-10-02T09:00:51.093+0000][179.119s][2750] GC(42) Pause Full (Diagnostic Command) 52M->48M(1609M) 432.207ms
[2026-10-02T09:00:57.290+0000][185.316s][2750] GC(43) Pause Full (Diagnostic Command) 56M->48M(1609M) 245.342ms
[2026-10-02T09:01:04.035+0000][192.061s][2750] GC(44) Pause Full (Diagnostic Command) 48M->48M(1609M) 266.952ms
[2026-10-02T09:01:10.267+0000][198.293s][2750] GC(45) Pause Full (Diagnostic Command) 56M->47M(1609M) 295.172ms
[2026-10-02T09:01:16.972+0000][204.998s][2750] GC(46) Pause Full (Diagnostic Command) 53M->47M(1609M) 362.605ms
[2026-10-02T09:01:23.146+0000][211.172s][2750] GC(47) Pause Full (Diagnostic Command) 47M->47M(1609M) 367.642ms
[2026-10-02T09:01:29.442+0000][217.468s][2750] GC(48) Pause Full (Diagnostic Command) 57M->47M(1609M) 353.115ms
[2026-10-02T09:01:35.764+0000][223.791s][2750] GC(49) Pause Full (Diagnostic Command) 47M->47M(1609M) 344.300ms
[2026-10-02T09:01:42.050+0000][230.076s][2750] GC(50) Pause Full (Diagnostic Command) 47M->47M(1609M) 253.219ms
[2026-10-02T09:01:48.520+0000][236.546s][2750] GC(51) Pause Full (Diagnostic Command) 47M->46M(1609M) 274.989ms
[2026-10-02T09:01:54.883+0000][242.909s][2750] GC(52) Pause Full (Diagnostic Command) 55M->46M(1609M) 228.709ms
[2026-10-02T09:02:01.085+0000][249.111s][2750] GC(53) Pause Full (Diagnostic Command) 46M->46M(1609M) 246.171ms
[2026-10-02T09:02:07.597+0000][255.623s][2750] GC(54) Pause Full (Diagnostic Command) 46M->46M(1609M) 343.797ms
[2026-10-02T09:02:14.299+0000][262.325s][2750] GC(55) Pause Full (Diagnostic Command) 46M->46M(1609M) 452.932ms
