[2026-10-02T08:58:53.198+0000][0.003s][3983] CardTable entry size: 512
[2026-10-02T08:58:53.198+0000][0.003s][3983] Using Parallel
[2026-10-02T08:58:53.199+0000][0.004s][3983] Version: 25.0.4.1+1-LTS (release)
[2026-10-02T08:58:53.199+0000][0.004s][3983] CPUs: 4 total, 4 available
[2026-10-02T08:58:53.199+0000][0.004s][3983] Memory: 15993M
[2026-10-02T08:58:53.199+0000][0.004s][3983] Large Page Support: Disabled
[2026-10-02T08:58:53.199+0000][0.004s][3983] NUMA Support: Disabled
[2026-10-02T08:58:53.199+0000][0.004s][3983] Compressed Oops: Enabled (Zero based)
[2026-10-02T08:58:53.199+0000][0.004s][3983] Alignments: Space 512K, Generation 512K, Heap 2M
[2026-10-02T08:58:53.199+0000][0.004s][3983] Heap Min Capacity: 8M
[2026-10-02T08:58:53.199+0000][0.004s][3983] Heap Initial Capacity: 250M
[2026-10-02T08:58:53.199+0000][0.004s][3983] Heap Max Capacity: 5G
[2026-10-02T08:58:53.199+0000][0.004s][3983] Pre-touch: Disabled
[2026-10-02T08:58:53.199+0000][0.004s][3983] Parallel Workers: 4
[2026-10-02T08:58:56.479+0000][3.284s][3983] GC(0) Pause Young (Allocation Failure) 64M->11M(240M) 24.356ms
[2026-10-02T08:58:57.066+0000][3.871s][3983] GC(1) Pause Full (Metadata GC Threshold) 28M->11M(240M) 33.126ms
[2026-10-02T08:58:58.605+0000][5.410s][3983] GC(2) Pause Full (Diagnostic Command) 42M->13M(240M) 71.598ms
[2026-10-02T08:59:01.200+0000][8.004s][3983] GC(3) Pause Young (Allocation Failure) 76M->20M(240M) 26.424ms
[2026-10-02T08:59:03.368+0000][10.172s][3983] GC(4) Pause Young (Allocation Failure) 83M->34M(240M) 66.678ms
[2026-10-02T08:59:04.179+0000][10.983s][3983] GC(5) Pause Young (Allocation Failure) 97M->53M(303M) 65.651ms
[2026-10-02T08:59:04.895+0000][11.700s][3983] GC(6) Pause Full (Metadata GC Threshold) 67M->54M(303M) 240.122ms
[2026-10-02T08:59:05.286+0000][12.091s][3983] GC(7) Pause Full (Diagnostic Command) 57M->54M(303M) 172.060ms
[2026-10-02T08:59:11.243+0000][18.047s][3983] GC(8) Pause Young (Allocation Failure) 180M->78M(303M) 84.493ms
[2026-10-02T08:59:12.142+0000][18.946s][3983] GC(9) Pause Full (Diagnostic Command) 95M->80M(303M) 327.646ms
[2026-10-02T08:59:16.749+0000][23.553s][3983] GC(10) Pause Young (Allocation Failure) 206M->90M(453M) 36.028ms
[2026-10-02T08:59:18.624+0000][25.428s][3983] GC(11) Pause Full (Diagnostic Command) 125M->93M(453M) 285.744ms
[2026-10-02T08:59:25.121+0000][31.926s][3983] GC(12) Pause Full (Diagnostic Command) 220M->100M(453M) 200.226ms
[2026-10-02T08:59:32.042+0000][38.847s][3983] GC(13) Pause Full (Diagnostic Command) 271M->108M(453M) 436.779ms
[2026-10-02T08:59:38.699+0000][45.504s][3983] GC(14) Pause Full (Diagnostic Command) 341M->67M(453M) 436.392ms
[2026-10-02T08:59:42.087+0000][48.891s][3983] GC(15) Pause Young (Allocation Failure) 319M->123M(453M) 94.237ms
[2026-10-02T08:59:43.902+0000][50.707s][3983] GC(16) Pause Young (Allocation Failure) 375M->175M(698M) 124.590ms
[2026-10-02T08:59:45.411+0000][52.216s][3983] GC(17) Pause Full (Diagnostic Command) 253M->177M(698M) 544.159ms
[2026-10-02T08:59:50.728+0000][57.533s][3983] GC(18) Pause Young (Allocation Failure) 657M->252M(732M) 194.642ms
[2026-10-02T08:59:52.015+0000][58.820s][3983] GC(19) Pause Full (Diagnostic Command) 320M->114M(732M) 365.196ms
[2026-10-02T08:59:55.008+0000][61.812s][3983] GC(20) Pause Young (Allocation Failure) 593M->222M(1017M) 134.054ms
[2026-10-02T08:59:58.504+0000][65.308s][3983] GC(21) Pause Full (Diagnostic Command) 675M->142M(1017M) 340.333ms
[2026-10-02T09:00:00.549+0000][67.353s][3983] GC(22) Pause Young (Allocation Failure) 889M->273M(1038M) 135.566ms
[2026-10-02T09:00:02.515+0000][69.319s][3983] GC(23) Pause Young (Allocation Failure) 1019M->373M(1598M) 307.885ms
[2026-10-02T09:00:05.558+0000][72.363s][3983] GC(24) Pause Full (Diagnostic Command) 1386M->487M(1598M) 991.928ms
[2026-10-02T09:00:07.515+0000][74.319s][3983] GC(25) Pause Young (Allocation Failure) 1459M->606M(1792M) 633.782ms
[2026-10-02T09:00:09.764+0000][76.569s][3983] GC(26) Pause Young (Allocation Failure) 1792M->757M(2054M) 531.785ms
[2026-10-02T09:00:13.135+0000][79.940s][3983] GC(27) Pause Full (Diagnostic Command) 1591M->854M(2054M) 1830.923ms
[2026-10-02T09:00:16.229+0000][83.033s][3983] GC(28) Pause Young (Allocation Failure) 1812M->1002M(2208M) 601.918ms
[2026-10-02T09:00:20.433+0000][87.237s][3983] GC(29) Pause Full (Diagnostic Command) 1303M->1026M(2208M) 1951.202ms
[2026-10-02T09:00:25.118+0000][91.922s][3983] GC(30) Pause Young (Allocation Failure) 1957M->1091M(1988M) 765.813ms
[2026-10-02T09:00:26.623+0000][93.428s][3983] GC(31) Pause Full (Diagnostic Command) 1116M->1088M(1988M) 1486.222ms
[2026-10-02T09:00:28.888+0000][95.692s][3983] GC(32) Pause Young (Allocation Failure) 1985M->1121M(2018M) 335.971ms
[2026-10-02T09:00:30.514+0000][97.319s][3983] GC(33) Pause Young (Allocation Failure) 2018M->1237M(2419M) 512.866ms
[2026-10-02T09:00:32.792+0000][99.596s][3983] GC(34) Pause Full (Diagnostic Command) 1455M->1243M(2419M) 1676.227ms
[2026-10-02T09:00:34.076+0000][100.880s][3983] GC(35) Pause Young (Allocation Failure) 1990M->1375M(2400M) 357.325ms
[2026-10-02T09:00:35.583+0000][102.388s][3983] GC(36) Pause Young (Allocation Failure) 2244M->1492M(2644M) 257.412ms
[2026-10-02T09:00:36.791+0000][103.595s][3983] GC(37) Pause Young (Allocation Failure) 2370M->1587M(2771M) 187.009ms
[2026-10-02T09:00:38.872+0000][105.676s][3983] GC(38) Pause Full (Diagnostic Command) 1995M->1468M(2771M) 1257.560ms
[2026-10-02T09:00:40.898+0000][107.703s][3983] GC(39) Pause Young (Allocation Failure) 2346M->1618M(2757M) 190.336ms
[2026-10-02T09:00:42.781+0000][109.585s][3983] GC(40) Pause Young (Allocation Failure) 2535M->1756M(2900M) 223.630ms
[2026-10-02T09:00:45.610+0000][112.414s][3983] GC(41) Pause Full (Diagnostic Command) 2273M->1789M(2900M) 1601.023ms
[2026-10-02T09:00:51.111+0000][117.915s][3983] GC(42) Pause Young (Allocation Failure) 2535M->1877M(2943M) 766.753ms
[2026-10-02T09:00:53.419+0000][120.223s][3983] GC(43) Pause Full (Diagnostic Command) 1895M->1795M(2943M) 2278.971ms
[2026-10-02T09:00:59.403+0000][126.208s][3983] GC(44) Pause Full (Diagnostic Command) 2484M->1853M(2943M) 2380.130ms
[2026-10-02T09:01:06.047+0000][132.851s][3983] GC(45) Pause Full (Diagnostic Command) 2454M->1870M(2943M) 2251.978ms
[2026-10-02T09:01:12.233+0000][139.038s][3983] GC(46) Pause Full (Diagnostic Command) 2521M->1948M(2943M) 2306.066ms
[2026-10-02T09:01:18.525+0000][145.330s][3983] GC(47) Pause Full (Diagnostic Command) 2501M->2053M(2943M) 1869.197ms
[2026-10-02T09:01:21.632+0000][148.437s][3983] GC(48) Pause Young (Allocation Failure) 2596M->2100M(3074M) 453.710ms
[2026-10-02T09:01:24.655+0000][151.460s][3983] GC(49) Pause Full (Diagnostic Command) 2721M->2101M(3074M) 1865.504ms
[2026-10-02T09:01:27.187+0000][153.991s][3983] GC(50) Pause Young (Allocation Failure) 2709M->2122M(2836M) 408.456ms
[2026-10-02T09:01:31.018+0000][157.823s][3983] GC(51) Pause Full (Diagnostic Command) 2412M->2149M(2836M) 1878.772ms
[2026-10-02T09:01:33.439+0000][160.243s][3983] GC(52) Pause Young (Allocation Failure) 2468M->2205M(2916M) 462.607ms
[2026-10-02T09:01:37.416+0000][164.221s][3983] GC(53) Pause Full (Diagnostic Command) 2723M->2193M(2916M) 1959.242ms
[2026-10-02T09:01:41.450+0000][168.254s][3983] GC(54) Pause Young (Allocation Failure) 2903M->2250M(2879M) 480.267ms
[2026-10-02T09:01:43.699+0000][170.504s][3983] GC(55) Pause Full (Diagnostic Command) 2292M->2230M(2879M) 2007.210ms
[2026-10-02T09:01:46.077+0000][172.882s][3983] GC(56) Pause Young (Allocation Failure) 2799M->2300M(2899M) 491.416ms
[2026-10-02T09:01:50.406+0000][177.210s][3983] GC(57) Pause Full (Diagnostic Command) 2567M->2332M(2899M) 2145.657ms
[2026-10-02T09:01:50.886+0000][177.691s][3983] GC(58) Pause Young (Allocation Failure) 2332M->2332M(2902M) 479.984ms
[2026-10-02T09:01:53.238+0000][180.043s][3983] GC(59) Pause Young (Allocation Failure) 2902M->2533M(3472M) 541.853ms
[2026-10-02T09:01:54.919+0000][181.723s][3983] GC(60) Pause Young (Allocation Failure) 3102M->2746M(3672M) 403.982ms
[2026-10-02T09:01:57.194+0000][183.998s][3983] GC(61) Pause Full (Diagnostic Command) 2756M->2743M(3672M) 2261.677ms
[2026-10-02T09:01:58.808+0000][185.613s][3983] GC(62) Pause Young (Allocation Failure) 3312M->2970M(3672M) 596.324ms
[2026-10-02T09:02:01.021+0000][187.825s][3983] GC(63) Pause Young (Allocation Failure) 3539M->3151M(4110M) 664.133ms
[2026-10-02T09:02:02.836+0000][189.640s][3983] GC(64) Pause Full (Diagnostic Command) 3163M->1788M(4110M) 1797.749ms
[2026-10-02T09:02:03.997+0000][190.801s][3983] GC(65) Pause Young (Allocation Failure) 2357M->1846M(4110M) 37.309ms
[2026-10-02T09:02:04.929+0000][191.734s][3983] GC(66) Pause Young (Allocation Failure) 2416M->1849M(4110M) 52.064ms
[2026-10-02T09:02:06.125+0000][192.930s][3983] GC(67) Pause Young (Allocation Failure) 2418M->1914M(4110M) 65.984ms
[2026-10-02T09:02:08.791+0000][195.595s][3983] GC(68) Pause Full (Diagnostic Command) 2415M->1220M(4110M) 1440.516ms
[2026-10-02T09:02:09.636+0000][196.441s][3983] GC(69) Pause Young (Allocation Failure) 1769M->1377M(4110M) 86.872ms
[2026-10-02T09:02:10.139+0000][196.944s][3983] GC(70) Pause Young (Allocation Failure) 1947M->1429M(4110M) 91.535ms
[2026-10-02T09:02:10.811+0000][197.616s][3983] GC(71) Pause Young (Allocation Failure) 1998M->1430M(4110M) 31.666ms
[2026-10-02T09:02:14.298+0000][201.103s][3983] GC(72) Pause Full (Diagnostic Command) 1532M->21M(4110M) 478.065ms
