[2026-10-02T07:52:40.866+0000][0.009s][3774] CardTable entry size: 512
[2026-10-02T07:52:40.866+0000][0.009s][3774] Using Parallel
[2026-10-02T07:52:40.870+0000][0.014s][3774] Version: 25.0.4.1+1-LTS (release)
[2026-10-02T07:52:40.870+0000][0.014s][3774] CPUs: 4 total, 4 available
[2026-10-02T07:52:40.870+0000][0.014s][3774] Memory: 15989M
[2026-10-02T07:52:40.870+0000][0.014s][3774] Large Page Support: Disabled
[2026-10-02T07:52:40.870+0000][0.014s][3774] NUMA Support: Disabled
[2026-10-02T07:52:40.870+0000][0.014s][3774] Compressed Oops: Enabled (Zero based)
[2026-10-02T07:52:40.870+0000][0.014s][3774] Alignments: Space 512K, Generation 512K, Heap 2M
[2026-10-02T07:52:40.870+0000][0.014s][3774] Heap Min Capacity: 8M
[2026-10-02T07:52:40.870+0000][0.014s][3774] Heap Initial Capacity: 250M
[2026-10-02T07:52:40.870+0000][0.014s][3774] Heap Max Capacity: 3G
[2026-10-02T07:52:40.870+0000][0.014s][3774] Pre-touch: Disabled
[2026-10-02T07:52:40.870+0000][0.014s][3774] Parallel Workers: 4
[2026-10-02T07:52:44.883+0000][4.026s][3774] GC(0) Pause Young (Allocation Failure) 64M->10M(240M) 27.800ms
[2026-10-02T07:52:45.612+0000][4.756s][3774] GC(1) Pause Full (Metadata GC Threshold) 28M->11M(240M) 53.863ms
[2026-10-02T07:52:47.692+0000][6.835s][3774] GC(2) Pause Full (Metadata GC Threshold) 70M->15M(240M) 66.267ms
[2026-10-02T07:52:50.203+0000][9.346s][3774] GC(3) Pause Young (Allocation Failure) 78M->26M(240M) 42.479ms
[2026-10-02T07:52:51.410+0000][10.554s][3774] GC(4) Pause Young (Allocation Failure) 89M->43M(240M) 53.906ms
[2026-10-02T07:52:53.080+0000][12.223s][3774] GC(5) Pause Young (Allocation Failure) 106M->56M(303M) 59.796ms
[2026-10-02T07:52:59.176+0000][18.320s][3774] GC(6) Pause Young (Allocation Failure) 182M->83M(303M) 84.412ms
[2026-10-02T07:53:04.394+0000][23.538s][3774] GC(7) Pause Young (Allocation Failure) 209M->92M(455M) 79.006ms
[2026-10-02T07:53:05.293+0000][24.437s][3774] GC(8) Pause Full (Metadata GC Threshold) 113M->94M(455M) 344.451ms
[2026-10-02T07:53:19.140+0000][38.284s][3774] GC(9) Pause Young (Allocation Failure) 346M->113M(457M) 79.189ms
[2026-10-02T07:53:27.099+0000][46.242s][3774] GC(10) Pause Young (Allocation Failure) 365M->149M(694M) 117.486ms
[2026-10-02T07:53:31.730+0000][50.874s][3774] GC(11) Pause Young (Allocation Failure) 640M->258M(749M) 290.936ms
[2026-10-02T07:53:37.015+0000][56.158s][3774] GC(12) Pause Full (CodeCache GC Threshold) 578M->210M(749M) 701.466ms
[2026-10-02T07:53:41.542+0000][60.685s][3774] GC(13) Pause Young (Allocation Failure) 701M->290M(1081M) 134.802ms
[2026-10-02T07:53:45.407+0000][64.550s][3774] GC(14) Pause Young (Allocation Failure) 1066M->404M(1181M) 281.910ms
[2026-10-02T07:53:49.270+0000][68.414s][3774] GC(15) Pause Young (Allocation Failure) 1180M->524M(1232M) 270.810ms
[2026-10-02T07:53:51.143+0000][70.286s][3774] GC(16) Pause Young (Allocation Failure) 1209M->609M(1378M) 270.363ms
[2026-10-02T07:53:53.124+0000][72.268s][3774] GC(17) Pause Young (Allocation Failure) 1294M->684M(1449M) 250.499ms
[2026-10-02T07:53:54.235+0000][73.378s][3774] GC(18) Pause Young (Allocation Failure) 1372M->766M(1533M) 223.255ms
[2026-10-02T07:53:55.251+0000][74.395s][3774] GC(19) Pause Young (Allocation Failure) 1454M->847M(1617M) 268.066ms
[2026-10-02T07:53:56.382+0000][75.525s][3774] GC(20) Pause Young (Allocation Failure) 1554M->930M(1707M) 269.005ms
[2026-10-02T07:53:57.722+0000][76.866s][3774] GC(21) Pause Young (Allocation Failure) 1637M->1016M(1794M) 249.406ms
[2026-10-02T07:53:59.156+0000][78.300s][3774] GC(22) Pause Young (Allocation Failure) 1738M->1111M(1885M) 382.707ms
[2026-10-02T07:54:01.816+0000][80.960s][3774] GC(23) Pause Young (Allocation Failure) 1833M->1206M(1986M) 232.253ms
[2026-10-02T07:54:05.212+0000][84.355s][3774] GC(24) Pause Young (Allocation Failure) 1934M->1297M(2025M) 351.328ms
[2026-10-02T07:54:09.214+0000][88.358s][3774] GC(25) Pause Young (Allocation Failure) 2025M->1359M(2174M) 316.919ms
[2026-10-02T07:54:10.630+0000][89.774s][3774] GC(26) Pause Young (Allocation Failure) 2092M->1411M(2234M) 128.874ms
[2026-10-02T07:54:11.842+0000][90.985s][3774] GC(27) Pause Young (Allocation Failure) 2144M->1451M(2285M) 136.422ms
[2026-10-02T07:54:13.539+0000][92.682s][3774] GC(28) Pause Young (Allocation Failure) 2189M->1587M(2326M) 136.201ms
[2026-10-02T07:54:14.743+0000][93.887s][3774] GC(29) Pause Young (Allocation Failure) 2325M->1706M(2424M) 199.609ms
[2026-10-02T07:54:16.346+0000][95.489s][3774] GC(30) Pause Young (Allocation Failure) 2399M->1785M(2564M) 382.371ms
[2026-10-02T07:54:17.420+0000][96.564s][3774] GC(31) Pause Young (Allocation Failure) 2478M->1859M(2623M) 150.524ms
[2026-10-02T07:54:18.414+0000][97.558s][3774] GC(32) Pause Young (Allocation Failure) 2560M->1949M(2712M) 178.492ms
[2026-10-02T07:54:19.954+0000][99.098s][3774] GC(33) Pause Young (Allocation Failure) 2650M->2066M(2813M) 229.698ms
[2026-10-02T07:54:22.966+0000][102.109s][3774] GC(34) Pause Full (Allocation Failure) 2782M->1783M(2877M) 1491.805ms
[2026-10-02T07:54:24.023+0000][103.166s][3774] GC(35) Pause Young (Allocation Failure) 2499M->1869M(2864M) 83.530ms
[2026-10-02T07:54:26.316+0000][105.459s][3774] GC(36) Pause Young (Allocation Failure) 2585M->1946M(2870M) 216.046ms
[2026-10-02T07:54:30.140+0000][109.283s][3774] GC(37) Pause Young (Allocation Failure) 2662M->2009M(2878M) 287.075ms
[2026-10-02T07:54:38.642+0000][117.786s][3774] GC(38) Pause Full (Allocation Failure) 2743M->1971M(2922M) 2198.328ms
[2026-10-02T07:54:45.333+0000][124.477s][3774] GC(39) Pause Full (Allocation Failure) 2705M->2034M(2931M) 2027.124ms
[2026-10-02T07:54:53.890+0000][133.033s][3774] GC(40) Pause Full (Allocation Failure) 2777M->2079M(2931M) 2366.927ms
[2026-10-02T07:54:58.624+0000][137.767s][3774] GC(41) Pause Full (Allocation Failure) 2790M->2098M(2931M) 1756.370ms
[2026-10-02T07:55:01.785+0000][140.928s][3774] GC(42) Pause Full (Allocation Failure) 2790M->2108M(2931M) 1776.997ms
[2026-10-02T07:55:07.237+0000][146.380s][3774] GC(43) Pause Full (Allocation Failure) 2790M->2156M(2931M) 1809.590ms
[2026-10-02T07:55:11.186+0000][150.329s][3774] GC(44) Pause Full (Allocation Failure) 2790M->2182M(2931M) 1837.839ms
[2026-10-02T07:55:15.962+0000][155.105s][3774] GC(45) Pause Full (Allocation Failure) 2790M->2218M(2931M) 1859.756ms
[2026-10-02T07:55:19.862+0000][159.005s][3774] GC(46) Pause Full (Allocation Failure) 2790M->2273M(2931M) 1924.808ms
[2026-10-02T07:55:25.036+0000][164.180s][3774] GC(47) Pause Full (Allocation Failure) 2790M->2358M(2931M) 2055.819ms
[2026-10-02T07:55:28.370+0000][167.514s][3774] GC(48) Pause Full (Allocation Failure) 2790M->2507M(2931M) 1985.506ms
[2026-10-02T07:55:31.118+0000][170.261s][3774] GC(49) Pause Full (Allocation Failure) 2791M->2603M(2931M) 2094.337ms
[2026-10-02T07:55:33.675+0000][172.819s][3774] GC(50) Pause Full (Allocation Failure) 2790M->2670M(2931M) 2172.837ms
[2026-10-02T07:55:36.161+0000][175.305s][3774] GC(51) Pause Full (Allocation Failure) 2790M->2716M(2931M) 2224.333ms
[2026-10-02T07:55:38.541+0000][177.685s][3774] GC(52) Pause Full (Allocation Failure) 2791M->2744M(2931M) 2231.901ms
[2026-10-02T07:55:40.870+0000][180.014s][3774] GC(53) Pause Full (Allocation Failure) 2790M->2763M(2931M) 2250.103ms
[2026-10-02T07:55:43.410+0000][182.553s][3774] GC(54) Pause Full (Allocation Failure) 2790M->2773M(2931M) 2448.407ms
[2026-10-02T07:55:45.736+0000][184.880s][3774] GC(55) Pause Full (Allocation Failure) 2790M->2779M(2931M) 2283.496ms
[2026-10-02T07:55:47.999+0000][187.142s][3774] GC(56) Pause Full (Allocation Failure) 2790M->2784M(2931M) 2240.200ms
[2026-10-02T07:55:50.269+0000][189.412s][3774] GC(57) Pause Full (Allocation Failure) 2790M->2786M(2931M) 2254.644ms
[2026-10-02T07:55:52.528+0000][191.672s][3774] GC(58) Pause Full (Allocation Failure) 2790M->2788M(2931M) 2246.566ms
[2026-10-02T07:55:54.791+0000][193.935s][3774] GC(59) Pause Full (Allocation Failure) 2790M->2789M(2931M) 2254.772ms
[2026-10-02T07:55:57.044+0000][196.188s][3774] GC(60) Pause Full (Allocation Failure) 2790M->2789M(2931M) 2248.393ms
[2026-10-02T07:55:59.311+0000][198.454s][3774] GC(61) Pause Full (Allocation Failure) 2790M->2790M(2931M) 2262.969ms
[2026-10-02T07:56:01.597+0000][200.740s][3774] GC(62) Pause Full (Allocation Failure) 2791M->2790M(2931M) 2282.444ms
[2026-10-02T07:56:03.783+0000][202.926s][3774] GC(63) Pause Full (Allocation Failure) 2790M->2790M(2931M) 2182.041ms
[2026-10-02T07:56:06.035+0000][205.178s][3774] GC(64) Pause Full (Allocation Failure) 2790M->2790M(2931M) 2250.031ms
[2026-10-02T07:56:07.935+0000][207.078s][3774] GC(65) Pause Full (Allocation Failure) 2790M->2790M(2931M) 1898.781ms
[2026-10-02T07:56:09.852+0000][208.995s][3774] GC(66) Pause Full (Allocation Failure) 2790M->2790M(2931M) 1915.671ms
[2026-10-02T07:56:12.141+0000][211.284s][3774] GC(67) Pause Full (Allocation Failure) 2790M->2790M(2931M) 2288.075ms
[2026-10-02T07:56:14.391+0000][213.535s][3774] GC(68) Pause Full (Allocation Failure) 2790M->2790M(2931M) 2249.339ms
[2026-10-02T07:56:16.280+0000][215.423s][3774] GC(69) Pause Full (Allocation Failure) 2791M->2790M(2931M) 1887.275ms
[2026-10-02T07:56:18.147+0000][217.291s][3774] GC(70) Pause Full (Allocation Failure) 2791M->2790M(2931M) 1866.157ms
[2026-10-02T07:56:20.032+0000][219.175s][3774] GC(71) Pause Full (Allocation Failure) 2791M->2790M(2931M) 1883.339ms
[2026-10-02T07:56:21.913+0000][221.057s][3774] GC(72) Pause Full (Allocation Failure) 2791M->2790M(2931M) 1881.527ms
[2026-10-02T07:56:24.049+0000][223.193s][3774] GC(73) Pause Full (Allocation Failure) 2790M->2790M(2931M) 2134.290ms
[2026-10-02T07:56:25.933+0000][225.076s][3774] GC(74) Pause Full (Allocation Failure) 2790M->2790M(2931M) 1883.449ms
[2026-10-02T07:56:27.829+0000][226.973s][3774] GC(75) Pause Full (Allocation Failure) 2790M->2790M(2931M) 1895.405ms
[2026-10-02T07:56:29.715+0000][228.858s][3774] GC(76) Pause Full (Allocation Failure) 2790M->2790M(2931M) 1885.051ms
[2026-10-02T07:56:31.603+0000][230.747s][3774] GC(77) Pause Full (Allocation Failure) 2790M->2790M(2931M) 1888.108ms
[2026-10-02T07:56:33.497+0000][232.640s][3774] GC(78) Pause Full (Allocation Failure) 2790M->2790M(2931M) 1893.584ms
[2026-10-02T07:56:35.374+0000][234.517s][3774] GC(79) Pause Full (Allocation Failure) 2790M->2790M(2931M) 1876.599ms
[2026-10-02T07:56:37.244+0000][236.388s][3774] GC(80) Pause Full (Allocation Failure) 2790M->2790M(2931M) 1870.250ms
[2026-10-02T07:56:39.125+0000][238.269s][3774] GC(81) Pause Full (Allocation Failure) 2790M->2790M(2931M) 1880.464ms
[2026-10-02T07:56:41.490+0000][240.634s][3774] GC(82) Pause Full (Allocation Failure) 2790M->2545M(2931M) 2364.890ms
[2026-10-02T07:56:44.288+0000][243.431s][3774] GC(83) Pause Full (Allocation Failure) 2790M->2623M(2931M) 2324.834ms
[2026-10-02T07:56:47.046+0000][246.190s][3774] GC(84) Pause Full (Allocation Failure) 2790M->2688M(2931M) 2418.691ms
[2026-10-02T07:56:49.767+0000][248.910s][3774] GC(85) Pause Full (Allocation Failure) 2790M->2726M(2931M) 2483.588ms
[2026-10-02T07:56:52.375+0000][251.518s][3774] GC(86) Pause Full (Allocation Failure) 2790M->2752M(2931M) 2479.409ms
[2026-10-02T07:56:54.973+0000][254.116s][3774] GC(87) Pause Full (Allocation Failure) 2790M->2767M(2931M) 2533.407ms
[2026-10-02T07:56:57.490+0000][256.634s][3774] GC(88) Pause Full (Allocation Failure) 2790M->2775M(2931M) 2460.561ms
[2026-10-02T07:56:59.997+0000][259.140s][3774] GC(89) Pause Full (Allocation Failure) 2790M->2782M(2931M) 2471.517ms
[2026-10-02T07:57:02.490+0000][261.633s][3774] GC(90) Pause Full (Allocation Failure) 2790M->2785M(2931M) 2477.522ms
[2026-10-02T07:57:05.010+0000][264.154s][3774] GC(91) Pause Full (Allocation Failure) 2790M->2787M(2931M) 2511.139ms
[2026-10-02T07:57:07.491+0000][266.634s][3774] GC(92) Pause Full (Allocation Failure) 2791M->2788M(2931M) 2473.759ms
[2026-10-02T07:57:09.998+0000][269.142s][3774] GC(93) Pause Full (Allocation Failure) 2790M->2789M(2931M) 2502.434ms
[2026-10-02T07:57:12.536+0000][271.680s][3774] GC(94) Pause Full (Allocation Failure) 2790M->2790M(2931M) 2534.742ms
[2026-10-02T07:57:15.035+0000][274.179s][3774] GC(95) Pause Full (Allocation Failure) 2790M->2790M(2931M) 2496.670ms
[2026-10-02T07:57:17.535+0000][276.678s][3774] GC(96) Pause Full (Allocation Failure) 2790M->2790M(2931M) 2497.676ms
[2026-10-02T07:57:20.016+0000][279.159s][3774] GC(97) Pause Full (Allocation Failure) 2790M->2790M(2931M) 2479.012ms
[2026-10-02T07:57:22.493+0000][281.637s][3774] GC(98) Pause Full (Allocation Failure) 2790M->2790M(2931M) 2476.283ms
[2026-10-02T07:57:24.563+0000][283.707s][3774] GC(99) Pause Full (Allocation Failure) 2790M->2790M(2931M) 2069.082ms
[2026-10-02T07:57:26.638+0000][285.782s][3774] GC(100) Pause Full (Allocation Failure) 2791M->2790M(2931M) 2073.988ms
[2026-10-02T07:57:29.139+0000][288.283s][3774] GC(101) Pause Full (Allocation Failure) 2791M->2790M(2931M) 2499.647ms
[2026-10-02T07:57:31.193+0000][290.337s][3774] GC(102) Pause Full (Allocation Failure) 2790M->2790M(2931M) 2053.633ms
[2026-10-02T07:57:33.254+0000][292.398s][3774] GC(103) Pause Full (Allocation Failure) 2790M->2790M(2931M) 2059.814ms
[2026-10-02T07:57:35.313+0000][294.456s][3774] GC(104) Pause Full (Allocation Failure) 2790M->2790M(2931M) 2057.862ms
[2026-10-02T07:57:37.370+0000][296.513s][3774] GC(105) Pause Full (Allocation Failure) 2790M->2790M(2931M) 2056.320ms
[2026-10-02T07:57:39.123+0000][298.266s][3774] GC(106) Pause Full (Allocation Failure) 2790M->1978M(2931M) 1752.318ms
[2026-10-02T07:57:42.000+0000][301.144s][3774] GC(107) Pause Full (Allocation Failure) 2721M->857M(2000M) 848.896ms
[2026-10-02T07:57:43.615+0000][302.759s][3774] GC(108) Pause Young (Allocation Failure) 1600M->909M(1912M) 44.760ms
[2026-10-02T07:57:45.050+0000][304.194s][3774] GC(109) Pause Young (Allocation Failure) 1652M->1073M(1912M) 126.847ms
[2026-10-02T07:57:45.724+0000][304.867s][3774] GC(110) Pause Young (Allocation Failure) 1728M->1075M(1774M) 105.857ms
