[2026-10-02T09:20:56.423+0000][0.008s][2769] CardTable entry size: 512
[2026-10-02T09:20:56.423+0000][0.008s][2769] Using Parallel
[2026-10-02T09:20:56.466+0000][0.051s][2769] Version: 25.0.4.1+1-LTS (release)
[2026-10-02T09:20:56.466+0000][0.051s][2769] CPUs: 4 total, 4 available
[2026-10-02T09:20:56.466+0000][0.051s][2769] Memory: 15988M
[2026-10-02T09:20:56.466+0000][0.051s][2769] Large Page Support: Disabled
[2026-10-02T09:20:56.466+0000][0.051s][2769] NUMA Support: Disabled
[2026-10-02T09:20:56.466+0000][0.051s][2769] Compressed Oops: Enabled (Zero based)
[2026-10-02T09:20:56.466+0000][0.051s][2769] Alignments: Space 512K, Generation 512K, Heap 2M
[2026-10-02T09:20:56.466+0000][0.051s][2769] Heap Min Capacity: 8M
[2026-10-02T09:20:56.466+0000][0.051s][2769] Heap Initial Capacity: 250M
[2026-10-02T09:20:56.466+0000][0.051s][2769] Heap Max Capacity: 5G
[2026-10-02T09:20:56.466+0000][0.051s][2769] Pre-touch: Disabled
[2026-10-02T09:20:56.466+0000][0.051s][2769] Parallel Workers: 4
[2026-10-02T09:20:58.939+0000][2.523s][2769] GC(0) Pause Young (Allocation Failure) 64M->10M(240M) 28.169ms
[2026-10-02T09:20:59.753+0000][3.338s][2769] GC(1) Pause Full (Metadata GC Threshold) 31M->12M(240M) 57.069ms
[2026-10-02T09:21:00.868+0000][4.453s][2769] GC(2) Pause Full (Diagnostic Command) 66M->15M(240M) 53.021ms
[2026-10-02T09:21:01.750+0000][5.335s][2769] GC(3) Pause Young (Allocation Failure) 78M->24M(303M) 30.598ms
[2026-10-02T09:21:03.971+0000][7.555s][2769] GC(4) Pause Young (Allocation Failure) 150M->53M(303M) 40.564ms
[2026-10-02T09:21:04.250+0000][7.835s][2769] GC(5) Pause Full (Metadata GC Threshold) 61M->55M(303M) 170.273ms
[2026-10-02T09:21:05.776+0000][9.361s][2769] GC(6) Pause Young (Allocation Failure) 181M->82M(429M) 28.543ms
[2026-10-02T09:21:07.083+0000][10.668s][2769] GC(7) Pause Full (Diagnostic Command) 193M->104M(429M) 133.869ms
[2026-10-02T09:21:09.980+0000][13.565s][2769] GC(8) Pause Young (Allocation Failure) 356M->124M(429M) 27.759ms
[2026-10-02T09:21:10.986+0000][14.571s][2769] GC(9) Pause Young (Allocation Failure) 376M->198M(674M) 70.597ms
[2026-10-02T09:21:13.583+0000][17.168s][2769] GC(10) Pause Full (Diagnostic Command) 517M->93M(674M) 281.551ms
[2026-10-02T09:21:16.776+0000][20.361s][2769] GC(11) Pause Young (Allocation Failure) 564M->156M(707M) 99.451ms
[2026-10-02T09:21:19.475+0000][23.059s][2769] GC(12) Pause Young (Allocation Failure) 627M->227M(1151M) 246.870ms
[2026-10-02T09:21:20.235+0000][23.819s][2769] GC(13) Pause Full (Diagnostic Command) 292M->164M(1151M) 481.936ms
[2026-10-02T09:21:22.919+0000][26.504s][2769] GC(14) Pause Young (Allocation Failure) 1068M->293M(1197M) 165.839ms
[2026-10-02T09:21:25.430+0000][29.015s][2769] GC(15) Pause Young (Allocation Failure) 1197M->373M(1707M) 242.410ms
[2026-10-02T09:21:26.587+0000][30.172s][2769] GC(16) Pause Full (Diagnostic Command) 462M->330M(1707M) 592.052ms
[2026-10-02T09:21:32.774+0000][36.358s][2769] GC(17) Pause Full (Diagnostic Command) 1023M->382M(1707M) 494.113ms
[2026-10-02T09:21:39.047+0000][42.632s][2769] GC(18) Pause Full (Diagnostic Command) 1245M->402M(1707M) 535.614ms
[2026-10-02T09:21:45.786+0000][49.371s][2769] GC(19) Pause Full (Diagnostic Command) 943M->445M(1707M) 733.484ms
[2026-10-02T09:21:50.824+0000][54.409s][2769] GC(20) Pause Young (Allocation Failure) 1564M->649M(1983M) 522.944ms
[2026-10-02T09:21:51.616+0000][55.200s][2769] GC(21) Pause Full (Diagnostic Command) 689M->94M(1983M) 396.935ms
[2026-10-02T09:21:57.991+0000][61.575s][2769] GC(22) Pause Full (Diagnostic Command) 472M->103M(1983M) 332.648ms
[2026-10-02T09:22:04.854+0000][68.439s][2769] GC(23) Pause Full (Diagnostic Command) 654M->187M(1983M) 793.004ms
[2026-10-02T09:22:11.245+0000][74.829s][2769] GC(24) Pause Full (Diagnostic Command) 774M->215M(1983M) 815.337ms
[2026-10-02T09:22:17.257+0000][80.841s][2769] GC(25) Pause Full (Diagnostic Command) 814M->138M(1983M) 613.262ms
[2026-10-02T09:22:23.867+0000][87.452s][2769] GC(26) Pause Full (Diagnostic Command) 676M->202M(1983M) 696.871ms
[2026-10-02T09:22:30.209+0000][93.794s][2769] GC(27) Pause Full (Diagnostic Command) 695M->35M(1983M) 554.950ms
[2026-10-02T09:22:36.612+0000][100.196s][2769] GC(28) Pause Full (Diagnostic Command) 536M->136M(1983M) 568.401ms
[2026-10-02T09:22:43.095+0000][106.679s][2769] GC(29) Pause Full (Diagnostic Command) 555M->36M(1983M) 596.186ms
[2026-10-02T09:22:49.338+0000][112.922s][2769] GC(30) Pause Full (Diagnostic Command) 45M->36M(1983M) 413.346ms
[2026-10-02T09:22:55.832+0000][119.417s][2769] GC(31) Pause Full (Diagnostic Command) 215M->88M(1983M) 464.075ms
[2026-10-02T09:23:02.822+0000][126.407s][2769] GC(32) Pause Full (Diagnostic Command) 376M->127M(1983M) 757.030ms
[2026-10-02T09:23:09.089+0000][132.674s][2769] GC(33) Pause Full (Diagnostic Command) 566M->197M(1983M) 674.077ms
[2026-10-02T09:23:15.616+0000][139.200s][2769] GC(34) Pause Full (Diagnostic Command) 843M->155M(1983M) 932.173ms
[2026-10-02T09:23:22.104+0000][145.689s][2769] GC(35) Pause Full (Diagnostic Command) 601M->103M(1983M) 659.876ms
[2026-10-02T09:23:28.230+0000][151.815s][2769] GC(36) Pause Full (Diagnostic Command) 447M->135M(1983M) 611.926ms
[2026-10-02T09:23:34.811+0000][158.396s][2769] GC(37) Pause Full (Diagnostic Command) 823M->160M(1983M) 844.181ms
[2026-10-02T09:23:40.752+0000][164.337s][2769] GC(38) Pause Full (Diagnostic Command) 367M->48M(1983M) 375.672ms
[2026-10-02T09:23:46.824+0000][170.409s][2769] GC(39) Pause Full (Diagnostic Command) 53M->48M(1983M) 265.955ms
[2026-10-02T09:23:53.335+0000][176.919s][2769] GC(40) Pause Full (Diagnostic Command) 51M->48M(1983M) 331.275ms
[2026-10-02T09:24:00.023+0000][183.607s][2769] GC(41) Pause Full (Diagnostic Command) 72M->47M(1983M) 492.032ms
[2026-10-02T09:24:06.196+0000][189.780s][2769] GC(42) Pause Full (Diagnostic Command) 48M->47M(1983M) 368.992ms
[2026-10-02T09:24:12.397+0000][195.981s][2769] GC(43) Pause Full (Diagnostic Command) 59M->47M(1983M) 329.748ms
[2026-10-02T09:24:19.116+0000][202.701s][2769] GC(44) Pause Full (Diagnostic Command) 48M->47M(1983M) 574.795ms
[2026-10-02T09:24:25.276+0000][208.860s][2769] GC(45) Pause Full (Diagnostic Command) 59M->47M(1983M) 413.141ms
[2026-10-02T09:24:31.837+0000][215.421s][2769] GC(46) Pause Full (Diagnostic Command) 47M->47M(1983M) 539.565ms
[2026-10-02T09:24:37.835+0000][221.419s][2769] GC(47) Pause Full (Diagnostic Command) 59M->47M(1983M) 356.136ms
[2026-10-02T09:24:44.352+0000][227.936s][2769] GC(48) Pause Full (Diagnostic Command) 49M->47M(1983M) 494.147ms
[2026-10-02T09:24:50.489+0000][234.074s][2769] GC(49) Pause Full (Diagnostic Command) 47M->47M(1983M) 399.375ms
[2026-10-02T09:24:56.557+0000][240.142s][2769] GC(50) Pause Full (Diagnostic Command) 50M->47M(1983M) 264.148ms
[2026-10-02T09:25:02.826+0000][246.410s][2769] GC(51) Pause Full (Diagnostic Command) 47M->47M(1983M) 257.330ms
[2026-10-02T09:25:09.186+0000][252.770s][2769] GC(52) Pause Full (Diagnostic Command) 47M->47M(1983M) 393.647ms
[2026-10-02T09:25:15.522+0000][259.106s][2769] GC(53) Pause Full (Diagnostic Command) 47M->47M(1983M) 391.751ms
[2026-10-02T09:25:21.610+0000][265.194s][2769] GC(54) Pause Full (Diagnostic Command) 47M->47M(1983M) 256.011ms
[2026-10-02T09:25:28.098+0000][271.683s][2769] GC(55) Pause Full (Diagnostic Command) 47M->47M(1983M) 470.811ms
[2026-10-02T09:25:34.213+0000][277.797s][2769] GC(56) Pause Full (Diagnostic Command) 47M->47M(1983M) 263.569ms
[2026-10-02T09:25:40.690+0000][284.274s][2769] GC(57) Pause Full (Diagnostic Command) 59M->46M(1983M) 466.518ms
[2026-10-02T09:25:46.731+0000][290.315s][2769] GC(58) Pause Full (Diagnostic Command) 46M->46M(1983M) 230.818ms
