[2026-10-02T09:22:14.271+0000][0.009s][4160] CardTable entry size: 512
[2026-10-02T09:22:14.271+0000][0.009s][4160] Using Parallel
[2026-10-02T09:22:14.277+0000][0.014s][4160] Version: 25.0.4.1+1-LTS (release)
[2026-10-02T09:22:14.277+0000][0.014s][4160] CPUs: 4 total, 4 available
[2026-10-02T09:22:14.277+0000][0.015s][4160] Memory: 15988M
[2026-10-02T09:22:14.277+0000][0.015s][4160] Large Page Support: Disabled
[2026-10-02T09:22:14.277+0000][0.015s][4160] NUMA Support: Disabled
[2026-10-02T09:22:14.277+0000][0.015s][4160] Compressed Oops: Enabled (Zero based)
[2026-10-02T09:22:14.277+0000][0.015s][4160] Alignments: Space 512K, Generation 512K, Heap 2M
[2026-10-02T09:22:14.277+0000][0.015s][4160] Heap Min Capacity: 8M
[2026-10-02T09:22:14.277+0000][0.015s][4160] Heap Initial Capacity: 250M
[2026-10-02T09:22:14.277+0000][0.015s][4160] Heap Max Capacity: 5G
[2026-10-02T09:22:14.277+0000][0.015s][4160] Pre-touch: Disabled
[2026-10-02T09:22:14.277+0000][0.015s][4160] Parallel Workers: 4
[2026-10-02T09:22:16.909+0000][2.647s][4160] GC(0) Pause Full (Diagnostic Command) 45M->8M(240M) 33.562ms
[2026-10-02T09:22:18.604+0000][4.341s][4160] GC(1) Pause Full (Metadata GC Threshold) 53M->12M(240M) 63.212ms
[2026-10-02T09:22:20.017+0000][5.755s][4160] GC(2) Pause Young (Allocation Failure) 75M->17M(240M) 21.430ms
[2026-10-02T09:22:20.179+0000][5.917s][4160] GC(3) Pause Full (Metadata GC Threshold) 23M->17M(240M) 49.437ms
[2026-10-02T09:22:21.782+0000][7.520s][4160] GC(4) Pause Young (Allocation Failure) 80M->27M(240M) 29.047ms
[2026-10-02T09:22:22.451+0000][8.189s][4160] GC(5) Pause Young (Allocation Failure) 90M->45M(240M) 59.481ms
[2026-10-02T09:22:23.123+0000][8.861s][4160] GC(6) Pause Young (Allocation Failure) 108M->63M(303M) 77.755ms
[2026-10-02T09:22:23.449+0000][9.187s][4160] GC(7) Pause Full (Diagnostic Command) 84M->66M(303M) 122.207ms
[2026-10-02T09:22:25.872+0000][11.610s][4160] GC(8) Pause Young (Allocation Failure) 192M->93M(303M) 50.580ms
[2026-10-02T09:22:28.878+0000][14.616s][4160] GC(9) Pause Young (Allocation Failure) 219M->119M(452M) 50.405ms
[2026-10-02T09:22:30.221+0000][15.958s][4160] GC(10) Pause Full (Diagnostic Command) 179M->129M(452M) 413.232ms
[2026-10-02T09:22:34.953+0000][20.691s][4160] GC(11) Pause Young (Allocation Failure) 375M->174M(458M) 84.832ms
[2026-10-02T09:22:36.492+0000][22.230s][4160] GC(12) Pause Full (Diagnostic Command) 252M->184M(458M) 326.893ms
[2026-10-02T09:22:43.206+0000][28.944s][4160] GC(13) Pause Full (Diagnostic Command) 421M->195M(458M) 706.623ms
[2026-10-02T09:22:47.050+0000][32.788s][4160] GC(14) Pause Young (Allocation Failure) 412M->218M(705M) 107.911ms
[2026-10-02T09:22:49.322+0000][35.060s][4160] GC(15) Pause Full (Diagnostic Command) 422M->73M(705M) 413.410ms
[2026-10-02T09:22:52.963+0000][38.701s][4160] GC(16) Pause Young (Allocation Failure) 557M->151M(713M) 121.167ms
[2026-10-02T09:22:55.852+0000][41.590s][4160] GC(17) Pause Full (Diagnostic Command) 609M->175M(713M) 421.730ms
[2026-10-02T09:22:58.662+0000][44.400s][4160] GC(18) Pause Young (Allocation Failure) 659M->256M(1019M) 193.923ms
[2026-10-02T09:23:00.643+0000][46.381s][4160] GC(19) Pause Young (Allocation Failure) 1018M->343M(1108M) 301.821ms
[2026-10-02T09:23:02.900+0000][48.638s][4160] GC(20) Pause Full (Diagnostic Command) 720M->387M(1108M) 908.196ms
[2026-10-02T09:23:04.947+0000][50.685s][4160] GC(21) Pause Young (Allocation Failure) 1018M->455M(1624M) 453.942ms
[2026-10-02T09:23:07.155+0000][52.893s][4160] GC(22) Pause Young (Allocation Failure) 1623M->600M(1779M) 441.976ms
[2026-10-02T09:23:09.589+0000][55.327s][4160] GC(23) Pause Full (Diagnostic Command) 1347M->683M(1779M) 1150.528ms
[2026-10-02T09:23:11.500+0000][57.237s][4160] GC(24) Pause Young (Allocation Failure) 1624M->804M(1971M) 650.484ms
[2026-10-02T09:23:14.960+0000][60.698s][4160] GC(25) Pause Young (Allocation Failure) 1970M->968M(2135M) 941.866ms
[2026-10-02T09:23:17.157+0000][62.895s][4160] GC(26) Pause Full (Diagnostic Command) 989M->963M(2135M) 2173.711ms
[2026-10-02T09:23:23.807+0000][69.545s][4160] GC(27) Pause Full (Diagnostic Command) 1621M->1026M(2135M) 2390.307ms
[2026-10-02T09:23:30.122+0000][75.860s][4160] GC(28) Pause Full (Diagnostic Command) 1640M->1085M(2135M) 2538.705ms
[2026-10-02T09:23:33.426+0000][79.164s][4160] GC(29) Pause Young (Allocation Failure) 1971M->1115M(2147M) 785.885ms
[2026-10-02T09:23:36.333+0000][82.071s][4160] GC(30) Pause Full (Diagnostic Command) 1266M->1121M(2147M) 2346.545ms
[2026-10-02T09:23:38.410+0000][84.148s][4160] GC(31) Pause Young (Allocation Failure) 1869M->1192M(2224M) 539.393ms
[2026-10-02T09:23:42.067+0000][87.805s][4160] GC(32) Pause Full (Diagnostic Command) 1907M->1143M(2224M) 1631.844ms
[2026-10-02T09:23:43.830+0000][89.568s][4160] GC(33) Pause Young (Allocation Failure) 1886M->1233M(2016M) 388.382ms
[2026-10-02T09:23:45.423+0000][91.161s][4160] GC(34) Pause Young (Allocation Failure) 2016M->1329M(2478M) 415.879ms
[2026-10-02T09:23:46.840+0000][92.578s][4160] GC(35) Pause Young (Allocation Failure) 2111M->1427M(2522M) 361.385ms
[2026-10-02T09:23:48.783+0000][94.521s][4160] GC(36) Pause Full (Diagnostic Command) 1456M->1423M(2522M) 1922.314ms
[2026-10-02T09:23:50.663+0000][96.401s][4160] GC(37) Pause Young (Allocation Failure) 2222M->1555M(2558M) 352.906ms
[2026-10-02T09:23:52.898+0000][98.636s][4160] GC(38) Pause Young (Allocation Failure) 2354M->1724M(2784M) 551.620ms
[2026-10-02T09:23:55.785+0000][101.523s][4160] GC(39) Pause Full (Diagnostic Command) 1741M->1714M(2784M) 2863.471ms
[2026-10-02T09:23:58.695+0000][104.433s][4160] GC(40) Pause Young (Allocation Failure) 2567M->1775M(2820M) 570.434ms
[2026-10-02T09:24:02.177+0000][107.915s][4160] GC(41) Pause Full (Diagnostic Command) 2069M->1781M(2820M) 2726.343ms
[2026-10-02T09:24:04.785+0000][110.523s][4160] GC(42) Pause Young (Allocation Failure) 2418M->1833M(2849M) 382.257ms
[2026-10-02T09:24:07.628+0000][113.366s][4160] GC(43) Pause Full (Diagnostic Command) 2057M->1759M(2849M) 1830.229ms
[2026-10-02T09:24:12.202+0000][117.940s][4160] GC(44) Pause Young (Allocation Failure) 2646M->1883M(2771M) 631.945ms
[2026-10-02T09:24:14.181+0000][119.919s][4160] GC(45) Pause Full (Diagnostic Command) 1913M->1874M(2771M) 1942.024ms
[2026-10-02T09:24:21.558+0000][127.296s][4160] GC(46) Pause Full (Diagnostic Command) 2583M->1937M(2771M) 2874.537ms
[2026-10-02T09:24:27.640+0000][133.378s][4160] GC(47) Pause Full (Diagnostic Command) 2283M->1979M(2771M) 2794.970ms
[2026-10-02T09:24:34.275+0000][140.013s][4160] GC(48) Pause Full (Diagnostic Command) 2358M->2058M(2771M) 3033.475ms
[2026-10-02T09:24:37.950+0000][143.688s][4160] GC(49) Pause Young (Allocation Failure) 2454M->2098M(2727M) 968.623ms
[2026-10-02T09:24:40.635+0000][146.373s][4160] GC(50) Pause Full (Diagnostic Command) 2106M->2094M(2727M) 2676.694ms
[2026-10-02T09:24:42.413+0000][148.150s][4160] GC(51) Pause Young (Allocation Failure) 2723M->2105M(2735M) 564.186ms
[2026-10-02T09:24:46.737+0000][152.475s][4160] GC(52) Pause Full (Diagnostic Command) 2258M->2103M(2735M) 2877.267ms
[2026-10-02T09:24:48.373+0000][154.111s][4160] GC(53) Pause Young (Allocation Failure) 2306M->2113M(2816M) 468.873ms
[2026-10-02T09:24:52.373+0000][158.111s][4160] GC(54) Pause Full (Diagnostic Command) 2556M->2137M(2816M) 2229.651ms
[2026-10-02T09:24:53.671+0000][159.409s][4160] GC(55) Pause Young (Allocation Failure) 2248M->2143M(2817M) 474.379ms
[2026-10-02T09:24:56.849+0000][162.587s][4160] GC(56) Pause Young (Allocation Failure) 2712M->2213M(3262M) 640.834ms
[2026-10-02T09:24:59.134+0000][164.872s][4160] GC(57) Pause Full (Diagnostic Command) 2221M->2173M(3262M) 2271.528ms
[2026-10-02T09:25:02.600+0000][168.338s][4160] GC(58) Pause Young (Allocation Failure) 2742M->2242M(3262M) 588.967ms
[2026-10-02T09:25:05.006+0000][170.744s][4160] GC(59) Pause Full (Diagnostic Command) 2251M->2203M(3262M) 2376.214ms
[2026-10-02T09:25:07.587+0000][173.325s][4160] GC(60) Pause Young (Allocation Failure) 2773M->2256M(3263M) 433.121ms
[2026-10-02T09:25:11.334+0000][177.072s][4160] GC(61) Pause Full (Diagnostic Command) 2550M->2274M(3263M) 2563.793ms
[2026-10-02T09:25:14.300+0000][180.038s][4160] GC(62) Pause Young (Allocation Failure) 2694M->2349M(3263M) 431.127ms
[2026-10-02T09:25:17.739+0000][183.476s][4160] GC(63) Pause Full (Diagnostic Command) 2469M->2375M(3263M) 2612.676ms
[2026-10-02T09:25:19.496+0000][185.234s][4160] GC(64) Pause Young (Allocation Failure) 2694M->2484M(3264M) 516.670ms
[2026-10-02T09:25:21.273+0000][187.011s][4160] GC(65) Pause Young (Allocation Failure) 3053M->2684M(3623M) 609.167ms
[2026-10-02T09:25:24.098+0000][189.836s][4160] GC(66) Pause Full (Diagnostic Command) 2706M->2689M(3623M) 2754.255ms
[2026-10-02T09:25:25.401+0000][191.139s][4160] GC(67) Pause Young (Allocation Failure) 3055M->2829M(3623M) 591.609ms
[2026-10-02T09:25:26.968+0000][192.706s][4160] GC(68) Pause Young (Allocation Failure) 3398M->3045M(3615M) 366.748ms
[2026-10-02T09:25:30.574+0000][196.312s][4160] GC(69) Pause Full (Diagnostic Command) 3277M->2410M(3615M) 2887.089ms
[2026-10-02T09:25:32.016+0000][197.754s][4160] GC(70) Pause Young (Allocation Failure) 2979M->2496M(3951M) 57.299ms
[2026-10-02T09:25:33.135+0000][198.873s][4160] GC(71) Pause Young (Allocation Failure) 3068M->2498M(3949M) 59.469ms
[2026-10-02T09:25:35.468+0000][201.206s][4160] GC(72) Pause Full (Diagnostic Command) 2758M->1142M(3949M) 1631.797ms
[2026-10-02T09:25:36.823+0000][202.561s][4160] GC(73) Pause Young (Allocation Failure) 1713M->1210M(3979M) 76.677ms
[2026-10-02T09:25:38.202+0000][203.940s][4160] GC(74) Pause Young (Allocation Failure) 1816M->1360M(3603M) 186.588ms
[2026-10-02T09:25:38.999+0000][204.737s][4160] GC(75) Pause Young (Allocation Failure) 1965M->1446M(3986M) 180.723ms
[2026-10-02T09:25:39.668+0000][205.406s][4160] GC(76) Pause Young (Allocation Failure) 2086M->1469M(3965M) 109.690ms
[2026-10-02T09:25:41.424+0000][207.162s][4160] GC(77) Pause Full (Diagnostic Command) 1671M->493M(3965M) 1247.944ms
[2026-10-02T09:25:46.680+0000][212.418s][4160] GC(78) Pause Full (Diagnostic Command) 500M->20M(3965M) 169.169ms
