[2026-10-02T07:53:01.994+0000][0.007s][3948] CardTable entry size: 512
[2026-10-02T07:53:01.994+0000][0.007s][3948] Using Parallel
[2026-10-02T07:53:01.997+0000][0.010s][3948] Version: 25.0.4.1+1-LTS (release)
[2026-10-02T07:53:01.997+0000][0.010s][3948] CPUs: 4 total, 4 available
[2026-10-02T07:53:01.997+0000][0.010s][3948] Memory: 15989M
[2026-10-02T07:53:01.997+0000][0.010s][3948] Large Page Support: Disabled
[2026-10-02T07:53:01.997+0000][0.010s][3948] NUMA Support: Disabled
[2026-10-02T07:53:01.997+0000][0.010s][3948] Compressed Oops: Enabled (Zero based)
[2026-10-02T07:53:01.997+0000][0.010s][3948] Alignments: Space 512K, Generation 512K, Heap 2M
[2026-10-02T07:53:01.997+0000][0.010s][3948] Heap Min Capacity: 8M
[2026-10-02T07:53:01.997+0000][0.010s][3948] Heap Initial Capacity: 250M
[2026-10-02T07:53:01.997+0000][0.010s][3948] Heap Max Capacity: 3G
[2026-10-02T07:53:01.997+0000][0.010s][3948] Pre-touch: Disabled
[2026-10-02T07:53:01.997+0000][0.011s][3948] Parallel Workers: 4
[2026-10-02T07:53:04.524+0000][2.537s][3948] GC(0) Pause Young (Allocation Failure) 64M->10M(240M) 25.426ms
[2026-10-02T07:53:05.215+0000][3.228s][3948] GC(1) Pause Full (Metadata GC Threshold) 33M->12M(240M) 39.249ms
[2026-10-02T07:53:06.350+0000][4.363s][3948] GC(2) Pause Young (Allocation Failure) 75M->17M(236M) 14.307ms
[2026-10-02T07:53:06.501+0000][4.514s][3948] GC(3) Pause Full (Metadata GC Threshold) 23M->17M(236M) 50.659ms
[2026-10-02T07:53:08.161+0000][6.175s][3948] GC(4) Pause Young (Allocation Failure) 80M->27M(240M) 18.917ms
[2026-10-02T07:53:08.869+0000][6.882s][3948] GC(5) Pause Young (Allocation Failure) 90M->45M(293M) 88.238ms
[2026-10-02T07:53:10.266+0000][8.279s][3948] GC(6) Pause Young (Allocation Failure) 167M->77M(299M) 61.878ms
[2026-10-02T07:53:12.440+0000][10.454s][3948] GC(7) Pause Young (Allocation Failure) 199M->104M(443M) 89.225ms
[2026-10-02T07:53:16.190+0000][14.204s][3948] GC(8) Pause Young (Allocation Failure) 340M->150M(451M) 113.214ms
[2026-10-02T07:53:16.677+0000][14.690s][3948] GC(9) Pause Full (Metadata GC Threshold) 160M->150M(451M) 345.950ms
[2026-10-02T07:53:20.766+0000][18.779s][3948] GC(10) Pause Young (Allocation Failure) 386M->194M(713M) 58.060ms
[2026-10-02T07:53:29.024+0000][27.037s][3948] GC(11) Pause Young (Allocation Failure) 665M->224M(714M) 62.316ms
[2026-10-02T07:53:32.912+0000][30.926s][3948] GC(12) Pause Young (Allocation Failure) 695M->212M(1024M) 125.218ms
[2026-10-02T07:53:36.103+0000][34.116s][3948] GC(13) Pause Young (Allocation Failure) 966M->382M(1137M) 280.808ms
[2026-10-02T07:53:39.127+0000][37.140s][3948] GC(14) Pause Young (Allocation Failure) 1136M->489M(1244M) 240.429ms
[2026-10-02T07:53:40.845+0000][38.858s][3948] GC(15) Pause Young (Allocation Failure) 1211M->581M(1304M) 367.212ms
[2026-10-02T07:53:43.087+0000][41.100s][3948] GC(16) Pause Young (Allocation Failure) 1303M->658M(1453M) 374.285ms
[2026-10-02T07:53:44.823+0000][42.836s][3948] GC(17) Pause Young (Allocation Failure) 1375M->750M(1527M) 308.290ms
[2026-10-02T07:53:46.271+0000][44.284s][3948] GC(18) Pause Full (Metadata GC Threshold) 852M->597M(1527M) 1349.918ms
[2026-10-02T07:53:47.509+0000][45.523s][3948] GC(19) Pause Young (Allocation Failure) 1314M->680M(1528M) 135.884ms
[2026-10-02T07:53:48.832+0000][46.845s][3948] GC(20) Pause Young (Allocation Failure) 1398M->773M(1551M) 250.056ms
[2026-10-02T07:53:50.392+0000][48.405s][3948] GC(21) Pause Young (Allocation Failure) 1491M->869M(1641M) 318.874ms
[2026-10-02T07:53:52.272+0000][50.285s][3948] GC(22) Pause Young (Allocation Failure) 1584M->956M(1672M) 439.178ms
[2026-10-02T07:53:57.403+0000][55.416s][3948] GC(23) Pause Young (Allocation Failure) 1671M->1075M(1810M) 511.973ms
[2026-10-02T07:54:02.325+0000][60.338s][3948] GC(24) Pause Young (Allocation Failure) 1777M->1113M(1935M) 600.913ms
[2026-10-02T07:54:05.053+0000][63.066s][3948] GC(25) Pause Young (Allocation Failure) 1815M->1154M(1968M) 240.674ms
[2026-10-02T07:54:06.534+0000][64.547s][3948] GC(26) Pause Young (Allocation Failure) 1858M->1192M(2014M) 154.558ms
[2026-10-02T07:54:10.787+0000][68.800s][3948] GC(27) Pause Young (Allocation Failure) 1896M->1305M(2047M) 336.057ms
[2026-10-02T07:54:16.929+0000][74.942s][3948] GC(28) Pause Young (Allocation Failure) 2006M->1405M(2106M) 309.531ms
[2026-10-02T07:54:18.775+0000][76.788s][3948] GC(29) Pause Young (Allocation Failure) 2106M->1561M(2218M) 412.335ms
[2026-10-02T07:54:19.955+0000][77.968s][3948] GC(30) Pause Young (Allocation Failure) 2210M->1668M(2396M) 394.130ms
[2026-10-02T07:54:21.363+0000][79.377s][3948] GC(31) Pause Young (Allocation Failure) 2321M->1745M(2484M) 279.790ms
[2026-10-02T07:54:22.721+0000][80.734s][3948] GC(32) Pause Young (Allocation Failure) 2398M->1816M(2575M) 252.304ms
[2026-10-02T07:54:23.639+0000][81.653s][3948] GC(33) Pause Young (Allocation Failure) 2469M->1891M(2647M) 133.603ms
[2026-10-02T07:54:26.477+0000][84.490s][3948] GC(34) Pause Young (Allocation Failure) 2568M->1988M(2731M) 444.909ms
[2026-10-02T07:54:30.437+0000][88.450s][3948] GC(35) Pause Full (Allocation Failure) 2665M->1851M(2906M) 1758.752ms
[2026-10-02T07:54:32.802+0000][90.815s][3948] GC(36) Pause Young (Allocation Failure) 2552M->1891M(2909M) 197.841ms
[2026-10-02T07:54:37.443+0000][95.457s][3948] GC(37) Pause Young (Allocation Failure) 2592M->1973M(2896M) 346.162ms
[2026-10-02T07:54:42.576+0000][100.590s][3948] GC(38) Pause Full (Allocation Failure) 2676M->2020M(2904M) 2304.713ms
[2026-10-02T07:54:48.699+0000][106.712s][3948] GC(39) Pause Full (Allocation Failure) 2724M->2102M(2904M) 1613.736ms
[2026-10-02T07:54:54.058+0000][112.071s][3948] GC(40) Pause Full (Allocation Failure) 2751M->2053M(2904M) 1809.172ms
[2026-10-02T07:54:58.356+0000][116.369s][3948] GC(41) Pause Full (Allocation Failure) 2751M->2064M(2904M) 2600.649ms
[2026-10-02T07:55:07.392+0000][125.405s][3948] GC(42) Pause Full (Allocation Failure) 2751M->2134M(2904M) 2816.444ms
[2026-10-02T07:55:13.545+0000][131.558s][3948] GC(43) Pause Full (Allocation Failure) 2751M->2153M(2904M) 2679.697ms
[2026-10-02T07:55:20.240+0000][138.253s][3948] GC(44) Pause Full (Allocation Failure) 2751M->2187M(2904M) 2598.953ms
[2026-10-02T07:55:25.283+0000][143.297s][3948] GC(45) Pause Full (Allocation Failure) 2751M->2218M(2904M) 2157.573ms
[2026-10-02T07:55:29.009+0000][147.022s][3948] GC(46) Pause Full (Allocation Failure) 2751M->2266M(2904M) 1985.996ms
[2026-10-02T07:55:33.522+0000][151.535s][3948] GC(47) Pause Full (Allocation Failure) 2751M->2329M(2904M) 2086.648ms
[2026-10-02T07:55:37.313+0000][155.326s][3948] GC(48) Pause Full (Allocation Failure) 2751M->2466M(2904M) 2031.110ms
[2026-10-02T07:55:40.221+0000][158.234s][3948] GC(49) Pause Full (Allocation Failure) 2751M->2569M(2904M) 2163.088ms
[2026-10-02T07:55:42.906+0000][160.919s][3948] GC(50) Pause Full (Allocation Failure) 2751M->2635M(2904M) 2264.410ms
[2026-10-02T07:55:45.378+0000][163.391s][3948] GC(51) Pause Full (Allocation Failure) 2751M->2677M(2904M) 2257.842ms
[2026-10-02T07:55:48.005+0000][166.018s][3948] GC(52) Pause Full (Allocation Failure) 2751M->2707M(2904M) 2478.110ms
[2026-10-02T07:55:50.437+0000][168.450s][3948] GC(53) Pause Full (Allocation Failure) 2751M->2724M(2904M) 2349.384ms
[2026-10-02T07:55:52.940+0000][170.953s][3948] GC(54) Pause Full (Allocation Failure) 2751M->2735M(2904M) 2460.627ms
[2026-10-02T07:55:55.333+0000][173.347s][3948] GC(55) Pause Full (Allocation Failure) 2751M->2741M(2904M) 2354.552ms
[2026-10-02T07:55:57.694+0000][175.707s][3948] GC(56) Pause Full (Allocation Failure) 2751M->2745M(2904M) 2344.106ms
[2026-10-02T07:56:00.059+0000][178.072s][3948] GC(57) Pause Full (Allocation Failure) 2751M->2748M(2904M) 2351.447ms
[2026-10-02T07:56:02.422+0000][180.435s][3948] GC(58) Pause Full (Allocation Failure) 2751M->2749M(2904M) 2352.780ms
[2026-10-02T07:56:04.771+0000][182.784s][3948] GC(59) Pause Full (Allocation Failure) 2751M->2750M(2904M) 2343.915ms
[2026-10-02T07:56:07.116+0000][185.129s][3948] GC(60) Pause Full (Allocation Failure) 2751M->2750M(2904M) 2338.413ms
[2026-10-02T07:56:09.468+0000][187.481s][3948] GC(61) Pause Full (Allocation Failure) 2751M->2751M(2904M) 2349.805ms
[2026-10-02T07:56:11.569+0000][189.582s][3948] GC(62) Pause Full (Allocation Failure) 2751M->2751M(2904M) 2099.184ms
[2026-10-02T07:56:13.501+0000][191.515s][3948] GC(63) Pause Full (Allocation Failure) 2751M->2751M(2904M) 1929.794ms
[2026-10-02T07:56:15.547+0000][193.560s][3948] GC(64) Pause Full (Allocation Failure) 2751M->2751M(2904M) 2042.920ms
[2026-10-02T07:56:17.718+0000][195.731s][3948] GC(65) Pause Full (Allocation Failure) 2751M->2751M(2904M) 2169.969ms
[2026-10-02T07:56:20.140+0000][198.153s][3948] GC(66) Pause Full (Allocation Failure) 2751M->2751M(2904M) 2421.643ms
[2026-10-02T07:56:22.286+0000][200.299s][3948] GC(67) Pause Full (Allocation Failure) 2751M->2751M(2904M) 2144.785ms
[2026-10-02T07:56:24.578+0000][202.592s][3948] GC(68) Pause Full (Allocation Failure) 2751M->2751M(2904M) 2290.474ms
[2026-10-02T07:56:26.493+0000][204.506s][3948] GC(69) Pause Full (Allocation Failure) 2751M->2751M(2904M) 1913.257ms
[2026-10-02T07:56:28.422+0000][206.436s][3948] GC(70) Pause Full (Allocation Failure) 2751M->2751M(2904M) 1928.840ms
[2026-10-02T07:56:30.364+0000][208.378s][3948] GC(71) Pause Full (Allocation Failure) 2751M->2751M(2904M) 1940.975ms
[2026-10-02T07:56:32.293+0000][210.306s][3948] GC(72) Pause Full (Allocation Failure) 2751M->2751M(2904M) 1927.650ms
[2026-10-02T07:56:34.209+0000][212.222s][3948] GC(73) Pause Full (Allocation Failure) 2751M->2751M(2904M) 1915.282ms
[2026-10-02T07:56:36.126+0000][214.139s][3948] GC(74) Pause Full (Allocation Failure) 2751M->2751M(2904M) 1916.495ms
[2026-10-02T07:56:38.048+0000][216.061s][3948] GC(75) Pause Full (Allocation Failure) 2751M->2751M(2904M) 1920.697ms
[2026-10-02T07:56:39.990+0000][218.004s][3948] GC(76) Pause Full (Allocation Failure) 2751M->2751M(2904M) 1942.069ms
[2026-10-02T07:56:41.918+0000][219.931s][3948] GC(77) Pause Full (Allocation Failure) 2751M->2751M(2904M) 1926.999ms
[2026-10-02T07:56:43.856+0000][221.870s][3948] GC(78) Pause Full (Allocation Failure) 2751M->2751M(2904M) 1938.098ms
[2026-10-02T07:56:45.814+0000][223.827s][3948] GC(79) Pause Full (Allocation Failure) 2751M->2751M(2904M) 1955.886ms
[2026-10-02T07:56:47.729+0000][225.742s][3948] GC(80) Pause Full (Allocation Failure) 2751M->2751M(2904M) 1914.676ms
[2026-10-02T07:56:49.700+0000][227.713s][3948] GC(81) Pause Full (Allocation Failure) 2751M->2751M(2904M) 1968.238ms
[2026-10-02T07:56:51.631+0000][229.645s][3948] GC(82) Pause Full (Allocation Failure) 2751M->2751M(2904M) 1931.209ms
[2026-10-02T07:56:53.570+0000][231.583s][3948] GC(83) Pause Full (Allocation Failure) 2751M->2751M(2904M) 1937.225ms
[2026-10-02T07:56:55.529+0000][233.542s][3948] GC(84) Pause Full (Allocation Failure) 2751M->2751M(2904M) 1958.920ms
[2026-10-02T07:56:57.462+0000][235.475s][3948] GC(85) Pause Full (Allocation Failure) 2751M->2751M(2904M) 1932.593ms
[2026-10-02T07:56:59.392+0000][237.405s][3948] GC(86) Pause Full (Allocation Failure) 2751M->2751M(2904M) 1928.908ms
[2026-10-02T07:57:01.325+0000][239.338s][3948] GC(87) Pause Full (Allocation Failure) 2751M->2751M(2904M) 1932.709ms
[2026-10-02T07:57:03.257+0000][241.270s][3948] GC(88) Pause Full (Allocation Failure) 2751M->2751M(2904M) 1932.132ms
[2026-10-02T07:57:05.437+0000][243.450s][3948] GC(89) Pause Full (Allocation Failure) 2751M->2751M(2904M) 2178.324ms
[2026-10-02T07:57:07.382+0000][245.395s][3948] GC(90) Pause Full (Allocation Failure) 2751M->2751M(2904M) 1944.720ms
[2026-10-02T07:57:09.335+0000][247.348s][3948] GC(91) Pause Full (Allocation Failure) 2751M->2751M(2904M) 1952.143ms
[2026-10-02T07:57:11.272+0000][249.286s][3948] GC(92) Pause Full (Allocation Failure) 2751M->2751M(2904M) 1937.540ms
[2026-10-02T07:57:13.702+0000][251.715s][3948] GC(93) Pause Full (Allocation Failure) 2751M->2506M(2904M) 2429.245ms
[2026-10-02T07:57:16.534+0000][254.547s][3948] GC(94) Pause Full (Allocation Failure) 2751M->2583M(2904M) 2420.383ms
[2026-10-02T07:57:19.391+0000][257.405s][3948] GC(95) Pause Full (Allocation Failure) 2751M->2651M(2904M) 2494.872ms
[2026-10-02T07:57:22.246+0000][260.260s][3948] GC(96) Pause Full (Allocation Failure) 2751M->2691M(2904M) 2676.127ms
[2026-10-02T07:57:24.886+0000][262.899s][3948] GC(97) Pause Full (Allocation Failure) 2751M->2714M(2904M) 2533.228ms
[2026-10-02T07:57:27.474+0000][265.487s][3948] GC(98) Pause Full (Allocation Failure) 2751M->2728M(2904M) 2533.746ms
[2026-10-02T07:57:30.055+0000][268.068s][3948] GC(99) Pause Full (Allocation Failure) 2751M->2736M(2904M) 2545.087ms
[2026-10-02T07:57:32.611+0000][270.624s][3948] GC(100) Pause Full (Allocation Failure) 2751M->2742M(2904M) 2532.637ms
[2026-10-02T07:57:35.162+0000][273.175s][3948] GC(101) Pause Full (Allocation Failure) 2751M->2745M(2904M) 2531.634ms
[2026-10-02T07:57:37.731+0000][275.744s][3948] GC(102) Pause Full (Allocation Failure) 2751M->2747M(2904M) 2557.346ms
[2026-10-02T07:57:40.270+0000][278.284s][3948] GC(103) Pause Full (Allocation Failure) 2751M->2749M(2904M) 2531.575ms
[2026-10-02T07:57:42.834+0000][280.847s][3948] GC(104) Pause Full (Allocation Failure) 2751M->2750M(2904M) 2558.335ms
[2026-10-02T07:57:45.390+0000][283.404s][3948] GC(105) Pause Full (Allocation Failure) 2751M->2750M(2904M) 2552.448ms
[2026-10-02T07:57:47.809+0000][285.823s][3948] GC(106) Pause Full (Allocation Failure) 2751M->2750M(2904M) 2415.832ms
[2026-10-02T07:57:50.376+0000][288.390s][3948] GC(107) Pause Full (Allocation Failure) 2751M->2751M(2904M) 2564.342ms
[2026-10-02T07:57:52.940+0000][290.953s][3948] GC(108) Pause Full (Allocation Failure) 2751M->2751M(2904M) 2561.538ms
[2026-10-02T07:57:55.061+0000][293.074s][3948] GC(109) Pause Full (Allocation Failure) 2751M->2751M(2904M) 2119.312ms
[2026-10-02T07:57:57.611+0000][295.625s][3948] GC(110) Pause Full (Allocation Failure) 2751M->2751M(2904M) 2548.653ms
[2026-10-02T07:57:59.709+0000][297.722s][3948] GC(111) Pause Full (Allocation Failure) 2751M->2751M(2904M) 2096.312ms
[2026-10-02T07:58:01.815+0000][299.829s][3948] GC(112) Pause Full (Allocation Failure) 2751M->2751M(2904M) 2105.490ms
[2026-10-02T07:58:03.939+0000][301.952s][3948] GC(113) Pause Full (Allocation Failure) 2751M->2751M(2904M) 2122.513ms
[2026-10-02T07:58:06.623+0000][304.636s][3948] GC(114) Pause Full (Allocation Failure) 2751M->2751M(2904M) 2682.971ms
[2026-10-02T07:58:08.733+0000][306.746s][3948] GC(115) Pause Full (Allocation Failure) 2751M->2751M(2904M) 2109.382ms
[2026-10-02T07:58:10.837+0000][308.850s][3948] GC(116) Pause Full (Allocation Failure) 2751M->2751M(2904M) 2103.076ms
[2026-10-02T07:58:13.195+0000][311.209s][3948] GC(117) Pause Full (Allocation Failure) 2751M->2751M(2904M) 2357.829ms
[2026-10-02T07:58:15.319+0000][313.332s][3948] GC(118) Pause Full (Allocation Failure) 2751M->2751M(2904M) 2122.343ms
[2026-10-02T07:58:17.429+0000][315.443s][3948] GC(119) Pause Full (Allocation Failure) 2751M->2751M(2904M) 2109.381ms
[2026-10-02T07:58:19.545+0000][317.558s][3948] GC(120) Pause Full (Allocation Failure) 2751M->2751M(2904M) 2115.247ms
[2026-10-02T07:58:21.918+0000][319.931s][3948] GC(121) Pause Full (Allocation Failure) 2751M->2751M(2904M) 2372.243ms
[2026-10-02T07:58:24.616+0000][322.630s][3948] GC(122) Pause Full (Allocation Failure) 2751M->2751M(2904M) 2698.293ms
[2026-10-02T07:58:26.742+0000][324.755s][3948] GC(123) Pause Full (Allocation Failure) 2751M->2751M(2904M) 2123.619ms
[2026-10-02T07:58:28.869+0000][326.883s][3948] GC(124) Pause Full (Allocation Failure) 2751M->2751M(2904M) 2126.880ms
[2026-10-02T07:58:31.018+0000][329.031s][3948] GC(125) Pause Full (Allocation Failure) 2751M->2751M(2904M) 2148.430ms
[2026-10-02T07:58:33.749+0000][331.763s][3948] GC(126) Pause Full (Allocation Failure) 2751M->2751M(2904M) 2730.860ms
[2026-10-02T07:58:35.885+0000][333.899s][3948] GC(127) Pause Full (Allocation Failure) 2751M->2751M(2904M) 2132.629ms
[2026-10-02T07:58:38.012+0000][336.025s][3948] GC(128) Pause Full (Allocation Failure) 2751M->2751M(2904M) 2126.409ms
[2026-10-02T07:58:40.116+0000][338.129s][3948] GC(129) Pause Full (Allocation Failure) 2751M->2751M(2904M) 2102.356ms
[2026-10-02T07:58:42.228+0000][340.241s][3948] GC(130) Pause Full (Allocation Failure) 2751M->2751M(2904M) 2111.788ms
[2026-10-02T07:58:44.328+0000][342.342s][3948] GC(131) Pause Full (Allocation Failure) 2751M->2751M(2904M) 2100.122ms
[2026-10-02T07:58:46.439+0000][344.453s][3948] GC(132) Pause Full (Allocation Failure) 2751M->2751M(2904M) 2110.964ms
[2026-10-02T07:58:48.060+0000][346.073s][3948] GC(133) Pause Full (Allocation Failure) 2751M->1997M(2919M) 1619.883ms
[2026-10-02T07:58:50.844+0000][348.857s][3948] GC(134) Pause Full (Allocation Failure) 2716M->888M(2041M) 923.504ms
[2026-10-02T07:58:52.089+0000][350.102s][3948] GC(135) Pause Young (Allocation Failure) 1607M->891M(2029M) 5.803ms
[2026-10-02T07:58:54.185+0000][352.198s][3948] GC(136) Pause Young (Allocation Failure) 1598M->1062M(2035M) 119.176ms
[2026-10-02T07:58:55.157+0000][353.171s][3948] GC(137) Pause Young (Allocation Failure) 1769M->1113M(1998M) 123.337ms
