[2026-10-02T08:05:55.149+0000][0.005s][3567] CardTable entry size: 512
[2026-10-02T08:05:55.149+0000][0.005s][3567] Using Parallel
[2026-10-02T08:05:55.152+0000][0.008s][3567] Version: 25.0.4.1+1-LTS (release)
[2026-10-02T08:05:55.152+0000][0.008s][3567] CPUs: 4 total, 4 available
[2026-10-02T08:05:55.152+0000][0.008s][3567] Memory: 15989M
[2026-10-02T08:05:55.152+0000][0.008s][3567] Large Page Support: Disabled
[2026-10-02T08:05:55.152+0000][0.008s][3567] NUMA Support: Disabled
[2026-10-02T08:05:55.152+0000][0.008s][3567] Compressed Oops: Enabled (Zero based)
[2026-10-02T08:05:55.152+0000][0.008s][3567] Alignments: Space 512K, Generation 512K, Heap 2M
[2026-10-02T08:05:55.152+0000][0.008s][3567] Heap Min Capacity: 8M
[2026-10-02T08:05:55.152+0000][0.008s][3567] Heap Initial Capacity: 250M
[2026-10-02T08:05:55.152+0000][0.008s][3567] Heap Max Capacity: 3G
[2026-10-02T08:05:55.152+0000][0.008s][3567] Pre-touch: Disabled
[2026-10-02T08:05:55.152+0000][0.008s][3567] Parallel Workers: 4
[2026-10-02T08:05:56.951+0000][1.807s][3567] GC(0) Pause Young (Allocation Failure) 64M->10M(240M) 15.803ms
[2026-10-02T08:05:57.619+0000][2.475s][3567] GC(1) Pause Full (Metadata GC Threshold) 33M->12M(240M) 53.086ms
[2026-10-02T08:05:58.825+0000][3.681s][3567] GC(2) Pause Young (Allocation Failure) 75M->17M(240M) 25.474ms
[2026-10-02T08:05:58.971+0000][3.826s][3567] GC(3) Pause Full (Metadata GC Threshold) 24M->17M(240M) 61.777ms
[2026-10-02T08:05:59.910+0000][4.766s][3567] GC(4) Pause Young (Allocation Failure) 80M->27M(240M) 17.942ms
[2026-10-02T08:06:00.441+0000][5.297s][3567] GC(5) Pause Young (Allocation Failure) 90M->45M(303M) 48.580ms
[2026-10-02T08:06:01.535+0000][6.391s][3567] GC(6) Pause Young (Allocation Failure) 171M->77M(303M) 78.164ms
[2026-10-02T08:06:03.409+0000][8.265s][3567] GC(7) Pause Young (Allocation Failure) 203M->105M(456M) 60.162ms
[2026-10-02T08:06:06.861+0000][11.716s][3567] GC(8) Pause Young (Allocation Failure) 350M->150M(463M) 107.029ms
[2026-10-02T08:06:07.234+0000][12.089s][3567] GC(9) Pause Full (Metadata GC Threshold) 158M->150M(463M) 324.717ms
[2026-10-02T08:06:11.255+0000][16.111s][3567] GC(10) Pause Young (Allocation Failure) 395M->197M(734M) 59.397ms
[2026-10-02T08:06:18.003+0000][22.859s][3567] GC(11) Pause Young (Allocation Failure) 686M->236M(735M) 92.589ms
[2026-10-02T08:06:21.563+0000][26.419s][3567] GC(12) Pause Young (Allocation Failure) 725M->288M(1059M) 198.833ms
[2026-10-02T08:06:23.980+0000][28.836s][3567] GC(13) Pause Young (Allocation Failure) 1056M->453M(1222M) 273.708ms
[2026-10-02T08:06:24.927+0000][29.782s][3567] GC(14) Pause Full (Metadata GC Threshold) 686M->253M(1222M) 522.978ms
[2026-10-02T08:06:26.413+0000][31.269s][3567] GC(15) Pause Young (Allocation Failure) 1021M->347M(1151M) 131.258ms
[2026-10-02T08:06:27.895+0000][32.751s][3567] GC(16) Pause Young (Allocation Failure) 1008M->431M(1190M) 262.313ms
[2026-10-02T08:06:28.902+0000][33.757s][3567] GC(17) Pause Young (Allocation Failure) 1092M->509M(1254M) 241.049ms
[2026-10-02T08:06:30.220+0000][35.076s][3567] GC(18) Pause Young (Allocation Failure) 1175M->590M(1344M) 311.513ms
[2026-10-02T08:06:31.225+0000][36.081s][3567] GC(19) Pause Young (Allocation Failure) 1256M->675M(1431M) 282.732ms
[2026-10-02T08:06:32.346+0000][37.202s][3567] GC(20) Pause Young (Allocation Failure) 1367M->758M(1526M) 318.276ms
[2026-10-02T08:06:33.319+0000][38.175s][3567] GC(21) Pause Young (Allocation Failure) 1450M->849M(1616M) 260.054ms
[2026-10-02T08:06:34.425+0000][39.281s][3567] GC(22) Pause Young (Allocation Failure) 1560M->939M(1713M) 282.132ms
[2026-10-02T08:06:37.689+0000][42.545s][3567] GC(23) Pause Young (Allocation Failure) 1650M->1057M(1798M) 334.780ms
[2026-10-02T08:06:41.143+0000][45.999s][3567] GC(24) Pause Young (Allocation Failure) 1765M->1093M(1920M) 440.053ms
[2026-10-02T08:06:42.959+0000][47.815s][3567] GC(25) Pause Young (Allocation Failure) 1801M->1141M(1951M) 178.282ms
[2026-10-02T08:06:44.440+0000][49.296s][3567] GC(26) Pause Young (Allocation Failure) 1850M->1178M(2004M) 178.269ms
[2026-10-02T08:06:47.354+0000][52.210s][3567] GC(27) Pause Young (Allocation Failure) 1887M->1292M(2035M) 209.115ms
[2026-10-02T08:06:53.957+0000][58.813s][3567] GC(28) Pause Young (Allocation Failure) 1996M->1430M(2134M) 469.304ms
[2026-10-02T08:07:00.984+0000][65.840s][3567] GC(29) Pause Young (Allocation Failure) 2134M->1521M(2283M) 435.033ms
[2026-10-02T08:07:03.383+0000][68.238s][3567] GC(30) Pause Young (Allocation Failure) 2199M->1610M(2290M) 242.363ms
[2026-10-02T08:07:04.601+0000][69.457s][3567] GC(31) Pause Young (Allocation Failure) 2289M->1702M(2455M) 172.482ms
[2026-10-02T08:07:05.530+0000][70.385s][3567] GC(32) Pause Young (Allocation Failure) 2384M->1785M(2545M) 205.474ms
[2026-10-02T08:07:06.402+0000][71.258s][3567] GC(33) Pause Young (Allocation Failure) 2468M->1864M(2643M) 247.775ms
[2026-10-02T08:07:07.217+0000][72.073s][3567] GC(34) Pause Young (Allocation Failure) 2569M->1954M(2716M) 169.795ms
[2026-10-02T08:07:08.568+0000][73.424s][3567] GC(35) Pause Young (Allocation Failure) 2659M->2030M(2823M) 244.473ms
[2026-10-02T08:07:12.075+0000][76.931s][3567] GC(36) Pause Full (Allocation Failure) 2759M->1933M(2915M) 2005.029ms
[2026-10-02T08:07:14.832+0000][79.688s][3567] GC(37) Pause Full (Allocation Failure) 2663M->1995M(2929M) 1363.272ms
[2026-10-02T08:07:20.179+0000][85.035s][3567] GC(38) Pause Full (Allocation Failure) 2739M->2077M(2929M) 1849.168ms
[2026-10-02T08:07:26.137+0000][90.993s][3567] GC(39) Pause Full (Allocation Failure) 2791M->2124M(2929M) 1864.089ms
[2026-10-02T08:07:28.628+0000][93.484s][3567] GC(40) Pause Full (Allocation Failure) 2791M->2132M(2929M) 1326.276ms
[2026-10-02T08:07:33.017+0000][97.872s][3567] GC(41) Pause Full (Allocation Failure) 2791M->2088M(2929M) 1579.309ms
[2026-10-02T08:07:37.849+0000][102.704s][3567] GC(42) Pause Full (Allocation Failure) 2791M->2150M(2929M) 1616.977ms
[2026-10-02T08:07:43.051+0000][107.907s][3567] GC(43) Pause Full (Allocation Failure) 2791M->2174M(2929M) 2549.013ms
[2026-10-02T08:07:48.940+0000][113.796s][3567] GC(44) Pause Full (Allocation Failure) 2791M->2212M(2929M) 2512.877ms
[2026-10-02T08:07:54.499+0000][119.354s][3567] GC(45) Pause Full (Allocation Failure) 2791M->2257M(2929M) 2582.491ms
[2026-10-02T08:07:59.549+0000][124.404s][3567] GC(46) Pause Full (Allocation Failure) 2791M->2375M(2929M) 2570.430ms
[2026-10-02T08:08:02.847+0000][127.703s][3567] GC(47) Pause Full (Allocation Failure) 2791M->2513M(2929M) 2168.269ms
[2026-10-02T08:08:05.259+0000][130.115s][3567] GC(48) Pause Full (Allocation Failure) 2791M->2609M(2929M) 1924.921ms
[2026-10-02T08:08:07.353+0000][132.209s][3567] GC(49) Pause Full (Allocation Failure) 2791M->2667M(2929M) 1853.373ms
[2026-10-02T08:08:09.460+0000][134.315s][3567] GC(50) Pause Full (Allocation Failure) 2791M->2707M(2929M) 1893.082ms
[2026-10-02T08:08:11.624+0000][136.480s][3567] GC(51) Pause Full (Allocation Failure) 2791M->2735M(2929M) 1952.953ms
[2026-10-02T08:08:13.753+0000][138.609s][3567] GC(52) Pause Full (Allocation Failure) 2791M->2753M(2929M) 1984.449ms
[2026-10-02T08:08:15.863+0000][140.719s][3567] GC(53) Pause Full (Allocation Failure) 2791M->2764M(2929M) 2041.265ms
[2026-10-02T08:08:17.935+0000][142.791s][3567] GC(54) Pause Full (Allocation Failure) 2791M->2772M(2929M) 2009.383ms
[2026-10-02T08:08:19.979+0000][144.835s][3567] GC(55) Pause Full (Allocation Failure) 2791M->2779M(2929M) 2003.967ms
[2026-10-02T08:08:22.168+0000][147.023s][3567] GC(56) Pause Full (Allocation Failure) 2791M->2782M(2929M) 2168.437ms
[2026-10-02T08:08:24.176+0000][149.032s][3567] GC(57) Pause Full (Allocation Failure) 2791M->2785M(2929M) 1988.945ms
[2026-10-02T08:08:26.173+0000][151.029s][3567] GC(58) Pause Full (Allocation Failure) 2791M->2787M(2929M) 1983.659ms
[2026-10-02T08:08:28.163+0000][153.018s][3567] GC(59) Pause Full (Allocation Failure) 2791M->2788M(2929M) 1974.154ms
[2026-10-02T08:08:30.185+0000][155.040s][3567] GC(60) Pause Full (Allocation Failure) 2791M->2789M(2929M) 2012.421ms
[2026-10-02T08:08:32.339+0000][157.195s][3567] GC(61) Pause Full (Allocation Failure) 2791M->2789M(2929M) 2153.670ms
[2026-10-02T08:08:34.349+0000][159.205s][3567] GC(62) Pause Full (Allocation Failure) 2791M->2790M(2929M) 2003.202ms
[2026-10-02T08:08:36.232+0000][161.087s][3567] GC(63) Pause Full (Allocation Failure) 2791M->2790M(2929M) 1877.041ms
[2026-10-02T08:08:38.223+0000][163.078s][3567] GC(64) Pause Full (Allocation Failure) 2791M->2790M(2929M) 1987.894ms
[2026-10-02T08:08:40.116+0000][164.972s][3567] GC(65) Pause Full (Allocation Failure) 2791M->2791M(2929M) 1890.839ms
[2026-10-02T08:08:41.799+0000][166.655s][3567] GC(66) Pause Full (Allocation Failure) 2791M->2791M(2929M) 1679.358ms
[2026-10-02T08:08:43.726+0000][168.582s][3567] GC(67) Pause Full (Allocation Failure) 2791M->2791M(2929M) 1923.964ms
[2026-10-02T08:08:45.732+0000][170.588s][3567] GC(68) Pause Full (Allocation Failure) 2791M->2791M(2929M) 2004.986ms
[2026-10-02T08:08:47.382+0000][172.238s][3567] GC(69) Pause Full (Allocation Failure) 2791M->2791M(2929M) 1649.083ms
[2026-10-02T08:08:49.050+0000][173.906s][3567] GC(70) Pause Full (Allocation Failure) 2791M->2791M(2929M) 1667.255ms
[2026-10-02T08:08:50.740+0000][175.596s][3567] GC(71) Pause Full (Allocation Failure) 2791M->2791M(2929M) 1688.990ms
[2026-10-02T08:08:52.641+0000][177.497s][3567] GC(72) Pause Full (Allocation Failure) 2791M->2791M(2929M) 1900.000ms
[2026-10-02T08:08:54.299+0000][179.155s][3567] GC(73) Pause Full (Allocation Failure) 2791M->2791M(2929M) 1657.792ms
[2026-10-02T08:08:56.287+0000][181.143s][3567] GC(74) Pause Full (Allocation Failure) 2791M->2791M(2929M) 1987.359ms
[2026-10-02T08:08:57.945+0000][182.800s][3567] GC(75) Pause Full (Allocation Failure) 2791M->2791M(2929M) 1656.602ms
[2026-10-02T08:08:59.600+0000][184.455s][3567] GC(76) Pause Full (Allocation Failure) 2791M->2791M(2929M) 1654.090ms
[2026-10-02T08:09:01.607+0000][186.463s][3567] GC(77) Pause Full (Allocation Failure) 2791M->2791M(2929M) 2007.227ms
[2026-10-02T08:09:03.290+0000][188.146s][3567] GC(78) Pause Full (Allocation Failure) 2791M->2791M(2929M) 1681.964ms
[2026-10-02T08:09:04.981+0000][189.837s][3567] GC(79) Pause Full (Allocation Failure) 2791M->2791M(2929M) 1690.849ms
[2026-10-02T08:09:06.660+0000][191.516s][3567] GC(80) Pause Full (Allocation Failure) 2791M->2791M(2929M) 1676.107ms
[2026-10-02T08:09:08.337+0000][193.193s][3567] GC(81) Pause Full (Allocation Failure) 2791M->2791M(2929M) 1676.736ms
[2026-10-02T08:09:10.021+0000][194.877s][3567] GC(82) Pause Full (Allocation Failure) 2791M->2791M(2929M) 1683.913ms
[2026-10-02T08:09:11.681+0000][196.537s][3567] GC(83) Pause Full (Allocation Failure) 2791M->2791M(2929M) 1659.076ms
[2026-10-02T08:09:13.330+0000][198.185s][3567] GC(84) Pause Full (Allocation Failure) 2791M->2791M(2929M) 1648.324ms
[2026-10-02T08:09:14.993+0000][199.848s][3567] GC(85) Pause Full (Allocation Failure) 2791M->2791M(2929M) 1662.711ms
[2026-10-02T08:09:16.646+0000][201.501s][3567] GC(86) Pause Full (Allocation Failure) 2791M->2791M(2929M) 1652.731ms
[2026-10-02T08:09:18.715+0000][203.571s][3567] GC(87) Pause Full (Allocation Failure) 2791M->2546M(2929M) 2069.806ms
[2026-10-02T08:09:21.146+0000][206.001s][3567] GC(88) Pause Full (Allocation Failure) 2791M->2616M(2929M) 2072.367ms
[2026-10-02T08:09:22.789+0000][207.645s][3567] GC(89) Pause Full (Allocation Failure) 2791M->1524M(2637M) 1216.256ms
[2026-10-02T08:09:24.210+0000][209.066s][3567] GC(90) Pause Young (Allocation Failure) 2268M->1644M(2618M) 103.636ms
[2026-10-02T08:09:25.173+0000][210.028s][3567] GC(91) Pause Young (Allocation Failure) 2387M->1766M(2531M) 106.309ms
[2026-10-02T08:09:26.456+0000][211.312s][3567] GC(92) Pause Young (Allocation Failure) 2396M->1883M(2593M) 121.898ms
[2026-10-02T08:09:27.452+0000][212.308s][3567] GC(93) Pause Young (Allocation Failure) 2507M->1975M(2554M) 144.057ms
[2026-10-02T08:09:28.210+0000][213.065s][3567] GC(94) Pause Young (Allocation Failure) 2553M->2062M(2736M) 153.765ms
[2026-10-02T08:09:29.825+0000][214.680s][3567] GC(95) Pause Full (Allocation Failure) 2640M->1417M(2503M) 1211.646ms
[2026-10-02T08:09:30.810+0000][215.666s][3567] GC(96) Pause Young (Allocation Failure) 2002M->1498M(2510M) 63.049ms
