[2026-10-02T08:14:47.659+0000][0.002s][10091] CardTable entry size: 512
[2026-10-02T08:14:47.659+0000][0.002s][10091] Using Parallel
[2026-10-02T08:14:47.659+0000][0.003s][10091] Version: 25.0.4.1+1-LTS (release)
[2026-10-02T08:14:47.659+0000][0.003s][10091] CPUs: 4 total, 4 available
[2026-10-02T08:14:47.659+0000][0.003s][10091] Memory: 15989M
[2026-10-02T08:14:47.659+0000][0.003s][10091] Large Page Support: Disabled
[2026-10-02T08:14:47.659+0000][0.003s][10091] NUMA Support: Disabled
[2026-10-02T08:14:47.659+0000][0.003s][10091] Compressed Oops: Enabled (32-bit)
[2026-10-02T08:14:47.659+0000][0.003s][10091] Alignments: Space 512K, Generation 512K, Heap 2M
[2026-10-02T08:14:47.659+0000][0.003s][10091] Heap Min Capacity: 8M
[2026-10-02T08:14:47.659+0000][0.003s][10091] Heap Initial Capacity: 250M
[2026-10-02T08:14:47.659+0000][0.003s][10091] Heap Max Capacity: 732M
[2026-10-02T08:14:47.659+0000][0.003s][10091] Pre-touch: Disabled
[2026-10-02T08:14:47.659+0000][0.003s][10091] Parallel Workers: 4
[2026-10-02T08:14:48.330+0000][0.674s][10091] GC(0) Pause Young (Allocation Failure) 64M->10M(240M) 4.143ms
[2026-10-02T08:14:48.609+0000][0.953s][10091] GC(1) Pause Full (Metadata GC Threshold) 61M->19M(240M) 20.725ms
[2026-10-02T08:14:48.854+0000][1.198s][10091] GC(2) Pause Young (Allocation Failure) 82M->31M(240M) 4.382ms
[2026-10-02T08:14:49.060+0000][1.403s][10091] GC(3) Pause Young (Allocation Failure) 94M->44M(240M) 8.040ms
[2026-10-02T08:14:49.171+0000][1.514s][10091] GC(4) Pause Young (Allocation Failure) 107M->61M(303M) 12.661ms
[2026-10-02T08:14:49.622+0000][1.965s][10091] GC(5) Pause Young (Allocation Failure) 187M->90M(303M) 10.166ms
[2026-10-02T08:14:50.160+0000][2.504s][10091] GC(6) Pause Full (Diagnostic Command) 203M->100M(303M) 61.376ms
[2026-10-02T08:14:50.414+0000][2.758s][10091] GC(7) Pause Young (Allocation Failure) 222M->125M(369M) 8.721ms
[2026-10-02T08:14:50.658+0000][3.001s][10091] GC(8) Pause Young (Allocation Failure) 284M->140M(366M) 16.980ms
[2026-10-02T08:14:50.861+0000][3.205s][10091] GC(9) Pause Young (Allocation Failure) 299M->159M(335M) 29.112ms
[2026-10-02T08:14:51.047+0000][3.391s][10091] GC(10) Pause Young (Allocation Failure) 282M->174M(336M) 23.188ms
[2026-10-02T08:14:51.231+0000][3.574s][10091] GC(11) Pause Young (Allocation Failure) 297M->192M(349M) 27.310ms
[2026-10-02T08:14:51.382+0000][3.725s][10091] GC(12) Pause Young (Allocation Failure) 310M->204M(372M) 27.969ms
[2026-10-02T08:14:51.518+0000][3.862s][10091] GC(13) Pause Young (Allocation Failure) 323M->216M(385M) 21.484ms
[2026-10-02T08:14:51.640+0000][3.983s][10091] GC(14) Pause Young (Allocation Failure) 335M->229M(397M) 14.027ms
[2026-10-02T08:14:51.755+0000][4.099s][10091] GC(15) Pause Young (Allocation Failure) 348M->242M(410M) 19.673ms
[2026-10-02T08:14:51.895+0000][4.238s][10091] GC(16) Pause Young (Allocation Failure) 364M->259M(424M) 15.392ms
[2026-10-02T08:14:52.009+0000][4.353s][10091] GC(17) Pause Young (Allocation Failure) 381M->274M(443M) 17.211ms
[2026-10-02T08:14:52.129+0000][4.472s][10091] GC(18) Pause Young (Allocation Failure) 402M->288M(458M) 17.716ms
[2026-10-02T08:14:52.265+0000][4.609s][10091] GC(19) Pause Young (Allocation Failure) 416M->305M(475M) 26.838ms
[2026-10-02T08:14:52.362+0000][4.706s][10091] GC(20) Pause Young (Allocation Failure) 440M->319M(492M) 16.345ms
[2026-10-02T08:14:52.490+0000][4.833s][10091] GC(21) Pause Young (Allocation Failure) 454M->335M(510M) 18.390ms
[2026-10-02T08:14:52.629+0000][4.973s][10091] GC(22) Pause Young (Allocation Failure) 478M->353M(526M) 25.973ms
[2026-10-02T08:14:52.725+0000][5.069s][10091] GC(23) Pause Young (Allocation Failure) 496M->369M(548M) 19.075ms
[2026-10-02T08:14:52.844+0000][5.187s][10091] GC(24) Pause Young (Allocation Failure) 520M->390M(564M) 20.572ms
[2026-10-02T08:14:52.958+0000][5.301s][10091] GC(25) Pause Young (Allocation Failure) 541M->409M(589M) 22.300ms
[2026-10-02T08:14:53.060+0000][5.404s][10091] GC(26) Pause Young (Allocation Failure) 568M->428M(608M) 23.511ms
[2026-10-02T08:14:53.682+0000][6.025s][10091] GC(27) Pause Young (Allocation Failure) 587M->457M(630M) 30.831ms
[2026-10-02T08:14:54.125+0000][6.469s][10091] GC(28) Pause Young (Allocation Failure) 620M->481M(660M) 40.453ms
[2026-10-02T08:14:54.974+0000][7.317s][10091] GC(29) Pause Young (Allocation Failure) 644M->486M(684M) 31.027ms
[2026-10-02T08:14:55.821+0000][8.165s][10091] GC(30) Pause Full (Allocation Failure) 650M->490M(692M) 347.291ms
[2026-10-02T08:14:56.459+0000][8.803s][10091] GC(31) Pause Full (Diagnostic Command) 542M->503M(692M) 387.561ms
[2026-10-02T08:14:57.108+0000][9.452s][10091] GC(32) Pause Full (Allocation Failure) 651M->506M(691M) 352.907ms
[2026-10-02T08:14:57.678+0000][10.022s][10091] GC(33) Pause Full (Allocation Failure) 651M->512M(692M) 355.794ms
[2026-10-02T08:14:58.148+0000][10.492s][10091] GC(34) Pause Full (Allocation Failure) 651M->517M(691M) 361.148ms
[2026-10-02T08:14:58.627+0000][10.971s][10091] GC(35) Pause Full (Allocation Failure) 651M->526M(692M) 353.077ms
[2026-10-02T08:14:59.174+0000][11.518s][10091] GC(36) Pause Full (Allocation Failure) 651M->530M(691M) 354.603ms
[2026-10-02T08:14:59.827+0000][12.171s][10091] GC(37) Pause Full (Allocation Failure) 651M->556M(692M) 404.460ms
[2026-10-02T08:15:01.008+0000][13.352s][10091] GC(38) Pause Full (Allocation Failure) 651M->496M(691M) 320.050ms
[2026-10-02T08:15:02.634+0000][14.978s][10091] GC(39) Pause Full (Diagnostic Command) 602M->508M(691M) 366.152ms
[2026-10-02T08:15:03.432+0000][15.775s][10091] GC(40) Pause Full (Allocation Failure) 651M->540M(692M) 363.031ms
[2026-10-02T08:15:04.206+0000][16.549s][10091] GC(41) Pause Full (Allocation Failure) 651M->567M(691M) 407.707ms
[2026-10-02T08:15:04.830+0000][17.174s][10091] GC(42) Pause Full (Allocation Failure) 651M->589M(692M) 391.751ms
[2026-10-02T08:15:05.934+0000][18.277s][10091] GC(43) Pause Full (Allocation Failure) 651M->591M(691M) 421.485ms
[2026-10-02T08:15:07.083+0000][19.427s][10091] GC(44) Pause Full (Allocation Failure) 651M->591M(692M) 406.245ms
[2026-10-02T08:15:07.943+0000][20.287s][10091] GC(45) Pause Full (Allocation Failure) 651M->591M(691M) 396.654ms
[2026-10-02T08:15:08.488+0000][20.832s][10091] GC(46) Pause Full (Allocation Failure) 651M->591M(692M) 448.112ms
[2026-10-02T08:15:08.834+0000][21.178s][10091] GC(47) Pause Full (Diagnostic Command) 597M->591M(692M) 334.689ms
[2026-10-02T08:15:09.591+0000][21.935s][10091] GC(48) Pause Full (Allocation Failure) 651M->591M(691M) 414.667ms
[2026-10-02T08:15:11.339+0000][23.682s][10091] GC(49) Pause Full (Allocation Failure) 651M->595M(692M) 403.479ms
[2026-10-02T08:15:12.089+0000][24.433s][10091] GC(50) Pause Full (Allocation Failure) 651M->602M(691M) 427.417ms
[2026-10-02T08:15:12.754+0000][25.098s][10091] GC(51) Pause Full (Allocation Failure) 651M->603M(692M) 421.428ms
[2026-10-02T08:15:13.432+0000][25.776s][10091] GC(52) Pause Full (Allocation Failure) 651M->604M(691M) 419.871ms
[2026-10-02T08:15:14.042+0000][26.386s][10091] GC(53) Pause Full (Allocation Failure) 651M->615M(692M) 419.927ms
[2026-10-02T08:15:14.694+0000][27.037s][10091] GC(54) Pause Full (Allocation Failure) 651M->623M(691M) 471.574ms
[2026-10-02T08:15:15.035+0000][27.378s][10091] GC(55) Pause Full (Diagnostic Command) 625M->623M(691M) 326.101ms
[2026-10-02T08:15:15.548+0000][27.891s][10091] GC(56) Pause Full (Allocation Failure) 651M->623M(692M) 331.299ms
[2026-10-02T08:15:16.123+0000][28.466s][10091] GC(57) Pause Full (Allocation Failure) 651M->623M(691M) 416.292ms
[2026-10-02T08:15:17.289+0000][29.632s][10091] GC(58) Pause Full (Allocation Failure) 651M->624M(692M) 448.223ms
[2026-10-02T08:15:18.078+0000][30.421s][10091] GC(59) Pause Full (Allocation Failure) 651M->628M(691M) 433.916ms
[2026-10-02T08:15:18.788+0000][31.132s][10091] GC(60) Pause Full (Allocation Failure) 651M->631M(692M) 455.450ms
[2026-10-02T08:15:19.576+0000][31.920s][10091] GC(61) Pause Full (Allocation Failure) 651M->637M(691M) 447.248ms
[2026-10-02T08:15:20.315+0000][32.659s][10091] GC(62) Pause Full (Allocation Failure) 652M->639M(692M) 446.842ms
[2026-10-02T08:15:20.932+0000][33.276s][10091] GC(63) Pause Full (Allocation Failure) 651M->642M(691M) 544.490ms
[2026-10-02T08:15:21.374+0000][33.717s][10091] GC(64) Pause Full (Diagnostic Command) 644M->643M(691M) 429.787ms
[2026-10-02T08:15:21.861+0000][34.205s][10091] GC(65) Pause Full (Allocation Failure) 652M->645M(692M) 448.468ms
[2026-10-02T08:15:22.321+0000][34.665s][10091] GC(66) Pause Full (Allocation Failure) 651M->647M(691M) 423.843ms
[2026-10-02T08:15:22.795+0000][35.138s][10091] GC(67) Pause Full (Allocation Failure) 651M->648M(692M) 444.236ms
[2026-10-02T08:15:23.227+0000][35.570s][10091] GC(68) Pause Full (Allocation Failure) 652M->649M(691M) 408.450ms
[2026-10-02T08:15:23.681+0000][36.025s][10091] GC(69) Pause Full (Allocation Failure) 651M->649M(692M) 440.824ms
[2026-10-02T08:15:24.099+0000][36.443s][10091] GC(70) Pause Full (Allocation Failure) 651M->650M(691M) 407.222ms
[2026-10-02T08:15:24.525+0000][36.869s][10091] GC(71) Pause Full (Allocation Failure) 652M->650M(692M) 414.930ms
[2026-10-02T08:15:24.904+0000][37.247s][10091] GC(72) Pause Full (Allocation Failure) 651M->651M(691M) 371.342ms
[2026-10-02T08:15:25.314+0000][37.658s][10091] GC(73) Pause Full (Allocation Failure) 651M->651M(692M) 403.878ms
[2026-10-02T08:15:25.740+0000][38.083s][10091] GC(74) Pause Full (Allocation Failure) 651M->651M(691M) 420.602ms
[2026-10-02T08:15:26.154+0000][38.497s][10091] GC(75) Pause Full (Allocation Failure) 651M->651M(692M) 408.372ms
[2026-10-02T08:15:26.561+0000][38.905s][10091] GC(76) Pause Full (Allocation Failure) 651M->651M(691M) 403.134ms
[2026-10-02T08:15:27.013+0000][39.356s][10091] GC(77) Pause Full (Allocation Failure) 651M->651M(692M) 448.511ms
[2026-10-02T08:15:27.390+0000][39.734s][10091] GC(78) Pause Full (Allocation Failure) 651M->651M(691M) 368.597ms
[2026-10-02T08:15:27.802+0000][40.146s][10091] GC(79) Pause Full (Allocation Failure) 651M->651M(692M) 405.637ms
[2026-10-02T08:15:28.154+0000][40.498s][10091] GC(80) Pause Full (Diagnostic Command) 651M->651M(692M) 351.549ms
[2026-10-02T08:15:28.562+0000][40.905s][10091] GC(81) Pause Full (Allocation Failure) 651M->651M(691M) 403.226ms
[2026-10-02T08:15:28.974+0000][41.318s][10091] GC(82) Pause Full (Allocation Failure) 651M->651M(692M) 410.489ms
[2026-10-02T08:15:29.347+0000][41.691s][10091] GC(83) Pause Full (Allocation Failure) 651M->651M(691M) 370.412ms
[2026-10-02T08:15:29.763+0000][42.106s][10091] GC(84) Pause Full (Allocation Failure) 651M->651M(692M) 414.457ms
[2026-10-02T08:15:30.112+0000][42.455s][10091] GC(85) Pause Full (Allocation Failure) 651M->651M(691M) 347.483ms
[2026-10-02T08:15:30.463+0000][42.806s][10091] GC(86) Pause Full (Allocation Failure) 651M->651M(692M) 350.152ms
[2026-10-02T08:15:30.811+0000][43.155s][10091] GC(87) Pause Full (Allocation Failure) 651M->651M(691M) 347.689ms
[2026-10-02T08:15:31.169+0000][43.512s][10091] GC(88) Pause Full (Allocation Failure) 651M->651M(692M) 355.951ms
[2026-10-02T08:15:31.517+0000][43.860s][10091] GC(89) Pause Full (Allocation Failure) 651M->651M(691M) 347.402ms
[2026-10-02T08:15:31.864+0000][44.208s][10091] GC(90) Pause Full (Allocation Failure) 651M->651M(692M) 347.249ms
[2026-10-02T08:15:32.214+0000][44.558s][10091] GC(91) Pause Full (Allocation Failure) 651M->651M(691M) 348.398ms
[2026-10-02T08:15:32.561+0000][44.905s][10091] GC(92) Pause Full (Allocation Failure) 651M->651M(692M) 346.727ms
[2026-10-02T08:15:32.910+0000][45.253s][10091] GC(93) Pause Full (Allocation Failure) 651M->651M(691M) 347.797ms
[2026-10-02T08:15:33.332+0000][45.675s][10091] GC(94) Pause Full (Allocation Failure) 651M->651M(692M) 421.005ms
[2026-10-02T08:15:33.738+0000][46.082s][10091] GC(95) Pause Full (Allocation Failure) 651M->651M(691M) 405.905ms
[2026-10-02T08:15:34.087+0000][46.430s][10091] GC(96) Pause Full (Diagnostic Command) 651M->651M(691M) 348.550ms
[2026-10-02T08:15:34.451+0000][46.794s][10091] GC(97) Pause Full (Allocation Failure) 651M->651M(692M) 362.932ms
[2026-10-02T08:15:34.802+0000][47.146s][10091] GC(98) Pause Full (Allocation Failure) 651M->651M(691M) 351.008ms
[2026-10-02T08:15:35.262+0000][47.605s][10091] GC(99) Pause Full (Allocation Failure) 651M->572M(692M) 459.180ms
[2026-10-02T08:15:36.510+0000][48.853s][10091] GC(100) Pause Full (Allocation Failure) 651M->586M(691M) 473.399ms
[2026-10-02T08:15:37.615+0000][49.959s][10091] GC(101) Pause Full (Allocation Failure) 651M->587M(692M) 468.918ms
[2026-10-02T08:15:38.346+0000][50.689s][10091] GC(102) Pause Full (Allocation Failure) 651M->590M(691M) 474.818ms
[2026-10-02T08:15:38.925+0000][51.269s][10091] GC(103) Pause Full (Allocation Failure) 652M->590M(692M) 474.005ms
[2026-10-02T08:15:39.541+0000][51.884s][10091] GC(104) Pause Full (Allocation Failure) 651M->591M(691M) 533.536ms
[2026-10-02T08:15:39.989+0000][52.333s][10091] GC(105) Pause Full (Diagnostic Command) 596M->591M(691M) 440.356ms
[2026-10-02T08:15:40.521+0000][52.865s][10091] GC(106) Pause Full (Allocation Failure) 651M->591M(692M) 445.294ms
[2026-10-02T08:15:41.064+0000][53.408s][10091] GC(107) Pause Full (Allocation Failure) 651M->592M(691M) 461.916ms
[2026-10-02T08:15:41.842+0000][54.185s][10091] GC(108) Pause Full (Allocation Failure) 651M->593M(692M) 481.470ms
[2026-10-02T08:15:42.915+0000][55.258s][10091] GC(109) Pause Full (Allocation Failure) 651M->597M(691M) 487.993ms
[2026-10-02T08:15:43.778+0000][56.122s][10091] GC(110) Pause Full (Allocation Failure) 652M->604M(692M) 492.941ms
[2026-10-02T08:15:45.021+0000][57.365s][10091] GC(111) Pause Full (Allocation Failure) 651M->605M(691M) 493.991ms
[2026-10-02T08:15:46.075+0000][58.419s][10091] GC(112) Pause Full (Allocation Failure) 651M->608M(692M) 508.810ms
[2026-10-02T08:15:46.464+0000][58.807s][10091] GC(113) Pause Full (Diagnostic Command) 609M->608M(692M) 382.884ms
[2026-10-02T08:15:47.302+0000][59.645s][10091] GC(114) Pause Full (Allocation Failure) 652M->612M(691M) 485.670ms
[2026-10-02T08:15:47.915+0000][60.259s][10091] GC(115) Pause Full (Allocation Failure) 651M->613M(692M) 501.402ms
[2026-10-02T08:15:48.531+0000][60.875s][10091] GC(116) Pause Full (Allocation Failure) 651M->614M(691M) 487.673ms
[2026-10-02T08:15:49.182+0000][61.526s][10091] GC(117) Pause Full (Allocation Failure) 651M->615M(692M) 499.081ms
[2026-10-02T08:15:50.092+0000][62.435s][10091] GC(118) Pause Full (Allocation Failure) 652M->619M(691M) 510.392ms
[2026-10-02T08:15:50.958+0000][63.302s][10091] GC(119) Pause Full (Allocation Failure) 651M->619M(692M) 505.765ms
[2026-10-02T08:15:51.811+0000][64.155s][10091] GC(120) Pause Full (Allocation Failure) 651M->620M(691M) 507.127ms
[2026-10-02T08:15:52.302+0000][64.645s][10091] GC(121) Pause Full (Diagnostic Command) 629M->621M(691M) 400.126ms
[2026-10-02T08:15:52.942+0000][65.285s][10091] GC(122) Pause Full (Allocation Failure) 651M->623M(692M) 401.613ms
[2026-10-02T08:15:53.628+0000][65.972s][10091] GC(123) Pause Full (Allocation Failure) 651M->624M(691M) 415.785ms
[2026-10-02T08:15:54.216+0000][66.559s][10091] GC(124) Pause Full (Allocation Failure) 651M->625M(692M) 401.877ms
[2026-10-02T08:15:54.727+0000][67.071s][10091] GC(125) Pause Full (Allocation Failure) 651M->626M(691M) 401.888ms
[2026-10-02T08:15:55.670+0000][68.013s][10091] GC(126) Pause Full (Allocation Failure) 651M->631M(692M) 521.133ms
[2026-10-02T08:15:56.191+0000][68.535s][10091] GC(127) Pause Full (Allocation Failure) 651M->631M(691M) 419.655ms
[2026-10-02T08:15:56.704+0000][69.048s][10091] GC(128) Pause Full (Allocation Failure) 651M->631M(692M) 402.601ms
[2026-10-02T08:15:57.325+0000][69.668s][10091] GC(129) Pause Full (Allocation Failure) 651M->631M(691M) 509.031ms
[2026-10-02T08:15:57.934+0000][70.278s][10091] GC(130) Pause Full (Allocation Failure) 651M->634M(692M) 532.628ms
[2026-10-02T08:15:58.570+0000][70.914s][10091] GC(131) Pause Full (Allocation Failure) 651M->637M(691M) 552.176ms
[2026-10-02T08:15:59.085+0000][71.429s][10091] GC(132) Pause Full (Diagnostic Command) 639M->637M(691M) 504.649ms
[2026-10-02T08:15:59.666+0000][72.010s][10091] GC(133) Pause Full (Allocation Failure) 651M->639M(692M) 515.253ms
[2026-10-02T08:16:00.264+0000][72.608s][10091] GC(134) Pause Full (Allocation Failure) 651M->641M(691M) 543.322ms
[2026-10-02T08:16:00.831+0000][73.174s][10091] GC(135) Pause Full (Allocation Failure) 652M->642M(692M) 536.172ms
[2026-10-02T08:16:01.372+0000][73.715s][10091] GC(136) Pause Full (Allocation Failure) 651M->644M(691M) 510.700ms
[2026-10-02T08:16:01.886+0000][74.229s][10091] GC(137) Pause Full (Allocation Failure) 651M->645M(692M) 495.867ms
[2026-10-02T08:16:02.429+0000][74.773s][10091] GC(138) Pause Full (Allocation Failure) 651M->645M(691M) 501.564ms
[2026-10-02T08:16:02.920+0000][75.264s][10091] GC(139) Pause Full (Allocation Failure) 651M->646M(692M) 432.500ms
[2026-10-02T08:16:03.425+0000][75.769s][10091] GC(140) Pause Full (Allocation Failure) 651M->646M(691M) 428.359ms
[2026-10-02T08:16:03.903+0000][76.247s][10091] GC(141) Pause Full (Allocation Failure) 651M->646M(692M) 431.672ms
[2026-10-02T08:16:04.467+0000][76.811s][10091] GC(142) Pause Full (Allocation Failure) 651M->647M(691M) 528.571ms
[2026-10-02T08:16:04.889+0000][77.232s][10091] GC(143) Pause Full (Diagnostic Command) 648M->647M(691M) 416.404ms
[2026-10-02T08:16:05.397+0000][77.741s][10091] GC(144) Pause Full (Allocation Failure) 651M->647M(692M) 464.409ms
[2026-10-02T08:16:05.847+0000][78.191s][10091] GC(145) Pause Full (Allocation Failure) 651M->647M(691M) 415.885ms
[2026-10-02T08:16:06.308+0000][78.652s][10091] GC(146) Pause Full (Allocation Failure) 651M->647M(692M) 436.382ms
[2026-10-02T08:16:06.755+0000][79.099s][10091] GC(147) Pause Full (Allocation Failure) 651M->647M(691M) 418.247ms
[2026-10-02T08:16:07.203+0000][79.546s][10091] GC(148) Pause Full (Allocation Failure) 651M->648M(692M) 419.530ms
[2026-10-02T08:16:07.647+0000][79.990s][10091] GC(149) Pause Full (Allocation Failure) 651M->648M(691M) 419.391ms
[2026-10-02T08:16:08.091+0000][80.435s][10091] GC(150) Pause Full (Allocation Failure) 651M->648M(692M) 418.923ms
[2026-10-02T08:16:08.550+0000][80.894s][10091] GC(151) Pause Full (Allocation Failure) 651M->648M(691M) 435.819ms
[2026-10-02T08:16:08.987+0000][81.330s][10091] GC(152) Pause Full (Allocation Failure) 651M->648M(692M) 418.350ms
[2026-10-02T08:16:09.425+0000][81.768s][10091] GC(153) Pause Full (Allocation Failure) 651M->649M(691M) 418.912ms
[2026-10-02T08:16:09.861+0000][82.205s][10091] GC(154) Pause Full (Allocation Failure) 651M->649M(692M) 418.063ms
[2026-10-02T08:16:10.433+0000][82.777s][10091] GC(155) Pause Full (Allocation Failure) 651M->649M(691M) 543.943ms
[2026-10-02T08:16:11.034+0000][83.377s][10091] GC(156) Pause Full (Allocation Failure) 651M->649M(692M) 533.339ms
[2026-10-02T08:16:11.494+0000][83.838s][10091] GC(157) Pause Full (Diagnostic Command) 649M->649M(692M) 455.886ms
[2026-10-02T08:16:12.146+0000][84.489s][10091] GC(158) Pause Full (Allocation Failure) 651M->649M(691M) 526.475ms
[2026-10-02T08:16:12.758+0000][85.101s][10091] GC(159) Pause Full (Allocation Failure) 651M->649M(692M) 549.946ms
[2026-10-02T08:16:13.343+0000][85.687s][10091] GC(160) Pause Full (Allocation Failure) 651M->649M(691M) 558.108ms
[2026-10-02T08:16:13.918+0000][86.262s][10091] GC(161) Pause Full (Allocation Failure) 652M->649M(692M) 549.633ms
[2026-10-02T08:16:14.504+0000][86.848s][10091] GC(162) Pause Full (Allocation Failure) 651M->649M(691M) 555.458ms
[2026-10-02T08:16:15.069+0000][87.412s][10091] GC(163) Pause Full (Allocation Failure) 651M->650M(692M) 538.235ms
[2026-10-02T08:16:15.623+0000][87.967s][10091] GC(164) Pause Full (Allocation Failure) 651M->649M(691M) 527.664ms
[2026-10-02T08:16:16.164+0000][88.508s][10091] GC(165) Pause Full (Allocation Failure) 651M->650M(692M) 514.589ms
[2026-10-02T08:16:16.795+0000][89.139s][10091] GC(166) Pause Full (Allocation Failure) 652M->650M(691M) 614.824ms
[2026-10-02T08:16:17.353+0000][89.697s][10091] GC(167) Pause Full (Diagnostic Command) 650M->649M(691M) 552.126ms
[2026-10-02T08:16:17.920+0000][90.264s][10091] GC(168) Pause Full (Allocation Failure) 651M->649M(692M) 536.661ms
[2026-10-02T08:16:18.471+0000][90.815s][10091] GC(169) Pause Full (Allocation Failure) 651M->650M(691M) 480.974ms
[2026-10-02T08:16:19.031+0000][91.375s][10091] GC(170) Pause Full (Allocation Failure) 651M->650M(692M) 551.498ms
[2026-10-02T08:16:19.567+0000][91.910s][10091] GC(171) Pause Full (Allocation Failure) 651M->651M(691M) 506.680ms
[2026-10-02T08:16:20.059+0000][92.402s][10091] GC(172) Pause Full (Allocation Failure) 651M->651M(692M) 476.295ms
[2026-10-02T08:16:20.551+0000][92.895s][10091] GC(173) Pause Full (Allocation Failure) 651M->651M(691M) 481.455ms
[2026-10-02T08:16:21.048+0000][93.391s][10091] GC(174) Pause Full (Allocation Failure) 652M->651M(692M) 490.347ms
[2026-10-02T08:16:21.529+0000][93.872s][10091] GC(175) Pause Full (Allocation Failure) 651M->651M(691M) 476.556ms
[2026-10-02T08:16:21.963+0000][94.306s][10091] GC(176) Pause Full (Allocation Failure) 652M->651M(692M) 427.491ms
[2026-10-02T08:16:22.393+0000][94.737s][10091] GC(177) Pause Full (Allocation Failure) 652M->651M(691M) 426.410ms
[2026-10-02T08:16:22.881+0000][95.225s][10091] GC(178) Pause Full (Allocation Failure) 652M->651M(692M) 484.851ms
[2026-10-02T08:16:22.970+0000][95.314s][10091] GC(179) Pause Full (Allocation Failure) 651M->37M(336M) 78.544ms
[2026-10-02T08:16:23.013+0000][95.357s][10091] GC(180) Pause Full (Diagnostic Command) 38M->13M(336M) 34.832ms
