[2026-10-02T08:07:36.599+0000][0.009s][3756] CardTable entry size: 512
[2026-10-02T08:07:36.599+0000][0.009s][3756] Using Parallel
[2026-10-02T08:07:36.603+0000][0.012s][3756] Version: 25.0.4.1+1-LTS (release)
[2026-10-02T08:07:36.603+0000][0.012s][3756] CPUs: 4 total, 4 available
[2026-10-02T08:07:36.603+0000][0.012s][3756] Memory: 15989M
[2026-10-02T08:07:36.603+0000][0.012s][3756] Large Page Support: Disabled
[2026-10-02T08:07:36.603+0000][0.012s][3756] NUMA Support: Disabled
[2026-10-02T08:07:36.603+0000][0.012s][3756] Compressed Oops: Enabled (Zero based)
[2026-10-02T08:07:36.603+0000][0.012s][3756] Alignments: Space 512K, Generation 512K, Heap 2M
[2026-10-02T08:07:36.603+0000][0.012s][3756] Heap Min Capacity: 8M
[2026-10-02T08:07:36.603+0000][0.012s][3756] Heap Initial Capacity: 250M
[2026-10-02T08:07:36.603+0000][0.012s][3756] Heap Max Capacity: 5G
[2026-10-02T08:07:36.603+0000][0.012s][3756] Pre-touch: Disabled
[2026-10-02T08:07:36.603+0000][0.012s][3756] Parallel Workers: 4
[2026-10-02T08:07:38.733+0000][2.142s][3756] GC(0) Pause Young (Allocation Failure) 64M->10M(240M) 20.055ms
[2026-10-02T08:07:39.333+0000][2.742s][3756] GC(1) Pause Full (Metadata GC Threshold) 33M->12M(240M) 46.076ms
[2026-10-02T08:07:39.552+0000][2.961s][3756] GC(2) Pause Full (Diagnostic Command) 20M->12M(240M) 41.447ms
[2026-10-02T08:07:40.445+0000][3.854s][3756] GC(3) Pause Young (Allocation Failure) 75M->17M(240M) 32.943ms
[2026-10-02T08:07:40.669+0000][4.078s][3756] GC(4) Pause Full (Metadata GC Threshold) 31M->18M(240M) 47.821ms
[2026-10-02T08:07:41.646+0000][5.055s][3756] GC(5) Pause Young (Allocation Failure) 81M->31M(240M) 24.346ms
[2026-10-02T08:07:41.958+0000][5.367s][3756] GC(6) Pause Young (Allocation Failure) 94M->49M(303M) 26.383ms
[2026-10-02T08:07:42.925+0000][6.335s][3756] GC(7) Pause Young (Allocation Failure) 175M->78M(303M) 29.998ms
[2026-10-02T08:07:44.087+0000][7.496s][3756] GC(8) Pause Young (Allocation Failure) 204M->108M(454M) 39.485ms
[2026-10-02T08:07:46.198+0000][9.607s][3756] GC(9) Pause Full (Diagnostic Command) 246M->130M(454M) 191.986ms
[2026-10-02T08:07:49.000+0000][12.410s][3756] GC(10) Pause Young (Allocation Failure) 374M->176M(462M) 57.210ms
[2026-10-02T08:07:53.055+0000][16.465s][3756] GC(11) Pause Full (Diagnostic Command) 378M->190M(462M) 444.736ms
[2026-10-02T08:07:56.416+0000][19.825s][3756] GC(12) Pause Young (Allocation Failure) 434M->207M(712M) 92.249ms
[2026-10-02T08:07:59.261+0000][22.670s][3756] GC(13) Pause Full (Diagnostic Command) 620M->101M(712M) 286.878ms
[2026-10-02T08:08:01.215+0000][24.624s][3756] GC(14) Pause Young (Allocation Failure) 586M->187M(714M) 73.130ms
[2026-10-02T08:08:03.162+0000][26.572s][3756] GC(15) Pause Young (Allocation Failure) 672M->294M(1026M) 149.732ms
[2026-10-02T08:08:04.961+0000][28.371s][3756] GC(16) Pause Young (Allocation Failure) 1026M->394M(1153M) 214.870ms
[2026-10-02T08:08:06.104+0000][29.514s][3756] GC(17) Pause Full (Diagnostic Command) 685M->327M(1153M) 596.228ms
[2026-10-02T08:08:07.163+0000][30.572s][3756] GC(18) Pause Young (Allocation Failure) 1059M->415M(1587M) 188.768ms
[2026-10-02T08:08:09.279+0000][32.688s][3756] GC(19) Pause Young (Allocation Failure) 1570M->549M(1725M) 389.065ms
[2026-10-02T08:08:11.122+0000][34.531s][3756] GC(20) Pause Young (Allocation Failure) 1704M->683M(2055M) 510.305ms
[2026-10-02T08:08:13.136+0000][36.545s][3756] GC(21) Pause Full (Diagnostic Command) 1365M->757M(2055M) 1104.839ms
[2026-10-02T08:08:15.177+0000][38.586s][3756] GC(22) Pause Young (Allocation Failure) 1881M->900M(2232M) 565.228ms
[2026-10-02T08:08:20.475+0000][43.885s][3756] GC(23) Pause Full (Diagnostic Command) 1917M->1027M(2232M) 1957.707ms
[2026-10-02T08:08:24.707+0000][48.116s][3756] GC(24) Pause Young (Allocation Failure) 2044M->1098M(2073M) 1020.397ms
[2026-10-02T08:08:26.703+0000][50.112s][3756] GC(25) Pause Full (Diagnostic Command) 1149M->1098M(2073M) 1873.508ms
[2026-10-02T08:08:28.874+0000][52.283s][3756] GC(26) Pause Young (Allocation Failure) 2072M->1146M(2122M) 416.038ms
[2026-10-02T08:08:33.073+0000][56.482s][3756] GC(27) Pause Full (Diagnostic Command) 1752M->1069M(2122M) 1757.680ms
[2026-10-02T08:08:39.282+0000][62.691s][3756] GC(28) Pause Full (Diagnostic Command) 2030M->1226M(2122M) 1476.175ms
[2026-10-02T08:08:40.383+0000][63.793s][3756] GC(29) Pause Young (Allocation Failure) 1894M->1348M(2133M) 345.692ms
[2026-10-02T08:08:41.212+0000][64.621s][3756] GC(30) Pause Young (Allocation Failure) 2132M->1465M(2594M) 317.178ms
[2026-10-02T08:08:42.166+0000][65.576s][3756] GC(31) Pause Young (Allocation Failure) 2250M->1563M(2656M) 251.618ms
[2026-10-02T08:08:43.038+0000][66.447s][3756] GC(32) Pause Young (Allocation Failure) 2368M->1649M(2792M) 186.261ms
[2026-10-02T08:08:46.207+0000][69.616s][3756] GC(33) Pause Full (Diagnostic Command) 2134M->1684M(2792M) 1844.523ms
[2026-10-02T08:08:48.339+0000][71.749s][3756] GC(34) Pause Young (Allocation Failure) 2368M->1739M(2800M) 362.527ms
[2026-10-02T08:08:49.718+0000][73.127s][3756] GC(35) Pause Young (Allocation Failure) 2613M->1788M(3006M) 291.645ms
[2026-10-02T08:08:52.677+0000][76.086s][3756] GC(36) Pause Full (Diagnostic Command) 1959M->1790M(3006M) 2061.060ms
[2026-10-02T08:08:56.881+0000][80.290s][3756] GC(37) Pause Young (Allocation Failure) 2613M->1916M(3026M) 546.916ms
[2026-10-02T08:08:58.636+0000][82.045s][3756] GC(38) Pause Full (Diagnostic Command) 1937M->1834M(3026M) 1727.853ms
[2026-10-02T08:09:02.497+0000][85.906s][3756] GC(39) Pause Young (Allocation Failure) 2762M->1941M(3047M) 264.079ms
[2026-10-02T08:09:04.638+0000][88.047s][3756] GC(40) Pause Full (Diagnostic Command) 2006M->1948M(3047M) 1497.093ms
[2026-10-02T08:09:08.482+0000][91.891s][3756] GC(41) Pause Young (Allocation Failure) 2673M->2053M(3014M) 300.645ms
[2026-10-02T08:09:11.474+0000][94.883s][3756] GC(42) Pause Full (Diagnostic Command) 2414M->2056M(3014M) 2039.226ms
[2026-10-02T08:09:13.347+0000][96.756s][3756] GC(43) Pause Young (Allocation Failure) 2642M->2080M(2975M) 440.456ms
[2026-10-02T08:09:18.434+0000][101.844s][3756] GC(44) Pause Full (Diagnostic Command) 2459M->2127M(2975M) 2385.697ms
[2026-10-02T08:09:21.434+0000][104.844s][3756] GC(45) Pause Young (Allocation Failure) 2658M->2142M(2939M) 484.780ms
[2026-10-02T08:09:24.635+0000][108.045s][3756] GC(46) Pause Full (Diagnostic Command) 2256M->2142M(2939M) 2218.716ms
[2026-10-02T08:09:27.092+0000][110.501s][3756] GC(47) Pause Young (Allocation Failure) 2501M->2183M(2921M) 465.267ms
[2026-10-02T08:09:31.039+0000][114.448s][3756] GC(48) Pause Full (Diagnostic Command) 2468M->2182M(2921M) 2194.292ms
[2026-10-02T08:09:33.348+0000][116.758s][3756] GC(49) Pause Young (Allocation Failure) 2503M->2212M(2874M) 407.673ms
[2026-10-02T08:09:36.807+0000][120.216s][3756] GC(50) Pause Full (Diagnostic Command) 2716M->2224M(2874M) 1713.055ms
[2026-10-02T08:09:37.408+0000][120.818s][3756] GC(51) Pause Young (Allocation Failure) 2337M->2227M(2907M) 332.049ms
[2026-10-02T08:09:39.403+0000][122.812s][3756] GC(52) Pause Young (Allocation Failure) 2796M->2301M(3354M) 366.909ms
[2026-10-02T08:09:43.300+0000][126.709s][3756] GC(53) Pause Full (Diagnostic Command) 2623M->2349M(3354M) 1930.701ms
[2026-10-02T08:09:44.564+0000][127.973s][3756] GC(54) Pause Young (Allocation Failure) 2785M->2509M(3355M) 365.491ms
[2026-10-02T08:09:45.671+0000][129.081s][3756] GC(55) Pause Young (Allocation Failure) 3078M->2724M(3648M) 277.379ms
[2026-10-02T08:09:46.717+0000][130.127s][3756] GC(56) Pause Young (Allocation Failure) 3294M->2954M(3524M) 216.997ms
[2026-10-02T08:09:49.757+0000][133.167s][3756] GC(57) Pause Full (Diagnostic Command) 3440M->2484M(3524M) 2027.732ms
[2026-10-02T08:09:50.861+0000][134.271s][3756] GC(58) Pause Young (Allocation Failure) 3053M->2556M(3843M) 39.188ms
[2026-10-02T08:09:51.596+0000][135.006s][3756] GC(59) Pause Young (Allocation Failure) 3126M->2558M(3842M) 47.333ms
[2026-10-02T08:09:52.565+0000][135.975s][3756] GC(60) Pause Young (Allocation Failure) 3128M->2599M(3879M) 33.762ms
[2026-10-02T08:09:53.951+0000][137.361s][3756] GC(61) Pause Young (Allocation Failure) 3205M->2766M(3505M) 299.832ms
[2026-10-02T08:09:55.276+0000][138.685s][3756] GC(62) Pause Full (Diagnostic Command) 2778M->1284M(3505M) 1312.512ms
[2026-10-02T08:09:55.923+0000][139.333s][3756] GC(63) Pause Young (Allocation Failure) 1890M->1481M(3881M) 41.043ms
[2026-10-02T08:09:56.327+0000][139.736s][3756] GC(64) Pause Young (Allocation Failure) 2122M->1450M(3852M) 64.905ms
[2026-10-02T08:10:00.543+0000][143.952s][3756] GC(65) Pause Full (Diagnostic Command) 1485M->21M(3852M) 247.846ms
