[2026-10-02T07:45:26.862+0000][0.032s][2528] CardTable entry size: 512
[2026-10-02T07:45:26.862+0000][0.032s][2528] Using G1
[2026-10-02T07:45:26.864+0000][0.034s][2528] Version: 25.0.4.1+1-LTS (release)
[2026-10-02T07:45:26.864+0000][0.034s][2528] CPUs: 4 total, 4 available
[2026-10-02T07:45:26.864+0000][0.034s][2528] Memory: 15989M
[2026-10-02T07:45:26.864+0000][0.034s][2528] Large Page Support: Disabled
[2026-10-02T07:45:26.864+0000][0.034s][2528] NUMA Support: Disabled
[2026-10-02T07:45:26.864+0000][0.034s][2528] Compressed Oops: Enabled (Zero based)
[2026-10-02T07:45:26.864+0000][0.034s][2528] Heap Region Size: 2M
[2026-10-02T07:45:26.864+0000][0.034s][2528] Heap Min Capacity: 8M
[2026-10-02T07:45:26.864+0000][0.034s][2528] Heap Initial Capacity: 250M
[2026-10-02T07:45:26.864+0000][0.034s][2528] Heap Max Capacity: 3G
[2026-10-02T07:45:26.864+0000][0.034s][2528] Pre-touch: Disabled
[2026-10-02T07:45:26.864+0000][0.034s][2528] Parallel Workers: 4
[2026-10-02T07:45:26.864+0000][0.034s][2528] Concurrent Workers: 1
[2026-10-02T07:45:26.864+0000][0.034s][2528] Concurrent Refinement Workers: 4
[2026-10-02T07:45:26.864+0000][0.034s][2528] Periodic GC: Disabled
[2026-10-02T07:45:27.319+0000][0.489s][2528] GC(0) Pause Young (Normal) (G1 Evacuation Pause) 33M->12M(252M) 3.779ms
[2026-10-02T07:45:28.965+0000][2.135s][2528] GC(1) Pause Young (Normal) (G1 Evacuation Pause) 116M->22M(252M) 7.643ms
[2026-10-02T07:45:29.191+0000][2.361s][2528] GC(2) Pause Young (Concurrent Start) (Metadata GC Threshold) 42M->25M(252M) 8.236ms
[2026-10-02T07:45:29.191+0000][2.361s][2528] GC(3) Concurrent Mark Cycle
[2026-10-02T07:45:29.203+0000][2.373s][2528] GC(3) Pause Remark 27M->27M(88M) 2.363ms
[2026-10-02T07:45:29.209+0000][2.379s][2528] GC(3) Pause Cleanup 27M->27M(88M) 0.012ms
[2026-10-02T07:45:29.209+0000][2.379s][2528] GC(3) Concurrent Mark Cycle 18.213ms
[2026-10-02T07:45:29.740+0000][2.909s][2528] GC(4) Pause Young (Prepare Mixed) (G1 Evacuation Pause) 65M->27M(88M) 7.346ms
[2026-10-02T07:45:30.463+0000][3.632s][2528] GC(5) Pause Young (Mixed) (G1 Evacuation Pause) 67M->28M(88M) 5.885ms
[2026-10-02T07:45:30.675+0000][3.845s][2528] GC(6) Pause Young (Concurrent Start) (Metadata GC Threshold) 51M->30M(88M) 6.488ms
[2026-10-02T07:45:30.675+0000][3.845s][2528] GC(7) Concurrent Mark Cycle
[2026-10-02T07:45:30.717+0000][3.887s][2528] GC(7) Pause Remark 33M->33M(88M) 3.976ms
[2026-10-02T07:45:30.727+0000][3.897s][2528] GC(7) Pause Cleanup 34M->34M(88M) 0.013ms
[2026-10-02T07:45:30.727+0000][3.897s][2528] GC(7) Concurrent Mark Cycle 51.971ms
[2026-10-02T07:45:31.087+0000][4.257s][2528] GC(8) Pause Young (Prepare Mixed) (G1 Evacuation Pause) 72M->33M(88M) 5.175ms
[2026-10-02T07:45:31.874+0000][5.044s][2528] GC(9) Pause Young (Mixed) (G1 Evacuation Pause) 75M->37M(88M) 10.106ms
[2026-10-02T07:45:32.233+0000][5.403s][2528] GC(10) Pause Young (Normal) (G1 Evacuation Pause) 75M->40M(88M) 7.512ms
[2026-10-02T07:45:32.544+0000][5.713s][2528] GC(11) Pause Young (Normal) (G1 Evacuation Pause) 76M->41M(106M) 3.848ms
[2026-10-02T07:45:33.097+0000][6.267s][2528] GC(12) Pause Young (Normal) (G1 Evacuation Pause) 93M->46M(106M) 6.583ms
[2026-10-02T07:45:33.245+0000][6.415s][2528] GC(13) Pause Young (Concurrent Start) (Metadata GC Threshold) 66M->47M(106M) 6.483ms
[2026-10-02T07:45:33.246+0000][6.415s][2528] GC(14) Concurrent Mark Cycle
[2026-10-02T07:45:33.310+0000][6.479s][2528] GC(14) Pause Remark 51M->51M(106M) 4.010ms
[2026-10-02T07:45:33.333+0000][6.503s][2528] GC(14) Pause Cleanup 53M->53M(106M) 0.017ms
[2026-10-02T07:45:33.333+0000][6.503s][2528] GC(14) Concurrent Mark Cycle 87.804ms
[2026-10-02T07:45:33.740+0000][6.910s][2528] GC(15) Pause Young (Prepare Mixed) (G1 Evacuation Pause) 91M->49M(106M) 6.484ms
[2026-10-02T07:45:34.243+0000][7.413s][2528] GC(16) Pause Young (Mixed) (G1 Evacuation Pause) 95M->52M(106M) 7.137ms
[2026-10-02T07:45:34.309+0000][7.478s][2528] GC(17) Pause Young (Concurrent Start) (G1 Humongous Allocation) 59M->53M(128M) 6.916ms
[2026-10-02T07:45:34.309+0000][7.478s][2528] GC(18) Concurrent Mark Cycle
[2026-10-02T07:45:34.391+0000][7.561s][2528] GC(18) Pause Remark 67M->67M(128M) 6.216ms
[2026-10-02T07:45:34.414+0000][7.583s][2528] GC(18) Pause Cleanup 69M->69M(128M) 0.014ms
[2026-10-02T07:45:34.414+0000][7.584s][2528] GC(18) Concurrent Mark Cycle 105.367ms
[2026-10-02T07:45:34.782+0000][7.951s][2528] GC(19) Pause Young (Prepare Mixed) (G1 Evacuation Pause) 117M->65M(130M) 8.582ms
[2026-10-02T07:45:35.246+0000][8.416s][2528] GC(20) Pause Young (Mixed) (G1 Evacuation Pause) 117M->67M(132M) 8.100ms
[2026-10-02T07:45:35.569+0000][8.739s][2528] GC(21) Pause Young (Concurrent Start) (G1 Evacuation Pause) 117M->70M(132M) 7.195ms
[2026-10-02T07:45:35.569+0000][8.739s][2528] GC(22) Concurrent Mark Cycle
[2026-10-02T07:45:35.667+0000][8.836s][2528] GC(22) Pause Remark 82M->82M(132M) 5.240ms
[2026-10-02T07:45:35.710+0000][8.879s][2528] GC(22) Pause Cleanup 86M->86M(132M) 0.020ms
[2026-10-02T07:45:35.710+0000][8.880s][2528] GC(22) Concurrent Mark Cycle 140.723ms
[2026-10-02T07:45:35.956+0000][9.126s][2528] GC(23) Pause Young (Prepare Mixed) (G1 Evacuation Pause) 118M->74M(132M) 7.599ms
[2026-10-02T07:45:36.403+0000][9.573s][2528] GC(24) Pause Young (Mixed) (G1 Evacuation Pause) 120M->76M(138M) 10.243ms
[2026-10-02T07:45:36.807+0000][9.977s][2528] GC(25) Pause Young (Concurrent Start) (G1 Evacuation Pause) 124M->80M(166M) 10.813ms
[2026-10-02T07:45:36.807+0000][9.977s][2528] GC(26) Concurrent Mark Cycle
[2026-10-02T07:45:36.940+0000][10.110s][2528] GC(26) Pause Remark 90M->90M(166M) 8.250ms
[2026-10-02T07:45:36.977+0000][10.147s][2528] GC(26) Pause Cleanup 92M->92M(166M) 0.019ms
[2026-10-02T07:45:36.978+0000][10.148s][2528] GC(26) Concurrent Mark Cycle 171.140ms
[2026-10-02T07:45:37.537+0000][10.707s][2528] GC(27) Pause Young (Prepare Mixed) (G1 Evacuation Pause) 146M->86M(166M) 11.323ms
[2026-10-02T07:45:43.485+0000][16.654s][2528] GC(28) Pause Young (Mixed) (G1 Evacuation Pause) 148M->89M(168M) 14.306ms
[2026-10-02T07:45:44.014+0000][17.184s][2528] GC(29) Pause Young (Concurrent Start) (G1 Evacuation Pause) 151M->96M(168M) 9.664ms
[2026-10-02T07:45:44.014+0000][17.184s][2528] GC(30) Concurrent Mark Cycle
[2026-10-02T07:45:44.185+0000][17.355s][2528] GC(30) Pause Remark 122M->122M(168M) 9.465ms
[2026-10-02T07:45:44.243+0000][17.413s][2528] GC(30) Pause Cleanup 127M->127M(168M) 0.027ms
[2026-10-02T07:45:44.244+0000][17.413s][2528] GC(30) Concurrent Mark Cycle 229.652ms
[2026-10-02T07:45:44.441+0000][17.611s][2528] GC(31) Pause Young (Prepare Mixed) (G1 Evacuation Pause) 152M->105M(172M) 17.773ms
[2026-10-02T07:45:44.862+0000][18.032s][2528] GC(32) Pause Young (Mixed) (G1 Evacuation Pause) 157M->108M(174M) 14.538ms
[2026-10-02T07:45:45.302+0000][18.471s][2528] GC(33) Pause Young (Concurrent Start) (G1 Evacuation Pause) 158M->113M(174M) 9.889ms
[2026-10-02T07:45:45.302+0000][18.472s][2528] GC(34) Concurrent Mark Cycle
[2026-10-02T07:45:45.514+0000][18.684s][2528] GC(34) Pause Remark 130M->130M(194M) 8.753ms
[2026-10-02T07:45:45.570+0000][18.740s][2528] GC(34) Pause Cleanup 135M->135M(194M) 0.024ms
[2026-10-02T07:45:45.574+0000][18.743s][2528] GC(34) Concurrent Mark Cycle 271.940ms
[2026-10-02T07:45:45.803+0000][18.973s][2528] GC(35) Pause Young (Prepare Mixed) (G1 Evacuation Pause) 159M->117M(194M) 13.033ms
[2026-10-02T07:45:46.298+0000][19.468s][2528] GC(36) Pause Young (Mixed) (G1 Evacuation Pause) 177M->120M(296M) 10.826ms
[2026-10-02T07:45:47.014+0000][20.184s][2528] GC(37) Pause Young (Normal) (G1 Evacuation Pause) 252M->125M(296M) 13.283ms
[2026-10-02T07:45:47.738+0000][20.908s][2528] GC(38) Pause Young (Normal) (G1 Evacuation Pause) 255M->134M(296M) 16.642ms
[2026-10-02T07:45:48.144+0000][21.314s][2528] GC(39) Pause Young (Concurrent Start) (G1 Evacuation Pause) 260M->143M(296M) 21.739ms
[2026-10-02T07:45:48.144+0000][21.314s][2528] GC(40) Concurrent Mark Cycle
[2026-10-02T07:45:48.489+0000][21.659s][2528] GC(40) Pause Remark 174M->174M(296M) 10.306ms
[2026-10-02T07:45:48.579+0000][21.749s][2528] GC(40) Pause Cleanup 180M->180M(296M) 0.027ms
[2026-10-02T07:45:48.581+0000][21.750s][2528] GC(40) Concurrent Mark Cycle 436.205ms
[2026-10-02T07:45:49.419+0000][22.589s][2528] GC(41) Pause Young (Prepare Mixed) (G1 Evacuation Pause) 265M->150M(296M) 15.036ms
[2026-10-02T07:45:50.162+0000][23.332s][2528] GC(42) Pause Young (Mixed) (G1 Evacuation Pause) 268M->152M(356M) 9.191ms
[2026-10-02T07:45:50.861+0000][24.031s][2528] GC(43) Pause Young (Normal) (G1 Evacuation Pause) (Evacuation Failure: Pinned) 318M->162M(356M) 10.832ms
[2026-10-02T07:45:51.579+0000][24.749s][2528] GC(44) Pause Young (Normal) (G1 Evacuation Pause) 318M->160M(356M) 10.597ms
[2026-10-02T07:45:52.473+0000][25.643s][2528] GC(45) Pause Young (Concurrent Start) (G1 Evacuation Pause) 324M->160M(356M) 8.935ms
[2026-10-02T07:45:52.473+0000][25.643s][2528] GC(46) Concurrent Mark Cycle
[2026-10-02T07:45:53.208+0000][26.378s][2528] GC(46) Pause Remark 287M->287M(356M) 18.608ms
[2026-10-02T07:45:53.322+0000][26.492s][2528] GC(46) Pause Cleanup 296M->296M(356M) 0.027ms
[2026-10-02T07:45:53.323+0000][26.493s][2528] GC(46) Concurrent Mark Cycle 849.812ms
[2026-10-02T07:45:53.506+0000][26.676s][2528] GC(47) Pause Young (Prepare Mixed) (G1 Evacuation Pause) 328M->163M(356M) 23.596ms
[2026-10-02T07:45:57.198+0000][30.368s][2528] GC(48) Pause Young (Mixed) (G1 Evacuation Pause) 333M->163M(356M) 29.110ms
[2026-10-02T07:46:21.211+0000][54.381s][2528] GC(49) Pause Young (Concurrent Start) (G1 Evacuation Pause) 335M->168M(356M) 16.530ms
[2026-10-02T07:46:21.212+0000][54.381s][2528] GC(50) Concurrent Mark Cycle
[2026-10-02T07:46:21.499+0000][54.668s][2528] GC(50) Pause Remark 195M->195M(356M) 16.286ms
[2026-10-02T07:46:21.581+0000][54.751s][2528] GC(50) Pause Cleanup 203M->203M(356M) 0.028ms
[2026-10-02T07:46:21.583+0000][54.753s][2528] GC(50) Concurrent Mark Cycle 371.546ms
