[2026-10-02T08:06:09.145+0000][0.003s][3928] CardTable entry size: 512
[2026-10-02T08:06:09.145+0000][0.003s][3928] Using Parallel
[2026-10-02T08:06:09.151+0000][0.009s][3928] Version: 25.0.4.1+1-LTS (release)
[2026-10-02T08:06:09.151+0000][0.009s][3928] CPUs: 4 total, 4 available
[2026-10-02T08:06:09.151+0000][0.009s][3928] Memory: 15989M
[2026-10-02T08:06:09.151+0000][0.009s][3928] Large Page Support: Disabled
[2026-10-02T08:06:09.151+0000][0.009s][3928] NUMA Support: Disabled
[2026-10-02T08:06:09.151+0000][0.009s][3928] Compressed Oops: Enabled (Zero based)
[2026-10-02T08:06:09.151+0000][0.009s][3928] Alignments: Space 512K, Generation 512K, Heap 2M
[2026-10-02T08:06:09.151+0000][0.009s][3928] Heap Min Capacity: 8M
[2026-10-02T08:06:09.151+0000][0.009s][3928] Heap Initial Capacity: 250M
[2026-10-02T08:06:09.151+0000][0.009s][3928] Heap Max Capacity: 3G
[2026-10-02T08:06:09.151+0000][0.009s][3928] Pre-touch: Disabled
[2026-10-02T08:06:09.151+0000][0.009s][3928] Parallel Workers: 4
[2026-10-02T08:06:11.216+0000][2.074s][3928] GC(0) Pause Young (Allocation Failure) 64M->10M(240M) 15.806ms
[2026-10-02T08:06:12.030+0000][2.888s][3928] GC(1) Pause Full (Metadata GC Threshold) 34M->12M(240M) 62.635ms
[2026-10-02T08:06:13.626+0000][4.484s][3928] GC(2) Pause Young (Allocation Failure) 75M->17M(240M) 17.499ms
[2026-10-02T08:06:13.842+0000][4.700s][3928] GC(3) Pause Full (Metadata GC Threshold) 23M->17M(240M) 41.518ms
[2026-10-02T08:06:15.616+0000][6.474s][3928] GC(4) Pause Young (Allocation Failure) 80M->28M(240M) 18.507ms
[2026-10-02T08:06:16.268+0000][7.126s][3928] GC(5) Pause Young (Allocation Failure) 91M->45M(240M) 50.551ms
[2026-10-02T08:06:16.767+0000][7.625s][3928] GC(6) Pause Young (Allocation Failure) 108M->63M(240M) 30.570ms
[2026-10-02T08:06:17.889+0000][8.747s][3928] GC(7) Pause Young (Allocation Failure) 126M->77M(326M) 45.811ms
[2026-10-02T08:06:20.581+0000][11.439s][3928] GC(8) Pause Young (Allocation Failure) 202M->106M(327M) 73.631ms
[2026-10-02T08:06:22.779+0000][13.637s][3928] GC(9) Pause Young (Allocation Failure) 230M->133M(452M) 113.507ms
[2026-10-02T08:06:25.396+0000][16.254s][3928] GC(10) Pause Full (Metadata GC Threshold) 246M->150M(452M) 365.189ms
[2026-10-02T08:06:29.990+0000][20.848s][3928] GC(11) Pause Young (Allocation Failure) 384M->194M(467M) 62.586ms
[2026-10-02T08:06:34.943+0000][25.801s][3928] GC(12) Pause Young (Allocation Failure) 429M->213M(602M) 81.734ms
[2026-10-02T08:06:40.014+0000][30.872s][3928] GC(13) Pause Young (Allocation Failure) 580M->258M(642M) 202.781ms
[2026-10-02T08:06:44.245+0000][35.104s][3928] GC(14) Pause Young (Allocation Failure) 625M->221M(875M) 31.290ms
[2026-10-02T08:06:46.174+0000][37.032s][3928] GC(15) Pause Young (Allocation Failure) 808M->366M(954M) 206.615ms
[2026-10-02T08:06:48.730+0000][39.588s][3928] GC(16) Pause Full (Metadata GC Threshold) 744M->247M(954M) 701.602ms
[2026-10-02T08:06:50.927+0000][41.785s][3928] GC(17) Pause Young (Allocation Failure) 834M->319M(1181M) 167.251ms
[2026-10-02T08:06:53.238+0000][44.096s][3928] GC(18) Pause Young (Allocation Failure) 1092M->416M(1190M) 211.159ms
[2026-10-02T08:06:54.749+0000][45.607s][3928] GC(19) Pause Young (Allocation Failure) 1189M->502M(1296M) 296.654ms
[2026-10-02T08:06:56.094+0000][46.953s][3928] GC(20) Pause Young (Allocation Failure) 1246M->599M(1344M) 307.110ms
[2026-10-02T08:06:57.508+0000][48.366s][3928] GC(21) Pause Young (Allocation Failure) 1343M->686M(1471M) 320.476ms
[2026-10-02T08:06:59.052+0000][49.911s][3928] GC(22) Pause Young (Allocation Failure) 1413M->779M(1507M) 322.614ms
[2026-10-02T08:07:00.450+0000][51.308s][3928] GC(23) Pause Young (Allocation Failure) 1506M->875M(1647M) 327.446ms
[2026-10-02T08:07:03.184+0000][54.042s][3928] GC(24) Pause Young (Allocation Failure) 1592M->972M(1689M) 402.016ms
[2026-10-02T08:07:08.825+0000][59.684s][3928] GC(25) Pause Young (Allocation Failure) 1689M->1062M(1841M) 376.304ms
[2026-10-02T08:07:12.933+0000][63.792s][3928] GC(26) Pause Young (Allocation Failure) 1777M->1124M(1840M) 413.678ms
[2026-10-02T08:07:15.379+0000][66.237s][3928] GC(27) Pause Young (Allocation Failure) 1839M->1148M(1986M) 211.930ms
[2026-10-02T08:07:17.317+0000][68.175s][3928] GC(28) Pause Young (Allocation Failure) 1862M->1192M(2010M) 127.078ms
[2026-10-02T08:07:23.594+0000][74.452s][3928] GC(29) Pause Young (Allocation Failure) 1906M->1318M(2041M) 321.974ms
[2026-10-02T08:07:26.380+0000][77.238s][3928] GC(30) Pause Young (Allocation Failure) 2023M->1463M(2169M) 406.804ms
[2026-10-02T08:07:27.721+0000][78.579s][3928] GC(31) Pause Young (Allocation Failure) 2168M->1581M(2288M) 315.314ms
[2026-10-02T08:07:28.983+0000][79.842s][3928] GC(32) Pause Young (Allocation Failure) 2237M->1687M(2422M) 287.401ms
[2026-10-02T08:07:30.176+0000][81.034s][3928] GC(33) Pause Young (Allocation Failure) 2343M->1795M(2523M) 281.507ms
[2026-10-02T08:07:31.443+0000][82.302s][3928] GC(34) Pause Young (Allocation Failure) 2452M->1868M(2634M) 274.262ms
[2026-10-02T08:07:32.769+0000][83.627s][3928] GC(35) Pause Young (Allocation Failure) 2526M->1940M(2704M) 231.480ms
[2026-10-02T08:07:36.924+0000][87.782s][3928] GC(36) Pause Young (Allocation Failure) 2609M->2005M(2777M) 330.076ms
[2026-10-02T08:07:40.104+0000][90.962s][3928] GC(37) Pause Full (Allocation Failure) 2674M->1866M(2901M) 1864.712ms
[2026-10-02T08:07:42.494+0000][93.353s][3928] GC(38) Pause Young (Allocation Failure) 2556M->1933M(2901M) 294.732ms
[2026-10-02T08:07:47.381+0000][98.240s][3928] GC(39) Pause Young (Allocation Failure) 2623M->2013M(2899M) 292.390ms
[2026-10-02T08:07:53.207+0000][104.065s][3928] GC(40) Pause Full (Allocation Failure) 2716M->2021M(2901M) 1511.477ms
[2026-10-02T08:07:58.371+0000][109.230s][3928] GC(41) Pause Full (Allocation Failure) 2724M->2117M(2901M) 1584.820ms
[2026-10-02T08:08:03.602+0000][114.461s][3928] GC(42) Pause Full (Allocation Failure) 2750M->2057M(2901M) 2017.266ms
[2026-10-02T08:08:08.582+0000][119.440s][3928] GC(43) Pause Full (Allocation Failure) 2750M->2085M(2901M) 2841.165ms
[2026-10-02T08:08:16.721+0000][127.579s][3928] GC(44) Pause Full (Allocation Failure) 2751M->2136M(2901M) 2856.528ms
[2026-10-02T08:08:22.818+0000][133.676s][3928] GC(45) Pause Full (Allocation Failure) 2750M->2157M(2901M) 2668.182ms
[2026-10-02T08:08:29.539+0000][140.397s][3928] GC(46) Pause Full (Allocation Failure) 2750M->2194M(2901M) 2589.583ms
[2026-10-02T08:08:33.849+0000][144.707s][3928] GC(47) Pause Full (Allocation Failure) 2750M->2221M(2901M) 1904.371ms
[2026-10-02T08:08:37.696+0000][148.554s][3928] GC(48) Pause Full (Allocation Failure) 2751M->2269M(2901M) 1985.880ms
[2026-10-02T08:08:42.404+0000][153.263s][3928] GC(49) Pause Full (Allocation Failure) 2750M->2346M(2901M) 2071.561ms
[2026-10-02T08:08:45.680+0000][156.538s][3928] GC(50) Pause Full (Allocation Failure) 2750M->2495M(2901M) 2060.911ms
[2026-10-02T08:08:48.504+0000][159.362s][3928] GC(51) Pause Full (Allocation Failure) 2750M->2589M(2901M) 2135.623ms
[2026-10-02T08:08:51.062+0000][161.920s][3928] GC(52) Pause Full (Allocation Failure) 2750M->2649M(2901M) 2193.977ms
[2026-10-02T08:08:53.571+0000][164.429s][3928] GC(53) Pause Full (Allocation Failure) 2750M->2689M(2901M) 2266.272ms
[2026-10-02T08:08:55.992+0000][166.851s][3928] GC(54) Pause Full (Allocation Failure) 2750M->2715M(2901M) 2289.158ms
[2026-10-02T08:08:58.382+0000][169.240s][3928] GC(55) Pause Full (Allocation Failure) 2750M->2730M(2901M) 2300.320ms
[2026-10-02T08:09:00.746+0000][171.604s][3928] GC(56) Pause Full (Allocation Failure) 2750M->2738M(2901M) 2323.643ms
[2026-10-02T08:09:03.088+0000][173.946s][3928] GC(57) Pause Full (Allocation Failure) 2751M->2743M(2901M) 2317.140ms
[2026-10-02T08:09:05.403+0000][176.261s][3928] GC(58) Pause Full (Allocation Failure) 2750M->2746M(2901M) 2299.825ms
[2026-10-02T08:09:07.786+0000][178.644s][3928] GC(59) Pause Full (Allocation Failure) 2750M->2748M(2901M) 2368.894ms
[2026-10-02T08:09:10.105+0000][180.963s][3928] GC(60) Pause Full (Allocation Failure) 2750M->2749M(2901M) 2301.209ms
[2026-10-02T08:09:12.393+0000][183.252s][3928] GC(61) Pause Full (Allocation Failure) 2750M->2749M(2901M) 2283.138ms
[2026-10-02T08:09:14.677+0000][185.535s][3928] GC(62) Pause Full (Allocation Failure) 2751M->2750M(2901M) 2279.471ms
[2026-10-02T08:09:16.824+0000][187.683s][3928] GC(63) Pause Full (Allocation Failure) 2751M->2750M(2901M) 2143.573ms
[2026-10-02T08:09:18.709+0000][189.567s][3928] GC(64) Pause Full (Allocation Failure) 2750M->2750M(2901M) 1882.586ms
[2026-10-02T08:09:20.988+0000][191.846s][3928] GC(65) Pause Full (Allocation Failure) 2750M->2750M(2901M) 2275.907ms
[2026-10-02T08:09:22.863+0000][193.721s][3928] GC(66) Pause Full (Allocation Failure) 2750M->2750M(2901M) 1873.993ms
[2026-10-02T08:09:24.744+0000][195.602s][3928] GC(67) Pause Full (Allocation Failure) 2750M->2750M(2901M) 1879.585ms
[2026-10-02T08:09:27.156+0000][198.015s][3928] GC(68) Pause Full (Allocation Failure) 2750M->2750M(2901M) 2411.934ms
[2026-10-02T08:09:29.584+0000][200.442s][3928] GC(69) Pause Full (Allocation Failure) 2750M->2750M(2901M) 2427.043ms
[2026-10-02T08:09:31.836+0000][202.694s][3928] GC(70) Pause Full (Allocation Failure) 2750M->2750M(2901M) 2250.864ms
[2026-10-02T08:09:33.719+0000][204.577s][3928] GC(71) Pause Full (Allocation Failure) 2750M->2750M(2901M) 1881.950ms
[2026-10-02T08:09:35.836+0000][206.694s][3928] GC(72) Pause Full (Allocation Failure) 2750M->2750M(2901M) 2116.727ms
[2026-10-02T08:09:37.774+0000][208.632s][3928] GC(73) Pause Full (Allocation Failure) 2750M->2750M(2901M) 1937.428ms
[2026-10-02T08:09:39.663+0000][210.521s][3928] GC(74) Pause Full (Allocation Failure) 2750M->2750M(2901M) 1888.542ms
[2026-10-02T08:09:41.553+0000][212.411s][3928] GC(75) Pause Full (Allocation Failure) 2750M->2750M(2901M) 1888.920ms
[2026-10-02T08:09:43.467+0000][214.325s][3928] GC(76) Pause Full (Allocation Failure) 2750M->2750M(2901M) 1913.274ms
[2026-10-02T08:09:45.374+0000][216.232s][3928] GC(77) Pause Full (Allocation Failure) 2750M->2750M(2901M) 1905.877ms
[2026-10-02T08:09:47.254+0000][218.113s][3928] GC(78) Pause Full (Allocation Failure) 2750M->2750M(2901M) 1880.221ms
[2026-10-02T08:09:49.143+0000][220.001s][3928] GC(79) Pause Full (Allocation Failure) 2750M->2750M(2901M) 1888.242ms
[2026-10-02T08:09:51.044+0000][221.902s][3928] GC(80) Pause Full (Allocation Failure) 2750M->2750M(2901M) 1900.217ms
[2026-10-02T08:09:52.942+0000][223.800s][3928] GC(81) Pause Full (Allocation Failure) 2750M->2750M(2901M) 1897.788ms
[2026-10-02T08:09:54.832+0000][225.690s][3928] GC(82) Pause Full (Allocation Failure) 2750M->2750M(2901M) 1889.475ms
[2026-10-02T08:09:56.728+0000][227.586s][3928] GC(83) Pause Full (Allocation Failure) 2750M->2750M(2901M) 1895.652ms
[2026-10-02T08:09:58.632+0000][229.491s][3928] GC(84) Pause Full (Allocation Failure) 2750M->2750M(2901M) 1904.353ms
[2026-10-02T08:10:00.993+0000][231.851s][3928] GC(85) Pause Full (Allocation Failure) 2750M->2505M(2901M) 2360.092ms
[2026-10-02T08:10:03.947+0000][234.806s][3928] GC(86) Pause Full (Allocation Failure) 2750M->2583M(2901M) 2359.175ms
[2026-10-02T08:10:06.699+0000][237.558s][3928] GC(87) Pause Full (Allocation Failure) 2750M->2652M(2901M) 2430.551ms
[2026-10-02T08:10:09.388+0000][240.246s][3928] GC(88) Pause Full (Allocation Failure) 2750M->2692M(2901M) 2470.635ms
[2026-10-02T08:10:11.979+0000][242.838s][3928] GC(89) Pause Full (Allocation Failure) 2751M->2716M(2901M) 2485.938ms
[2026-10-02T08:10:14.578+0000][245.436s][3928] GC(90) Pause Full (Allocation Failure) 2750M->2729M(2901M) 2510.617ms
[2026-10-02T08:10:17.173+0000][248.032s][3928] GC(91) Pause Full (Allocation Failure) 2750M->2737M(2901M) 2537.728ms
[2026-10-02T08:10:19.696+0000][250.554s][3928] GC(92) Pause Full (Allocation Failure) 2750M->2742M(2901M) 2489.060ms
[2026-10-02T08:10:22.217+0000][253.076s][3928] GC(93) Pause Full (Allocation Failure) 2750M->2745M(2901M) 2507.564ms
[2026-10-02T08:10:24.755+0000][255.613s][3928] GC(94) Pause Full (Allocation Failure) 2750M->2747M(2901M) 2519.954ms
[2026-10-02T08:10:27.272+0000][258.130s][3928] GC(95) Pause Full (Allocation Failure) 2750M->2748M(2901M) 2510.380ms
[2026-10-02T08:10:29.823+0000][260.681s][3928] GC(96) Pause Full (Allocation Failure) 2750M->2749M(2901M) 2543.238ms
[2026-10-02T08:10:32.322+0000][263.181s][3928] GC(97) Pause Full (Allocation Failure) 2751M->2750M(2901M) 2495.714ms
[2026-10-02T08:10:34.840+0000][265.698s][3928] GC(98) Pause Full (Allocation Failure) 2751M->2750M(2901M) 2515.293ms
[2026-10-02T08:10:37.372+0000][268.230s][3928] GC(99) Pause Full (Allocation Failure) 2750M->2750M(2901M) 2529.256ms
[2026-10-02T08:10:39.918+0000][270.776s][3928] GC(100) Pause Full (Allocation Failure) 2750M->2750M(2901M) 2544.249ms
[2026-10-02T08:10:41.989+0000][272.847s][3928] GC(101) Pause Full (Allocation Failure) 2750M->2750M(2901M) 2069.777ms
[2026-10-02T08:10:44.069+0000][274.928s][3928] GC(102) Pause Full (Allocation Failure) 2750M->2750M(2901M) 2077.844ms
[2026-10-02T08:10:46.147+0000][277.005s][3928] GC(103) Pause Full (Allocation Failure) 2750M->2750M(2901M) 2075.884ms
[2026-10-02T08:10:48.218+0000][279.076s][3928] GC(104) Pause Full (Allocation Failure) 2750M->2750M(2901M) 2070.271ms
[2026-10-02T08:10:50.288+0000][281.146s][3928] GC(105) Pause Full (Allocation Failure) 2750M->2750M(2901M) 2069.017ms
[2026-10-02T08:10:52.347+0000][283.205s][3928] GC(106) Pause Full (Allocation Failure) 2750M->2750M(2901M) 2058.324ms
[2026-10-02T08:10:54.934+0000][285.792s][3928] GC(107) Pause Full (Allocation Failure) 2750M->2750M(2901M) 2585.875ms
[2026-10-02T08:10:57.019+0000][287.877s][3928] GC(108) Pause Full (Allocation Failure) 2750M->2750M(2901M) 2084.056ms
[2026-10-02T08:10:59.098+0000][289.956s][3928] GC(109) Pause Full (Allocation Failure) 2751M->2750M(2901M) 2078.543ms
[2026-10-02T08:11:01.162+0000][292.020s][3928] GC(110) Pause Full (Allocation Failure) 2751M->2750M(2901M) 2063.584ms
[2026-10-02T08:11:03.239+0000][294.097s][3928] GC(111) Pause Full (Allocation Failure) 2750M->2750M(2901M) 2076.211ms
[2026-10-02T08:11:05.324+0000][296.182s][3928] GC(112) Pause Full (Allocation Failure) 2751M->2750M(2901M) 2083.578ms
[2026-10-02T08:11:07.399+0000][298.258s][3928] GC(113) Pause Full (Allocation Failure) 2751M->2750M(2901M) 2075.217ms
[2026-10-02T08:11:09.485+0000][300.343s][3928] GC(114) Pause Full (Allocation Failure) 2750M->2750M(2901M) 2085.264ms
[2026-10-02T08:11:11.576+0000][302.434s][3928] GC(115) Pause Full (Allocation Failure) 2751M->2750M(2901M) 2090.264ms
[2026-10-02T08:11:14.238+0000][305.097s][3928] GC(116) Pause Full (Allocation Failure) 2750M->2750M(2901M) 2662.352ms
[2026-10-02T08:11:16.314+0000][307.172s][3928] GC(117) Pause Full (Allocation Failure) 2750M->2750M(2901M) 2075.317ms
[2026-10-02T08:11:18.379+0000][309.237s][3928] GC(118) Pause Full (Allocation Failure) 2750M->2750M(2901M) 2063.574ms
[2026-10-02T08:11:20.442+0000][311.300s][3928] GC(119) Pause Full (Allocation Failure) 2750M->2750M(2901M) 2062.198ms
[2026-10-02T08:11:22.507+0000][313.365s][3928] GC(120) Pause Full (Allocation Failure) 2750M->2750M(2901M) 2065.167ms
[2026-10-02T08:11:24.578+0000][315.436s][3928] GC(121) Pause Full (Allocation Failure) 2750M->2750M(2901M) 2070.452ms
[2026-10-02T08:11:26.643+0000][317.501s][3928] GC(122) Pause Full (Allocation Failure) 2750M->2750M(2901M) 2064.033ms
[2026-10-02T08:11:28.767+0000][319.625s][3928] GC(123) Pause Full (Allocation Failure) 2750M->2750M(2901M) 2124.122ms
[2026-10-02T08:11:30.455+0000][321.313s][3928] GC(124) Pause Full (Allocation Failure) 2750M->1918M(2901M) 1687.480ms
[2026-10-02T08:11:33.636+0000][324.495s][3928] GC(125) Pause Full (Allocation Failure) 2621M->473M(1621M) 506.950ms
[2026-10-02T08:11:35.646+0000][326.505s][3928] GC(126) Pause Young (Allocation Failure) 1196M->577M(1576M) 61.995ms
